-- The C compiler identification is GNU 13.3.0
-- The CXX compiler identification is GNU 13.3.0
-- Detecting C compiler ABI info
-- Detecting C compiler ABI info - done
-- Check for working C compiler: /usr/bin/cc - skipped
-- Detecting C compile features
-- Detecting C compile features - done
-- Detecting CXX compiler ABI info
-- Detecting CXX compiler ABI info - done
-- Check for working CXX compiler: /usr/bin/c++ - skipped
-- Detecting CXX compile features
-- Detecting CXX compile features - done
-- Found PkgConfig: /usr/bin/pkg-config (found version "1.8.1")
-- Checking for module 'fftw3'
--   Found fftw3, version 3.3.10
-- Checking for module 'fftw3f'
--   Found fftw3f, version 3.3.10
-- Found OpenMP_CXX: -fopenmp (found version "4.5")
-- Found OpenMP: TRUE (found version "4.5") found components: CXX
-- Found TIFF: /usr/lib/x86_64-linux-gnu/libtiff.so (found version "4.5.1")
-- Found ZLIB: /usr/lib/x86_64-linux-gnu/libz.so (found version "1.3")
-- Found PNG: /usr/lib/x86_64-linux-gnu/libpng.so (found version "1.6.43")
-- Found JPEG: /usr/lib/x86_64-linux-gnu/libjpeg.so (found version "80")
-- Found Python3: /home/ubuntu/.mc-venv/bin/python (found version "3.12.3") found components: Interpreter
-- Configuring done (1.1s)
-- Generating done (0.0s)
-- Build files have been written to: /home/ubuntu/mc-integrate-a90c42be-20260929/build2
