          detected  partition preflight disabled
                     detected  case_output_name_collision
                     detected  case_duplicate_movie_in_input
                     detected  case_collapsed_spaces_are_a_collision
          detected  empty-shard guard removed
                     detected  case_empty_shard_rejected
          detected  shards re-serialized from parsed values instead of original bytes
                     detected  case_roundtrip_and_metadata
                     detected  case_clean_merge
          detected  C++-reader refusals removed from the STAR parser
                     detected  case_star_parser_refusals
          detected  decorated-output collision preflight removed
                     detected  case_decorated_output_collision
          detected  output attribution falls back to naive suffix stripping
                     detected  case_real_output_suffixes_attributed
          detected  per-worker aggregates published into the merged tree
                     detected  case_clean_merge
          detected  lost-output check removed from the merge
                     detected  case_lost_output
          detected  duplicate-output check removed from the merge
                     detected  case_duplicate_and_misrouted_output
          detected  misrouted check removed from the merge
                     detected  case_duplicate_and_misrouted_output
                     detected  case_real_output_suffixes_attributed
          detected  unassigned-output check removed from the merge
                     detected  case_unassigned_movie_output
          detected  worker exit codes no longer gate the merge
                     detected  case_failed_worker_blocks_merge
                     detected  case_killed_worker_then_nonprefix_resume
          detected  missing --status no longer refuses the merge
                     detected  case_missing_status_blocks_merge
          detected  distinct-device assertion removed from the GPU witness
                     detected  case_gpu_witness_logic
          detected  unwitnessed PIDs counted as witnessed
                     detected  case_gpu_witness_logic
          detected  aggregate row-order check removed from the merge
                     detected  case_aggregate_wrong_order_rejected
          detected  aggregate extra arguments dropped instead of forwarded
                     detected  case_aggregate_star_canonical_order
          detected  launcher verdict no longer gates the merge
                     detected  case_failed_device_witness_blocks_merge
          detected  aggregate-name match moved back ahead of attribution
                     detected  case_aggregate_name_shadowing
          detected  reserved-name preflight removed
                     detected  case_reserved_name_collision
          detected  short rows silently accepted
                     detected  case_short_row_refused
          detected  output_root strips the extension only within the basename
                     detected  case_output_root_matches_withoutextension
          detected  --link no longer refused alongside --aggregate-with
                     detected  case_link_with_aggregate_refused
          detected  missing worker directory no longer reported
                     detected  case_missing_worker_directory
          detected  per-worker CPU masks collapse to one shared mask
                     detected  case_per_worker_cpu_masks
          detected  sampler stop flag shadows threading.Thread._stop again
                     detected  case_sampler_lifecycle
          detected  resource sampler stop flag shadows threading.Thread._stop
                     detected  case_sampler_lifecycle
          detected  sampler backend errors no longer recorded
                     detected  case_sampler_lifecycle
                     detected  case_launcher_verdict_follows_the_device_witness
          detected  --devices with --no-witness accepted again
                     detected  case_devices_with_no_witness_refused
          detected  compare24 keys reports by basename again
                     detected  case_compare24_report_identity
          detected  merge matches absolute roots without normalizing
                     detected  case_absolute_movie_roots_attributed
          detected  merge completeness check un-normalizes the root
                     detected  case_absolute_movie_roots_attributed
          detected  aggregate step runs even when staging failed
                     detected  case_failed_staging_never_reprocesses
          detected  merge --out no longer resolved
                     detected  case_merge_out_is_resolved
          detected  comparison report identity is not injective
                     detected  case_compare24_injective_report_identity
          detected  reused reports no longer validated against their root
                     detected  case_compare24_injective_report_identity
          detected  collision preflight uses raw roots again
                     detected  case_normalized_root_collision_refused
          detected  merge drops the duplicate-coverage guard
                     detected  case_duplicate_coverage_and_zero_pairs_rejected
          detected  zero-pair manifest accepted by the comparator
                     detected  case_duplicate_coverage_and_zero_pairs_rejected
          detected  duplicate normalized roots accepted by the comparator
                     detected  case_duplicate_coverage_and_zero_pairs_rejected
          detected  empty manifest accepted by the merge
                     detected  case_duplicate_coverage_and_zero_pairs_rejected
          detected  manifest publishes raw rather than canonical output roots
                     detected  case_normalized_root_collision_refused
          detected  worker-relative root stops collapsing interior separators
                     detected  case_interior_double_slash_is_the_same_product
          detected  duplicate coverage overwrites the owner and invents misroutes
                     detected  case_interior_double_slash_is_the_same_product
          detected  reuse sidecar records only the root again
                     detected  case_reuse_pins_the_trees_not_just_the_root
          detected  launcher no longer refuses an existing --out
                     detected  case_launcher_refuses_cpu_gpu_confusion
          detected  merge stops binding the status file to the manifest being merged
                     detected  case_stale_status_is_refused
          detected  merge accepts a status that names no manifest
                     detected  case_stale_status_is_refused
          detected  merge stops checking the status manifest digest
                     detected  case_stale_status_is_refused
          detected  merge stops checking that each recorded worker log is under its directory
                     detected  case_stale_status_is_refused
          detected  merge collapses a movie named twice in the canonical list
                     detected  case_duplicate_movie_name_refused
          detected  merge collapses a movie named twice inside one shard
                     detected  case_duplicate_movie_name_refused
          detected  launcher stops refusing worker arguments that override its own options
                     detected  case_worker_args_may_not_override_launcher_options
          detected  merge stops noticing that the aggregate pass rewrote staged products
                     detected  case_aggregate_may_not_rewrite_staged_products
          detected  comparator report is no longer removed before a fresh comparison
                     detected  case_stale_comparison_report_is_not_republished
          detected  a missing fresh report no longer blocks publishing the origin sidecar
                     detected  case_stale_comparison_report_is_not_republished
          detected  reuse provenance stops pinning the comparator's contents
                     detected  case_stale_comparison_report_is_not_republished
          detected  launcher verdict ignores the device witness entirely
                     detected  case_launcher_verdict_follows_the_device_witness
          detected  a failed device witness no longer fails the run
                     detected  case_launcher_verdict_follows_the_device_witness
          detected  a sampler that died partway no longer fails the run
                     detected  case_launcher_verdict_follows_the_device_witness
          detected  the sampler only records nvidia-smi errors, not any other death
                     detected  case_launcher_verdict_follows_the_device_witness
          detected  two workers on one physical device stop counting as shared
                     detected  case_gpu_witness_logic
                     detected  case_launcher_verdict_follows_the_device_witness
          detected  the witness verdict no longer composes its own findings
                     detected  case_gpu_witness_logic
                     detected  case_launcher_verdict_follows_the_device_witness
          detected  merge accepts a PASS its own witness record contradicts
                     detected  case_launcher_verdict_follows_the_device_witness
          detected  launcher waits on its children sequentially again
                     detected  case_per_worker_timing_and_rss_recorded
          detected  resident-set high-water is never recorded
                     detected  case_per_worker_timing_and_rss_recorded
          detected  partition stops reserving the aggregate staging namespace
                     detected  case_aggregate_staging_namespace_reserved
          detected  merge stops refusing a movie in the aggregate staging namespace
                     detected  case_aggregate_staging_namespace_reserved
          detected  comparator exit code no longer has to match its own report
                     detected  case_comparator_exit_must_match_its_report
          detected  comparison input identity trusts only size and mtime again
                     detected  case_reuse_pins_the_trees_not_just_the_root
          detected  reused report contents are not verified
                     detected  case_reuse_pins_the_trees_not_just_the_root
          detected  comparison origin no longer binds the partition manifest
                     detected  case_reuse_pins_the_trees_not_just_the_root
          detected  aggregate input content guard removed before staging
                     detected  case_aggregate_star_must_match_partition_content
          detected  aggregate arguments override verified input and output paths
                     detected  case_aggregate_args_may_not_override_owned_paths
          detected  GPU PASS may omit its witness
                     detected  case_launcher_verdict_follows_the_device_witness
          detected  GPU witness may be relabelled as CPU by dropping intended devices
                     detected  case_launcher_verdict_follows_the_device_witness
          detected  GPU PASS ignores sampler failures
                     detected  case_launcher_verdict_follows_the_device_witness
          detected  GPU PASS ignores observed PID to UUID evidence
                     detected  case_launcher_verdict_follows_the_device_witness
          detected  launcher TERM handlers are not installed
                     detected  case_launcher_signal_reaps_owned_process_group
          detected  worker inherits blocked TERM across exec
                     detected  case_launcher_signal_reaches_cooperative_worker
          detected  interrupt is raised before spawn ownership is recorded
                     detected  case_launcher_signal_during_spawn_keeps_child_owned
          detected  merge accepts an empty required-product list
                     detected  case_empty_required_products_refused
          detected  launcher mistakes zombie-only groups for live survivors
                     detected  case_launcher_signal_reaps_owned_process_group

83/83 mutations detected
