main 1a99da0 cand 866c14f
default main rc=0
eo main rc=0
eo_nodw main rc=0
bin_late main rc=0
bin_late_dw main rc=0
cpu main rc=0
mixed main rc=0
mixed_dw main rc=0
default cand rc=0
eo cand rc=0
eo_nodw cand rc=0
bin_late cand rc=0
bin_late_dw cand rc=0
cpu cand rc=0
mixed cand rc=0
mixed_dw cand rc=0
default cand_poison rc=0
eo_nodw cand_poison rc=0
mixed_dw cand_poison rc=0
== default cand: IDENTICAL mrc=4 other=17 pdf_inventoried=4 files=29/29 
== eo cand: IDENTICAL mrc=12 other=17 pdf_inventoried=4 files=37/37 
== eo_nodw cand: IDENTICAL mrc=16 other=17 pdf_inventoried=4 files=41/41 
== bin_late cand: IDENTICAL mrc=16 other=17 pdf_inventoried=4 files=41/41 
== bin_late_dw cand: IDENTICAL mrc=4 other=17 pdf_inventoried=4 files=29/29 
== cpu cand: IDENTICAL mrc=16 other=17 pdf_inventoried=4 files=41/41 
== mixed cand: IDENTICAL mrc=20 other=19 pdf_inventoried=4 files=48/48 
== mixed_dw cand: IDENTICAL mrc=5 other=19 pdf_inventoried=4 files=33/33 
== default cand_poison: IDENTICAL mrc=4 other=17 pdf_inventoried=4 files=29/29 
== eo_nodw cand_poison: IDENTICAL mrc=16 other=17 pdf_inventoried=4 files=41/41 
== mixed_dw cand_poison: IDENTICAL mrc=5 other=19 pdf_inventoried=4 files=33/33 
== control inventory (main eo vs main eo_nodw): DIFFERENT mrc=12 other=17 pdf_inventoried=4 files=37/41
== control payload bit flip (main default vs flipped copy): DIFFERENT mrc=4 other=17 pdf_inventoried=4 files=29/29
      4 Dose-weighting scratch borrowed from the consumed real-space movie
borrow lines in cand eo_nodw logs: 0
IDM-DONE
