[faultinject] cudaGetDeviceCount #1
Using CUDA acceleration on GPU device 0 for global alignment.
 Using our own implementation based on MOTIONCOR2 algorithm
 to correct beam-induced motion for the following micrographs: 
  * /home/alex/MotionCorr-standalone/relion30_tutorial/Movies/20170629_00021_frameImage.tiff
 Correcting beam-induced motions using our own implementation ...
000/??? sec ~~(,_,">                                                          [oo][faultinject] cudaGetDeviceCount #2
[faultinject] INJECTING cudaSuccess at cudaGetDeviceCount #2; last-error clean
[faultinject] cudaGetDeviceCount #3
[faultinject] cudaMalloc #1 size=56955920
[faultinject] cudaMalloc #2 size=56986624
[faultinject] cudaMalloc #3 size=1367678976
[faultinject] cudaGetDeviceCount #4
[faultinject] cudaMalloc #4 size=3786912
[faultinject] cudaMalloc #5 size=1893456
[faultinject] cudaMalloc #6 size=90885888
[faultinject] cudaMalloc #7 size=90699264
[faultinject] cudaMalloc #8 size=96
[faultinject] cudaMalloc #9 size=96
[faultinject] cudaMalloc #10 size=96
[faultinject] cudaMalloc #11 size=96
[faultinject] cudaGetDeviceCount #5
[faultinject] cudaMalloc #12 size=1366942080
[faultinject] cudaMalloc #13 size=56986624
[faultinject] cudaGetDeviceCount #6
[faultinject] cudaMalloc #14 size=151642368
[faultinject] cudaMalloc #15 size=151887744
[faultinject] cudaMalloc #16 size=96
[faultinject] cudaMalloc #17 size=96
[faultinject] cudaMalloc #18 size=151887744
[faultinject] cudaGetDeviceCount #7
[faultinject] cudaMalloc #19 size=422496
[faultinject] cudaMalloc #20 size=211248
[faultinject] cudaMalloc #21 size=10139904
[faultinject] cudaMalloc #22 size=10077696
[faultinject] cudaMalloc #23 size=96
[faultinject] cudaMalloc #24 size=96
[faultinject] cudaMalloc #25 size=96
[faultinject] cudaMalloc #26 size=96
[faultinject] cudaGetDeviceCount #8
[faultinject] cudaMalloc #27 size=151642368
[faultinject] cudaMalloc #28 size=151887744
[faultinject] cudaMalloc #29 size=96
[faultinject] cudaMalloc #30 size=96
[faultinject] cudaMalloc #31 size=151887744
[faultinject] cudaGetDeviceCount #9
[faultinject] cudaMalloc #32 size=422496
[faultinject] cudaMalloc #33 size=211248
[faultinject] cudaMalloc #34 size=10139904
[faultinject] cudaMalloc #35 size=10077696
[faultinject] cudaMalloc #36 size=96
[faultinject] cudaMalloc #37 size=96
[faultinject] cudaMalloc #38 size=96
[faultinject] cudaMalloc #39 size=96
[faultinject] cudaGetDeviceCount #10
[faultinject] cudaMalloc #40 size=151642368
[faultinject] cudaMalloc #41 size=151887744
[faultinject] cudaMalloc #42 size=96
[faultinject] cudaMalloc #43 size=96
[faultinject] cudaMalloc #44 size=151887744
[faultinject] cudaGetDeviceCount #11
[faultinject] cudaMalloc #45 size=422496
[faultinject] cudaMalloc #46 size=211248
[faultinject] cudaMalloc #47 size=10139904
[faultinject] cudaMalloc #48 size=10077696
[faultinject] cudaMalloc #49 size=96
[faultinject] cudaMalloc #50 size=96
[faultinject] cudaMalloc #51 size=96
[faultinject] cudaMalloc #52 size=96
[faultinject] cudaGetDeviceCount #12
[faultinject] cudaMalloc #53 size=151642368
[faultinject] cudaMalloc #54 size=151887744
[faultinject] cudaMalloc #55 size=96
[faultinject] cudaMalloc #56 size=96
[faultinject] cudaMalloc #57 size=151887744
[faultinject] cudaGetDeviceCount #13
[faultinject] cudaMalloc #58 size=422496
[faultinject] cudaMalloc #59 size=211248
[faultinject] cudaMalloc #60 size=10139904
[faultinject] cudaMalloc #61 size=10077696
[faultinject] cudaMalloc #62 size=96
[faultinject] cudaMalloc #63 size=96
[faultinject] cudaMalloc #64 size=96
[faultinject] cudaMalloc #65 size=96
[faultinject] cudaGetDeviceCount #14
[faultinject] cudaMalloc #66 size=151642368
[faultinject] cudaMalloc #67 size=151887744
[faultinject] cudaMalloc #68 size=96
[faultinject] cudaMalloc #69 size=96
[faultinject] cudaMalloc #70 size=151887744
[faultinject] cudaGetDeviceCount #15
[faultinject] cudaMalloc #71 size=422496
[faultinject] cudaMalloc #72 size=211248
[faultinject] cudaMalloc #73 size=10139904
[faultinject] cudaMalloc #74 size=10077696
[faultinject] cudaMalloc #75 size=96
[faultinject] cudaMalloc #76 size=96
[faultinject] cudaMalloc #77 size=96
[faultinject] cudaMalloc #78 size=96
[faultinject] cudaGetDeviceCount #16
[faultinject] cudaMalloc #79 size=151642368
[faultinject] cudaMalloc #80 size=151887744
[faultinject] cudaMalloc #81 size=96
[faultinject] cudaMalloc #82 size=96
[faultinject] cudaMalloc #83 size=151887744
[faultinject] cudaGetDeviceCount #17
[faultinject] cudaMalloc #84 size=422496
[faultinject] cudaMalloc #85 size=211248
[faultinject] cudaMalloc #86 size=10139904
[faultinject] cudaMalloc #87 size=10077696
[faultinject] cudaMalloc #88 size=96
[faultinject] cudaMalloc #89 size=96
[faultinject] cudaMalloc #90 size=96
[faultinject] cudaMalloc #91 size=96
[faultinject] cudaGetDeviceCount #18
[faultinject] cudaMalloc #92 size=151642368
[faultinject] cudaMalloc #93 size=151887744
[faultinject] cudaMalloc #94 size=96
[faultinject] cudaMalloc #95 size=96
[faultinject] cudaMalloc #96 size=151887744
[faultinject] cudaGetDeviceCount #19
[faultinject] cudaMalloc #97 size=422496
[faultinject] cudaMalloc #98 size=211248
[faultinject] cudaMalloc #99 size=10139904
[faultinject] cudaMalloc #100 size=10077696
[faultinject] cudaMalloc #101 size=96
[faultinject] cudaMalloc #102 size=96
[faultinject] cudaMalloc #103 size=96
[faultinject] cudaMalloc #104 size=96
[faultinject] cudaGetDeviceCount #20
[faultinject] cudaMalloc #105 size=151642368
[faultinject] cudaMalloc #106 size=151887744
[faultinject] cudaMalloc #107 size=96
[faultinject] cudaMalloc #108 size=96
[faultinject] cudaMalloc #109 size=151887744
[faultinject] cudaGetDeviceCount #21
[faultinject] cudaMalloc #110 size=422496
[faultinject] cudaMalloc #111 size=211248
[faultinject] cudaMalloc #112 size=10139904
[faultinject] cudaMalloc #113 size=10077696
[faultinject] cudaMalloc #114 size=96
[faultinject] cudaMalloc #115 size=96
[faultinject] cudaMalloc #116 size=96
[faultinject] cudaMalloc #117 size=96
[faultinject] cudaGetDeviceCount #22
[faultinject] cudaMalloc #118 size=151642368
[faultinject] cudaMalloc #119 size=151887744
[faultinject] cudaMalloc #120 size=96
[faultinject] cudaMalloc #121 size=96
[faultinject] cudaMalloc #122 size=151887744
[faultinject] cudaGetDeviceCount #23
[faultinject] cudaMalloc #123 size=422496
[faultinject] cudaMalloc #124 size=211248
[faultinject] cudaMalloc #125 size=10139904
[faultinject] cudaMalloc #126 size=10077696
[faultinject] cudaMalloc #127 size=96
[faultinject] cudaMalloc #128 size=96
[faultinject] cudaMalloc #129 size=96
[faultinject] cudaMalloc #130 size=96
/home/alex/MotionCorr-standalone/relion30_tutorial/Movies/20170629_00021_frameImage.tiff: too few valid local trajectories to fit local motion model.
[faultinject] cudaMalloc #131 size=1367678976
[faultinject] cudaGetDeviceCount #24
[faultinject] cudaMalloc #132 size=56986624
[faultinject] cudaMalloc #133 size=56955920
[faultinject] cudaMalloc #134 size=56955920
[faultinject] cudaMalloc #135 size=96
   6/   6 sec ............................................................~~(,_,"> yum!
 Generating joint STAR file ... 
000/??? sec ~~(,_,">                                                          [oo]   0/   0 sec ............................................................~~(,_,"> yum!
 Written: /home/alex/mc118-preprocess-20260929T1311/composed-proof/enumeration/initialize-zero-devices/corrected_micrographs.star
 Now generating logfile.pdf ... 
 Done! Written: /home/alex/mc118-preprocess-20260929T1311/composed-proof/enumeration/initialize-zero-devices/logfile.pdf
[faultinject] remaining-owned=0 stale-releases=0
