=== fault matrix: clean-run budget line ===
Issue #69 CUDA fault matrix. Clean run uses: cudaMalloc=42 cudaMemcpy H2D=19 cudaMemcpy D2H=16 cudaMemcpy D2D=8 cudaMemset=5 cudaDeviceSynchronize=12 cufftCreate=2 cufftMakePlanMany=2 cufftSetWorkArea=2 cufftPlanMany=4 cufftExec=17

=== all 132 trial rows ===
cudaMalloc               1    session initialize                 returned false         0       intact   
cudaMalloc               2    session initialize                 returned false         0       intact   
cudaMalloc               3    session initialize                 returned false         0       intact   
cudaMalloc               4    session initialize                 returned false         0       intact   
cudaMalloc               5    session initialize                 returned false         0       intact   
cudaMalloc               6    gain and unaligned sum             returned false         0       intact   
cudaMalloc               7    reduce unaligned sum               returned false         0       intact   
cudaMalloc               8    reduce unaligned sum               returned false         0       intact   
cudaMalloc               9    reduce unaligned sumsqdev          returned false         0       intact   
cudaMalloc               10   reduce unaligned sumsqdev          returned false         0       intact   
cudaMalloc               11   collect above threshold            returned false         0       intact   
cudaMalloc               12   collect above threshold            returned false         0       intact   
cudaMalloc               13   update defect pixels               returned false         0       intact   
cudaMalloc               14   update defect pixels               returned false         0       intact   
cudaMalloc               15   update defect pixels               returned false         0       intact   
cudaMalloc               16   global alignment                   threw RelionError      0       intact   
cudaMalloc               17   global alignment                   threw RelionError      0       intact   
cudaMalloc               18   global alignment                   threw RelionError      0       intact   
cudaMalloc               19   global alignment                   threw RelionError      0       intact   
cudaMalloc               20   global alignment                   threw RelionError      0       intact   
cudaMalloc               21   global alignment                   threw RelionError      0       intact   
cudaMalloc               22   global alignment                   threw RelionError      0       intact   
cudaMalloc               23   global alignment                   threw RelionError      0       intact   
cudaMalloc               24   unweighted reconstruction          returned false         0       intact   
cudaMalloc               25   unweighted reconstruction          returned false         0       intact   
cudaMalloc               26   unweighted reconstruction          returned false         0       intact   
cudaMalloc               27   patch scratch allocation           returned false         0       intact   
cudaMalloc               28   patch preparation                  returned false         0       intact   
cudaMalloc               29   patch preparation                  returned false         0       intact   
cudaMalloc               30   patch preparation                  returned false         0       intact   
cudaMalloc               31   patch alignment                    threw RelionError      0       intact   
cudaMalloc               32   patch alignment                    threw RelionError      0       intact   
cudaMalloc               33   patch alignment                    threw RelionError      0       intact   
cudaMalloc               34   patch alignment                    threw RelionError      0       intact   
cudaMalloc               35   patch alignment                    threw RelionError      0       intact   
cudaMalloc               36   patch alignment                    threw RelionError      0       intact   
cudaMalloc               37   patch alignment                    threw RelionError      0       intact   
cudaMalloc               38   patch alignment                    threw RelionError      0       intact   
cudaMalloc               39   dose-weighted reconstruction       returned false         0       intact   
cudaMalloc               40   dose-weighted reconstruction       returned false         0       intact   
cudaMalloc               41   dose-weighted reconstruction       returned false         0       intact   
cudaMalloc               42   dose-weighted reconstruction       returned false         0       intact   
cudaMemcpy H2D           1    gain and unaligned sum             returned false         0       intact   
cudaMemcpy H2D           2    gain and unaligned sum             returned false         0       intact   
cudaMemcpy H2D           3    gain and unaligned sum             returned false         0       intact   
cudaMemcpy H2D           4    gain and unaligned sum             returned false         0       intact   
cudaMemcpy H2D           5    gain and unaligned sum             returned false         0       intact   
cudaMemcpy H2D           6    update defect pixels               returned false         0       intact   
cudaMemcpy H2D           7    update defect pixels               returned false         0       intact   
cudaMemcpy H2D           8    update defect pixels               returned false         0       intact   
cudaMemcpy H2D           9    global alignment                   threw RelionError      0       intact   
cudaMemcpy H2D           10   global alignment                   threw RelionError      0       intact   
cudaMemcpy H2D           11   global alignment                   threw RelionError      0       intact   
cudaMemcpy H2D           12   global alignment                   threw RelionError      0       intact   
cudaMemcpy H2D           13   patch preparation                  returned false         0       intact   
cudaMemcpy H2D           14   patch preparation                  returned false         0       intact   
cudaMemcpy H2D           15   patch alignment                    threw RelionError      0       intact   
cudaMemcpy H2D           16   patch alignment                    threw RelionError      0       intact   
cudaMemcpy H2D           17   patch alignment                    threw RelionError      0       intact   
cudaMemcpy H2D           18   patch alignment                    threw RelionError      0       intact   
cudaMemcpy H2D           19   dose-weighted reconstruction       returned false         0       intact   
cudaMemcpy D2H           1    gain and unaligned sum             returned false         0       intact   
cudaMemcpy D2H           2    reduce unaligned sum               returned false         0       intact   
cudaMemcpy D2H           3    reduce unaligned sumsqdev          returned false         0       intact   
cudaMemcpy D2H           4    collect above threshold            returned false         0       intact   
cudaMemcpy D2H           5    global alignment                   threw RelionError      0       intact   
cudaMemcpy D2H           6    global alignment                   threw RelionError      0       intact   
cudaMemcpy D2H           7    global alignment                   threw RelionError      0       intact   
cudaMemcpy D2H           8    global alignment                   threw RelionError      0       intact   
cudaMemcpy D2H           9    unweighted reconstruction          returned false         0       intact   
cudaMemcpy D2H           10   unweighted reconstruction          returned false         0       intact   
cudaMemcpy D2H           11   unweighted reconstruction          returned false         0       intact   
cudaMemcpy D2H           12   patch alignment                    threw RelionError      0       intact   
cudaMemcpy D2H           13   patch alignment                    threw RelionError      0       intact   
cudaMemcpy D2H           14   patch alignment                    threw RelionError      0       intact   
cudaMemcpy D2H           15   patch alignment                    threw RelionError      0       intact   
cudaMemcpy D2H           16   dose-weighted reconstruction       returned false         0       intact   
cudaMemcpy D2D           1    global inverse FFT                 returned false         0       intact   
cudaMemcpy D2D           2    global inverse FFT                 returned false         0       intact   
cudaMemcpy D2D           3    global inverse FFT                 returned false         0       intact   
cudaMemcpy D2D           4    global inverse FFT                 returned false         0       intact   
cudaMemcpy D2D           5    dose-weighted reconstruction       returned false         0       intact   
cudaMemcpy D2D           6    dose-weighted reconstruction       returned false         0       intact   
cudaMemcpy D2D           7    dose-weighted reconstruction       returned false         0       intact   
cudaMemcpy D2D           8    dose-weighted reconstruction       returned false         0       intact   
cudaMemset               1    collect above threshold            returned false         0       intact   
cudaMemset               2    unweighted reconstruction          returned false         0       intact   
cudaMemset               3    unweighted reconstruction          returned false         0       intact   
cudaMemset               4    unweighted reconstruction          returned false         0       intact   
cudaMemset               5    dose-weighted reconstruction       returned false         0       intact   
cudaDeviceSynchronize    1    update defect pixels               returned false         0       intact   
cudaDeviceSynchronize    2    release preprocessing buffers      returned false         0       intact   
cudaDeviceSynchronize    3    global forward FFT                 returned false         0       intact   
cudaDeviceSynchronize    4    global forward FFT                 returned false         0       intact   
cudaDeviceSynchronize    5    global forward FFT                 returned false         0       intact   
cudaDeviceSynchronize    6    global forward FFT                 returned false         0       intact   
cudaDeviceSynchronize    7    global forward FFT                 returned false         0       intact   
cudaDeviceSynchronize    8    global inverse FFT                 returned false         0       intact   
cudaDeviceSynchronize    9    global inverse FFT                 returned false         0       intact   
cudaDeviceSynchronize    10   global inverse FFT                 returned false         0       intact   
cudaDeviceSynchronize    11   global inverse FFT                 returned false         0       intact   
cudaDeviceSynchronize    12   dose-weighted reconstruction       completed              0       intact   teardown (best-effort, survived)
cufftCreate              1    session initialize                 returned false         0       intact   
cufftCreate              2    session initialize                 returned false         0       intact   
cufftMakePlanMany        1    session initialize                 returned false         0       intact   
cufftMakePlanMany        2    session initialize                 returned false         0       intact   
cufftSetWorkArea         1    session initialize                 returned false         0       intact   
cufftSetWorkArea         2    session initialize                 returned false         0       intact   
cufftPlanMany            1    global alignment                   threw RelionError      0       intact   
cufftPlanMany            2    patch preparation                  returned false         0       intact   
cufftPlanMany            3    patch alignment                    threw RelionError      0       intact   
cufftPlanMany            4    dose-weighted reconstruction       returned false         0       intact   
cufftExec                1    global forward FFT                 returned false         0       intact   
cufftExec                2    global forward FFT                 returned false         0       intact   
cufftExec                3    global forward FFT                 returned false         0       intact   
cufftExec                4    global forward FFT                 returned false         0       intact   
cufftExec                5    global alignment                   threw RelionError      0       intact   
cufftExec                6    global alignment                   threw RelionError      0       intact   
cufftExec                7    global inverse FFT                 returned false         0       intact   
cufftExec                8    global inverse FFT                 returned false         0       intact   
cufftExec                9    global inverse FFT                 returned false         0       intact   
cufftExec                10   global inverse FFT                 returned false         0       intact   
cufftExec                11   patch preparation                  returned false         0       intact   
cufftExec                12   patch alignment                    threw RelionError      0       intact   
cufftExec                13   patch alignment                    threw RelionError      0       intact   
cufftExec                14   dose-weighted reconstruction       returned false         0       intact   
cufftExec                15   dose-weighted reconstruction       returned false         0       intact   
cufftExec                16   dose-weighted reconstruction       returned false         0       intact   
cufftExec                17   dose-weighted reconstruction       returned false         0       intact   
cudaMalloc               126  dose-weighted reconstruction       returned false         0       intact   
cudaMemcpy H2D           57   dose-weighted reconstruction       returned false         0       intact   
cudaMemcpy D2H           48   dose-weighted reconstruction       returned false         0       intact   

=== tally ===
132 trials, 0 failures
PASS every injected fault left the scenario without completing (or was
     survived, where production documents the path as best-effort), and
     released every tracked device allocation, cuFFT plan and CUDA event.
     NOT covered: cuFFT's internal workspace allocations happen inside
     libcufft and never reach the interposed cudaMalloc, so they are
     outside this leak accounting. Borrowed-input immutability is
     already enforced by const in the production signatures; the check
     here is a standing guard, not a demonstration.
exit=0
