Working on synthetic_128x128_8frames.mrcs with 1 thread(s).

Movie size: X = 128 Y = 128 N = 8
Frames to be used: 1 2 3 4 5 6 7 8
Frame grouping: n_frames = 8, requested group size = 1
 | 1 | 2 | 3 | 4 | 5 | 6 | 7 | 8 | 
interpolate_shifts = 0

In unaligned sum, Mean = 834.965 Std = 62.8917 Hotpixel threshold = 1212.32
Detected 0 hot pixels to be corrected.
Fixed hot pixels.

Global alignment:
 Iteration 1: RMSD = 2.49076 px
 Iteration 2: RMSD = 0.384876 px
 [CUDA Global Alignment Profile]
   Host-to-Device transfer time: 0.27 ms
   Custom kernel execution time: 0.33 ms
   cuFFT execution time:         0.04 ms
   Device-to-Host transfer time: 0.47 ms
   Total GPU alignment time:     5.68 ms
   Buffer VRAM:                  1.61 MiB
   cuFFT workspace VRAM:         0.51 MiB
   Peak GPU memory allocated:    2.12 MiB

Local alignments:
Patches: X = 1 Y = 1
Too few patches to do local alignments. Local alignment is skipped.
Summing frames before dose weighting: ........ done
Written aligned but non-dose weighted sum to /home/alex/MotionCorr-pr28-verified/evidence/pr28-a100-final/integer_shift_128x128/cuda/synthetic_128x128_8frames.mrc
Full movie wall time: 0.177 s
