	Command being timed: "python3 tools/test_cuda_synthetic_regression.py --cpu-bin build-cpu/motioncorr --cuda-bin build-cuda/motioncorr --gpu 2"
	User time (seconds): 190.86
	System time (seconds): 10.37
	Percent of CPU this job got: 1286%
	Elapsed (wall clock) time (h:mm:ss or m:ss): 0:15.64
	Average shared text size (kbytes): 0
	Average unshared data size (kbytes): 0
	Average stack size (kbytes): 0
	Average total size (kbytes): 0
	Maximum resident set size (kbytes): 126976
	Average resident set size (kbytes): 0
	Major (requiring I/O) page faults: 0
	Minor (reclaiming a frame) page faults: 351670
	Voluntary context switches: 2961
	Involuntary context switches: 12470
	Swaps: 0
	File system inputs: 0
	File system outputs: 11232
	Socket messages sent: 0
	Socket messages received: 0
	Signals delivered: 0
	Page size (bytes): 4096
	Exit status: 0
