	Command being timed: "python3 tools/run_cuda_synthetic_regression.py --cpu-bin build-cpu/motioncorr --cuda-bin build-cuda/motioncorr --gpu 2 --include-subpixel --python /home/alex/mc-env/bin/python3 --output-dir evidence/pr28-a100-final --json-out evidence/pr28-a100-final/report.json"
	User time (seconds): 43.12
	System time (seconds): 2.63
	Percent of CPU this job got: 1140%
	Elapsed (wall clock) time (h:mm:ss or m:ss): 0:04.01
	Average shared text size (kbytes): 0
	Average unshared data size (kbytes): 0
	Average stack size (kbytes): 0
	Average total size (kbytes): 0
	Maximum resident set size (kbytes): 126976
	Average resident set size (kbytes): 0
	Major (requiring I/O) page faults: 0
	Minor (reclaiming a frame) page faults: 94272
	Voluntary context switches: 830
	Involuntary context switches: 4699
	Swaps: 0
	File system inputs: 0
	File system outputs: 4032
	Socket messages sent: 0
	Socket messages received: 0
	Signals delivered: 0
	Page size (bytes): 4096
	Exit status: 0
