[issue83] global_square ...
[issue83] global_square: pass
[issue83] local_square ...
[issue83] local_square: pass
[issue83] global_nonsquare ...
[issue83] global_nonsquare: pass
[issue83] local_nonsquare ...
[issue83] local_nonsquare: pass
[issue83] gain_none ...
[issue83] gain_none: pass
[issue83] gain_unity ...
[issue83] gain_unity: pass
[issue83] gain_nonunity ...
[issue83] gain_nonunity: pass
[issue83] defect_skip ...
[issue83] defect_skip: pass
[issue83] defect_detect ...
[issue83] defect_detect: pass
[issue83] defect_file ...
[issue83] defect_file: pass
[issue83] dose_off ...
[issue83] dose_off: pass
[issue83] dose_on ...
[issue83] dose_on: pass
[issue83] dose_on_savenoDW ...
[issue83] dose_on_savenoDW: pass
[issue83] dose_on_preexposure ...
[issue83] dose_on_preexposure: pass
[issue83] evenodd ...
[issue83] evenodd: pass
[issue83] evenodd_dose_noDW ...
[issue83] evenodd_dose_noDW: pass
[issue83] frames_subset ...
[issue83] frames_subset: pass
[issue83] group_frames_2 ...
[issue83] group_frames_2: pass
[issue83] group_frames_invalid ...
[issue83] group_frames_invalid: pass
[issue83] threads_invalid ...
[issue83] threads_invalid: pass
[issue83] bin1 ...
[issue83] bin1: pass
[issue83] early_bin2 ...
[issue83] early_bin2: pass
[issue83] late_bin2 ...
[issue83] late_bin2: pass
[issue83] power_spectrum ...
[issue83] power_spectrum: pass
[issue83] realscale_local ...
[issue83] realscale_local: pass
{
  "declared": 25,
  "attempted": 25,
  "pass": 25,
  "fail": 0,
  "error": 0
}
