=== provenance ===
2026-09-27T18:05:28+00:00
small-refmac-machine
 18:05:28 up 299 days,  8:03, 23 users,  load average: 4.09, 4.15, 4.00
Cpus_allowed_list:	0-63
e2dfd9c828be5303243a7d82c30ecf62  /home/ubuntu/mc-io-evidence/harness/compare_outputs.py
28918ae8438f1e953eda6648d6178544fc3b431158c41cf9907d67f3d8513a1d  /home/ubuntu/mc-io-evidence/src-main/build-cpu/motioncorr
993cc44000c6e26afaa1b89ac9e33645c744618784b228ee32624767390b7c12  /home/ubuntu/mc-io-evidence/src-pr90/build-cpu/motioncorr
--- src-main ---
1d7e13f41b6eaf64b367d49ff0f0f5a3e09c0a26
1
--- src-pr90 ---
676f7632822b86bba25ead05a824084c2c0631d5
1
{
  "artifacts_total": 109,
  "artifacts_pass": 105,
  "artifacts_fail": 4,
  "corrected_images_compared": 24,
  "corrected_images_pass": 24,
  "total_pixels_compared": 341735520,
  "star_files_compared": 25,
  "auxiliary_compared": 60,
  "auxiliary_fail": 4,
  "per_movie_exact_gate_pass": 24,
  "per_movie_exact_gate_total": 24,
  "controls_all_detected": true
}
overall_graded: PASS overall_auxiliary: FAIL overall: FAIL
ab j1 exit=1
=== AB J1 RERUN DONE ===
2026-09-27T18:38:15+00:00
