=== provenance ===
2026-09-27T17:27:09+00:00
small-refmac-machine
 17:27:09 up 299 days,  7:24, 21 users,  load average: 2.39, 2.81, 2.57
Cpus_allowed_list:	0-63
{
  "artifacts_total": 109,
  "artifacts_pass": 105,
  "artifacts_fail": 4,
  "corrected_images_compared": 24,
  "corrected_images_pass": 24,
  "total_pixels_compared": 341735520,
  "star_files_compared": 25,
  "auxiliary_compared": 60,
  "per_movie_exact_gate_pass": 24,
  "per_movie_exact_gate_total": 24,
  "controls_all_detected": true
}
overall: FAIL
driver exit=1
2026-09-27T18:00:12+00:00
=== AB J1 DONE ===
