[  1%] Building CXX object CMakeFiles/defect_neighbours.dir/tests/test_defect_neighbours.cpp.o
[  2%] Building CXX object CMakeFiles/motioncorr_core.dir/src/CPlot2D.cpp.o
[  2%] Building CXX object CMakeFiles/deflate_layout.dir/tests/test_deflate_layout.cpp.o
[  2%] Building CXX object CMakeFiles/scratch_arena.dir/tests/test_scratch_arena.cpp.o
[  6%] Building CXX object CMakeFiles/motioncorr_core.dir/src/ctf.cpp.o
[  6%] Building CXX object CMakeFiles/motioncorr_core.dir/src/args.cpp.o
[  6%] Building CXX object CMakeFiles/motioncorr_core.dir/src/backprojector.cpp.o
[  6%] Building CXX object CMakeFiles/motioncorr_core.dir/src/complex.cpp.o
[  6%] Building CXX object CMakeFiles/motioncorr_core.dir/src/error.cpp.o
[  7%] Linking CXX executable scratch_arena
[  7%] Linking CXX executable deflate_layout
[  7%] Built target scratch_arena
[  8%] Building CXX object CMakeFiles/motioncorr_core.dir/src/euler.cpp.o
[  8%] Built target deflate_layout
[  9%] Linking CXX executable defect_neighbours
[ 10%] Building CXX object CMakeFiles/motioncorr_core.dir/src/fftw.cpp.o
[ 10%] Built target defect_neighbours
[ 11%] Building CXX object CMakeFiles/motioncorr_core.dir/src/filename.cpp.o
[ 12%] Building CXX object CMakeFiles/motioncorr_core.dir/src/funcs.cpp.o
[ 13%] Building CXX object CMakeFiles/motioncorr_core.dir/src/image.cpp.o
[ 13%] Building C object CMakeFiles/motioncorr_core.dir/src/jaz/d3x3/dsyev2.c.o
[ 14%] Building CXX object CMakeFiles/motioncorr_core.dir/src/jaz/image/radial_avg.cpp.o
[ 15%] Building CXX object CMakeFiles/motioncorr_core.dir/src/jaz/image/resampling.cpp.o
[ 16%] Building CXX object CMakeFiles/motioncorr_core.dir/src/jaz/image/stack_helper.cpp.o
[ 17%] Building CXX object CMakeFiles/motioncorr_core.dir/src/jaz/math/Zernike.cpp.o
[ 17%] Building CXX object CMakeFiles/motioncorr_core.dir/src/jaz/math/fft.cpp.o
[ 18%] Building CXX object CMakeFiles/motioncorr_core.dir/src/jaz/math/t_complex.cpp.o
[ 19%] Building CXX object CMakeFiles/motioncorr_core.dir/src/jaz/optics/damage.cpp.o
[ 20%] Building CXX object CMakeFiles/motioncorr_core.dir/src/jaz/optics/optics_data.cpp.o
[ 21%] Building CXX object CMakeFiles/motioncorr_core.dir/src/jaz/optimization/nelder_mead.cpp.o
[ 21%] Building CXX object CMakeFiles/motioncorr_core.dir/src/jaz/optimization/optimization.cpp.o
[ 22%] Building CXX object CMakeFiles/motioncorr_core.dir/src/jaz/single_particle/Fourier_helper.cpp.o
[ 23%] Building CXX object CMakeFiles/motioncorr_core.dir/src/jaz/single_particle/complex_io.cpp.o
[ 24%] Building CXX object CMakeFiles/motioncorr_core.dir/src/jaz/single_particle/ctf/tilt_helper.cpp.o
[ 25%] Building C object CMakeFiles/motioncorr_core.dir/src/jaz/single_particle/d3x3/dsyev2.c.o
[ 25%] Building C object CMakeFiles/motioncorr_core.dir/src/jaz/single_particle/d3x3/dsyevc3.c.o
[ 26%] Building C object CMakeFiles/motioncorr_core.dir/src/jaz/single_particle/d3x3/dsyevh3.c.o
[ 27%] Building C object CMakeFiles/motioncorr_core.dir/src/jaz/single_particle/d3x3/dsyevq3.c.o
[ 28%] Building C object CMakeFiles/motioncorr_core.dir/src/jaz/single_particle/d3x3/dsytrd3.c.o
[ 29%] Building CXX object CMakeFiles/motioncorr_core.dir/src/jaz/single_particle/image_log.cpp.o
[ 29%] Building CXX object CMakeFiles/motioncorr_core.dir/src/jaz/single_particle/img_proc/filter_helper.cpp.o
[ 30%] Building CXX object CMakeFiles/motioncorr_core.dir/src/jaz/single_particle/img_proc/image_op.cpp.o
[ 31%] Building CXX object CMakeFiles/motioncorr_core.dir/src/jaz/single_particle/interpolation.cpp.o
[ 32%] Building CXX object CMakeFiles/motioncorr_core.dir/src/jaz/single_particle/io/star_converter.cpp.o
[ 33%] Building CXX object CMakeFiles/motioncorr_core.dir/src/jaz/single_particle/jaz_config.cpp.o
[ 33%] Building CXX object CMakeFiles/motioncorr_core.dir/src/jaz/single_particle/new_ft.cpp.o
[ 34%] Building CXX object CMakeFiles/motioncorr_core.dir/src/jaz/single_particle/obs_model.cpp.o
[ 35%] Building CXX object CMakeFiles/motioncorr_core.dir/src/jaz/single_particle/parallel_ft.cpp.o
[ 36%] Building CXX object CMakeFiles/motioncorr_core.dir/src/jaz/single_particle/resampling_helper.cpp.o
[ 37%] Building CXX object CMakeFiles/motioncorr_core.dir/src/jaz/single_particle/slice_helper.cpp.o
[ 38%] Building CXX object CMakeFiles/motioncorr_core.dir/src/jaz/single_particle/stack_helper.cpp.o
[ 38%] Building CXX object CMakeFiles/motioncorr_core.dir/src/jaz/single_particle/t_complex.cpp.o
[ 39%] Building CXX object CMakeFiles/motioncorr_core.dir/src/jaz/single_particle/vtk_helper.cpp.o
[ 40%] Building CXX object CMakeFiles/motioncorr_core.dir/src/jaz/tomography/motion/Fourier_2D_deformation.cpp.o
[ 41%] Building CXX object CMakeFiles/motioncorr_core.dir/src/jaz/tomography/motion/linear_2D_deformation.cpp.o
[ 42%] Building CXX object CMakeFiles/motioncorr_core.dir/src/jaz/tomography/motion/modular_alignment/Fourier_2D_deformation_model.cpp.o
[ 42%] Building CXX object CMakeFiles/motioncorr_core.dir/src/jaz/tomography/motion/modular_alignment/linear_2D_deformation_model.cpp.o
[ 43%] Building CXX object CMakeFiles/motioncorr_core.dir/src/jaz/tomography/motion/modular_alignment/spline_2D_deformation_model.cpp.o
[ 44%] Building CXX object CMakeFiles/motioncorr_core.dir/src/jaz/tomography/motion/spline_2D_deformation.cpp.o
[ 45%] Building CXX object CMakeFiles/motioncorr_core.dir/src/jaz/tomography/motion/trajectory.cpp.o
[ 46%] Building CXX object CMakeFiles/motioncorr_core.dir/src/jaz/tomography/motion/trajectory_set.cpp.o
[ 46%] Building CXX object CMakeFiles/motioncorr_core.dir/src/jaz/tomography/particle_set.cpp.o
[ 47%] Building CXX object CMakeFiles/motioncorr_core.dir/src/jaz/tomography/projection_IO.cpp.o
[ 48%] Building CXX object CMakeFiles/motioncorr_core.dir/src/jaz/tomography/tomo_ctf_helper.cpp.o
[ 49%] Building CXX object CMakeFiles/motioncorr_core.dir/src/jaz/tomography/tomogram.cpp.o
[ 50%] Building CXX object CMakeFiles/motioncorr_core.dir/src/jaz/tomography/tomogram_set.cpp.o
[ 50%] Building CXX object CMakeFiles/motioncorr_core.dir/src/jaz/util/ansi_codes.cpp.o
[ 51%] Building CXX object CMakeFiles/motioncorr_core.dir/src/jaz/util/image_file_helper.cpp.o
[ 52%] Building CXX object CMakeFiles/motioncorr_core.dir/src/jaz/util/log.cpp.o
[ 53%] Building CXX object CMakeFiles/motioncorr_core.dir/src/jaz/util/zio.cpp.o
[ 54%] Building CXX object CMakeFiles/motioncorr_core.dir/src/mask.cpp.o
[ 54%] Building CXX object CMakeFiles/motioncorr_core.dir/src/matrix1d.cpp.o
[ 55%] Building CXX object CMakeFiles/motioncorr_core.dir/src/matrix2d.cpp.o
[ 57%] Building CXX object CMakeFiles/motioncorr_core.dir/src/memory.cpp.o
[ 57%] Building CXX object CMakeFiles/motioncorr_core.dir/src/metadata_container.cpp.o
[ 58%] Building CXX object CMakeFiles/motioncorr_core.dir/src/metadata_label.cpp.o
[ 58%] Building CXX object CMakeFiles/motioncorr_core.dir/src/metadata_table.cpp.o
[ 59%] Building CXX object CMakeFiles/motioncorr_core.dir/src/micrograph_model.cpp.o
[ 60%] Building CXX object CMakeFiles/motioncorr_core.dir/src/motioncorr_runner.cpp.o
[ 61%] Building CXX object CMakeFiles/motioncorr_core.dir/src/multidim_array.cpp.o
[ 62%] Building CXX object CMakeFiles/motioncorr_core.dir/src/numerical_recipes.cpp.o
[ 63%] Building CXX object CMakeFiles/motioncorr_core.dir/src/output_writer.cpp.o
[ 63%] Building CXX object CMakeFiles/motioncorr_core.dir/src/parallel.cpp.o
In file included from /work4/scd/scarf1415/motioncorr/post128-sgpu-20261001/candidate-src/src/numerical_recipes.h:48,
                 from /work4/scd/scarf1415/motioncorr/post128-sgpu-20261001/candidate-src/src/numerical_recipes.cpp:49:
In function ‘void free_Tvector(T*&, int, int) [with T = double]’,
    inlined from ‘double brent(double, double, double, double (*)(double*, void*), void*, double, double*, int, double*, double*)’ at /work4/scd/scarf1415/motioncorr/post128-sgpu-20261001/candidate-src/src/numerical_recipes.cpp:594:25:
/work4/scd/scarf1415/motioncorr/post128-sgpu-20261001/candidate-src/src/memory.h:74:13: warning: ‘void free(void*)’ called on pointer ‘xt’ with nonzero offset 8 [-Wfree-nonheap-object]
   74 |         free((char*)(v + nl));
      |         ~~~~^~~~~~~~~~~~~~~~~
/work4/scd/scarf1415/motioncorr/post128-sgpu-20261001/candidate-src/src/numerical_recipes.cpp: In function ‘double brent(double, double, double, double (*)(double*, void*), void*, double, double*, int, double*, double*)’:
/work4/scd/scarf1415/motioncorr/post128-sgpu-20261001/candidate-src/src/numerical_recipes.cpp:579:13: note: declared here
  579 |     RFLOAT *xt=NULL;
      |             ^~
In file included from /work4/scd/scarf1415/motioncorr/post128-sgpu-20261001/candidate-src/src/numerical_recipes.h:48,
                 from /work4/scd/scarf1415/motioncorr/post128-sgpu-20261001/candidate-src/src/numerical_recipes.cpp:49:
In function ‘void free_Tvector(T*&, int, int) [with T = double]’,
    inlined from ‘void powell(double*, double*, int, double, int&, double&, double (*)(double*, void*), void*, bool)’ at /work4/scd/scarf1415/motioncorr/post128-sgpu-20261001/candidate-src/src/numerical_recipes.cpp:767:25:
/work4/scd/scarf1415/motioncorr/post128-sgpu-20261001/candidate-src/src/memory.h:74:13: warning: ‘void free(void*)’ called on pointer ‘xit’ with nonzero offset 8 [-Wfree-nonheap-object]
   74 |         free((char*)(v + nl));
      |         ~~~~^~~~~~~~~~~~~~~~~
/work4/scd/scarf1415/motioncorr/post128-sgpu-20261001/candidate-src/src/numerical_recipes.cpp: In function ‘void powell(double*, double*, int, double, int&, double&, double (*)(double*, void*), void*, bool)’:
/work4/scd/scarf1415/motioncorr/post128-sgpu-20261001/candidate-src/src/numerical_recipes.cpp:703:24: note: declared here
  703 |     RFLOAT *pt, *ptt, *xit;
      |                        ^~~
In file included from /work4/scd/scarf1415/motioncorr/post128-sgpu-20261001/candidate-src/src/numerical_recipes.h:48,
                 from /work4/scd/scarf1415/motioncorr/post128-sgpu-20261001/candidate-src/src/numerical_recipes.cpp:49:
In function ‘void free_Tvector(T*&, int, int) [with T = double]’,
    inlined from ‘void powell(double*, double*, int, double, int&, double&, double (*)(double*, void*), void*, bool)’ at /work4/scd/scarf1415/motioncorr/post128-sgpu-20261001/candidate-src/src/numerical_recipes.cpp:768:25:
/work4/scd/scarf1415/motioncorr/post128-sgpu-20261001/candidate-src/src/memory.h:74:13: warning: ‘void free(void*)’ called on pointer ‘ptt’ with nonzero offset 8 [-Wfree-nonheap-object]
   74 |         free((char*)(v + nl));
      |         ~~~~^~~~~~~~~~~~~~~~~
/work4/scd/scarf1415/motioncorr/post128-sgpu-20261001/candidate-src/src/numerical_recipes.cpp: In function ‘void powell(double*, double*, int, double, int&, double&, double (*)(double*, void*), void*, bool)’:
/work4/scd/scarf1415/motioncorr/post128-sgpu-20261001/candidate-src/src/numerical_recipes.cpp:703:18: note: declared here
  703 |     RFLOAT *pt, *ptt, *xit;
      |                  ^~~
In file included from /work4/scd/scarf1415/motioncorr/post128-sgpu-20261001/candidate-src/src/numerical_recipes.h:48,
                 from /work4/scd/scarf1415/motioncorr/post128-sgpu-20261001/candidate-src/src/numerical_recipes.cpp:49:
In function ‘void free_Tvector(T*&, int, int) [with T = double]’,
    inlined from ‘void powell(double*, double*, int, double, int&, double&, double (*)(double*, void*), void*, bool)’ at /work4/scd/scarf1415/motioncorr/post128-sgpu-20261001/candidate-src/src/numerical_recipes.cpp:769:25:
/work4/scd/scarf1415/motioncorr/post128-sgpu-20261001/candidate-src/src/memory.h:74:13: warning: ‘void free(void*)’ called on pointer ‘pt’ with nonzero offset 8 [-Wfree-nonheap-object]
   74 |         free((char*)(v + nl));
      |         ~~~~^~~~~~~~~~~~~~~~~
/work4/scd/scarf1415/motioncorr/post128-sgpu-20261001/candidate-src/src/numerical_recipes.cpp: In function ‘void powell(double*, double*, int, double, int&, double&, double (*)(double*, void*), void*, bool)’:
/work4/scd/scarf1415/motioncorr/post128-sgpu-20261001/candidate-src/src/numerical_recipes.cpp:703:13: note: declared here
  703 |     RFLOAT *pt, *ptt, *xit;
      |             ^~
[ 64%] Building CXX object CMakeFiles/motioncorr_core.dir/src/pipeline_control.cpp.o
[ 65%] Building CXX object CMakeFiles/motioncorr_core.dir/src/projector.cpp.o
[ 66%] Building CXX object CMakeFiles/motioncorr_core.dir/src/renderEER.cpp.o
[ 67%] Building CXX object CMakeFiles/motioncorr_core.dir/src/strings.cpp.o
[ 67%] Building CXX object CMakeFiles/motioncorr_core.dir/src/symmetries.cpp.o
[ 68%] Building CXX object CMakeFiles/motioncorr_core.dir/src/tabfuncs.cpp.o
[ 69%] Building CXX object CMakeFiles/motioncorr_core.dir/src/time.cpp.o
[ 70%] Building CXX object CMakeFiles/motioncorr_core.dir/src/transformations.cpp.o
[ 71%] Building CUDA object CMakeFiles/motioncorr_core.dir/src/acc/cuda/cuda_alignpatch.cu.o
[ 71%] Building CXX object CMakeFiles/motioncorr_core.dir/macros.cpp.o
[ 72%] Building CUDA object CMakeFiles/motioncorr_core.dir/src/acc/cuda/cuda_realspace_dw.cu.o
[ 73%] Building CUDA object CMakeFiles/motioncorr_core.dir/src/acc/cuda/cuda_fft_prep.cu.o
[ 74%] Building CUDA object CMakeFiles/motioncorr_core.dir/src/acc/cuda/cuda_movie_session.cu.o
/work4/scd/scarf1415/motioncorr/post128-sgpu-20261001/candidate-src/src/acc/cuda/cuda_fft_prep.cu(35): warning #550-D: variable "s_cached_bytes" was set but never used
  static size_t s_cached_bytes = 0;
                ^

Remark: The warnings can be suppressed with "-diag-suppress <warning-number>"

/work4/scd/scarf1415/motioncorr/post128-sgpu-20261001/candidate-src/src/acc/cuda/cuda_movie_session.cu(1325): warning #177-D: variable "io_threads" was declared but never referenced
      const int io_threads = n_threads > 0 ? n_threads : 4;
                ^

Remark: The warnings can be suppressed with "-diag-suppress <warning-number>"

[ 75%] Linking CXX static library libmotioncorr_core.a
[ 75%] Built target motioncorr_core
[ 78%] Building CXX object CMakeFiles/defect_parser.dir/tests/test_defect_parser.cpp.o
[ 78%] Building CXX object CMakeFiles/motioncorr.dir/src/apps/run_motioncorr.cpp.o
[ 82%] Building CXX object CMakeFiles/cuda_u16_staging_equivalence.dir/tests/cuda_u16_staging_equivalence.cpp.o
[ 82%] Building CXX object CMakeFiles/pdf_concat.dir/tests/test_pdf_concat.cpp.o
[ 82%] Building CXX object CMakeFiles/native_u16_staging.dir/tests/test_native_u16_staging.cpp.o
[ 82%] Building CXX object CMakeFiles/runner_numerics.dir/tests/test_runner_numerics.cpp.o
[ 82%] Building CXX object CMakeFiles/patch_retry_state.dir/tests/test_patch_retry_state.cpp.o
[ 82%] Building CXX object CMakeFiles/image_write_faults.dir/tests/test_image_write_faults.cpp.o
[ 83%] Linking CXX executable pdf_concat
[ 83%] Built target pdf_concat
[ 84%] Building CXX object CMakeFiles/cuda_wrapper_upload_failure.dir/tests/cuda_wrapper_upload_failure.cpp.o
[ 85%] Linking CXX executable native_u16_staging
[ 86%] Linking CXX executable motioncorr
[ 87%] Linking CXX executable cuda_u16_staging_equivalence
[ 87%] Built target native_u16_staging
[ 87%] Built target cuda_u16_staging_equivalence
[ 88%] Linking CXX executable defect_parser
[ 89%] Building CXX object CMakeFiles/cuda_fault_matrix.dir/tests/cuda_fault_matrix.cpp.o
[ 89%] Built target motioncorr
[ 90%] Building CXX object CMakeFiles/cuda_patch_workspace.dir/tests/cuda_patch_workspace.cpp.o
[ 92%] Building CXX object CMakeFiles/motioncorr_retry_caller.dir/src/apps/run_motioncorr.cpp.o
[ 92%] Linking CXX executable patch_retry_state
[ 92%] Built target defect_parser
[ 92%] Building CXX object CMakeFiles/motioncorr_faultinject.dir/src/apps/run_motioncorr.cpp.o
[ 92%] Built target patch_retry_state
[ 93%] Building CXX object CMakeFiles/motioncorr_faultinject.dir/tests/cuda_fault_inject_shim.cpp.o
[ 94%] Linking CXX executable cuda_wrapper_upload_failure
[ 94%] Building CXX object CMakeFiles/cuda_error_class.dir/tests/cuda_error_class.cpp.o
/work4/scd/scarf1415/motioncorr/post128-sgpu-20261001/candidate-src/tests/cuda_patch_workspace.cpp: In function ‘int main()’:
/work4/scd/scarf1415/motioncorr/post128-sgpu-20261001/candidate-src/tests/cuda_patch_workspace.cpp:344:58: error: no match for ‘operator<<’ (operand types are ‘std::basic_ostream<char>’ and ‘const RelionError’)
  344 |         std::cerr << "Unexpected production exception: " << e << '\n'; return 1;
      |         ~~~~~~~~~~~~~~~~~~~~~~~~~~~~~~~~~~~~~~~~~~~~~~~~ ^~ ~
      |                   |                                         |
      |                   std::basic_ostream<char>                  const RelionError
In file included from /work4/scd/scarf1415/motioncorr/post128-sgpu-20261001/candidate-src/src/acc/cuda/cuda_movie_session.h:6,
                 from /work4/scd/scarf1415/motioncorr/post128-sgpu-20261001/candidate-src/tests/cuda_patch_workspace.cpp:4:
/usr/include/c++/11/ostream:108:7: note: candidate: ‘std::basic_ostream<_CharT, _Traits>::__ostream_type& std::basic_ostream<_CharT, _Traits>::operator<<(std::basic_ostream<_CharT, _Traits>::__ostream_type& (*)(std::basic_ostream<_CharT, _Traits>::__ostream_type&)) [with _CharT = char; _Traits = std::char_traits<char>; std::basic_ostream<_CharT, _Traits>::__ostream_type = std::basic_ostream<char>]’
  108 |       operator<<(__ostream_type& (*__pf)(__ostream_type&))
      |       ^~~~~~~~
/usr/include/c++/11/ostream:108:36: note:   no known conversion for argument 1 from ‘const RelionError’ to ‘std::basic_ostream<char>::__ostream_type& (*)(std::basic_ostream<char>::__ostream_type&)’ {aka ‘std::basic_ostream<char>& (*)(std::basic_ostream<char>&)’}
  108 |       operator<<(__ostream_type& (*__pf)(__ostream_type&))
      |                  ~~~~~~~~~~~~~~~~~~^~~~~~~~~~~~~~~~~~~~~~
/usr/include/c++/11/ostream:117:7: note: candidate: ‘std::basic_ostream<_CharT, _Traits>::__ostream_type& std::basic_ostream<_CharT, _Traits>::operator<<(std::basic_ostream<_CharT, _Traits>::__ios_type& (*)(std::basic_ostream<_CharT, _Traits>::__ios_type&)) [with _CharT = char; _Traits = std::char_traits<char>; std::basic_ostream<_CharT, _Traits>::__ostream_type = std::basic_ostream<char>; std::basic_ostream<_CharT, _Traits>::__ios_type = std::basic_ios<char>]’
  117 |       operator<<(__ios_type& (*__pf)(__ios_type&))
      |       ^~~~~~~~
/usr/include/c++/11/ostream:117:32: note:   no known conversion for argument 1 from ‘const RelionError’ to ‘std::basic_ostream<char>::__ios_type& (*)(std::basic_ostream<char>::__ios_type&)’ {aka ‘std::basic_ios<char>& (*)(std::basic_ios<char>&)’}
  117 |       operator<<(__ios_type& (*__pf)(__ios_type&))
      |                  ~~~~~~~~~~~~~~^~~~~~~~~~~~~~~~~~
/usr/include/c++/11/ostream:127:7: note: candidate: ‘std::basic_ostream<_CharT, _Traits>::__ostream_type& std::basic_ostream<_CharT, _Traits>::operator<<(std::ios_base& (*)(std::ios_base&)) [with _CharT = char; _Traits = std::char_traits<char>; std::basic_ostream<_CharT, _Traits>::__ostream_type = std::basic_ostream<char>]’
  127 |       operator<<(ios_base& (*__pf) (ios_base&))
      |       ^~~~~~~~
/usr/include/c++/11/ostream:127:30: note:   no known conversion for argument 1 from ‘const RelionError’ to ‘std::ios_base& (*)(std::ios_base&)’
  127 |       operator<<(ios_base& (*__pf) (ios_base&))
      |                  ~~~~~~~~~~~~^~~~~~~~~~~~~~~~~
/usr/include/c++/11/ostream:166:7: note: candidate: ‘std::basic_ostream<_CharT, _Traits>::__ostream_type& std::basic_ostream<_CharT, _Traits>::operator<<(long int) [with _CharT = char; _Traits = std::char_traits<char>; std::basic_ostream<_CharT, _Traits>::__ostream_type = std::basic_ostream<char>]’
  166 |       operator<<(long __n)
      |       ^~~~~~~~
/usr/include/c++/11/ostream:166:23: note:   no known conversion for argument 1 from ‘const RelionError’ to ‘long int’
  166 |       operator<<(long __n)
      |                  ~~~~~^~~
/usr/include/c++/11/ostream:170:7: note: candidate: ‘std::basic_ostream<_CharT, _Traits>::__ostream_type& std::basic_ostream<_CharT, _Traits>::operator<<(long unsigned int) [with _CharT = char; _Traits = std::char_traits<char>; std::basic_ostream<_CharT, _Traits>::__ostream_type = std::basic_ostream<char>]’
  170 |       operator<<(unsigned long __n)
      |       ^~~~~~~~
/usr/include/c++/11/ostream:170:32: note:   no known conversion for argument 1 from ‘const RelionError’ to ‘long unsigned int’
  170 |       operator<<(unsigned long __n)
      |                  ~~~~~~~~~~~~~~^~~
/usr/include/c++/11/ostream:174:7: note: candidate: ‘std::basic_ostream<_CharT, _Traits>::__ostream_type& std::basic_ostream<_CharT, _Traits>::operator<<(bool) [with _CharT = char; _Traits = std::char_traits<char>; std::basic_ostream<_CharT, _Traits>::__ostream_type = std::basic_ostream<char>]’
  174 |       operator<<(bool __n)
      |       ^~~~~~~~
/usr/include/c++/11/ostream:174:23: note:   no known conversion for argument 1 from ‘const RelionError’ to ‘bool’
  174 |       operator<<(bool __n)
      |                  ~~~~~^~~
In file included from /usr/include/c++/11/ostream:829,
                 from /work4/scd/scarf1415/motioncorr/post128-sgpu-20261001/candidate-src/src/acc/cuda/cuda_movie_session.h:6,
                 from /work4/scd/scarf1415/motioncorr/post128-sgpu-20261001/candidate-src/tests/cuda_patch_workspace.cpp:4:
/usr/include/c++/11/bits/ostream.tcc:91:5: note: candidate: ‘std::basic_ostream<_CharT, _Traits>& std::basic_ostream<_CharT, _Traits>::operator<<(short int) [with _CharT = char; _Traits = std::char_traits<char>]’
   91 |     basic_ostream<_CharT, _Traits>::
      |     ^~~~~~~~~~~~~~~~~~~~~~~~~~~~~~
/usr/include/c++/11/bits/ostream.tcc:92:22: note:   no known conversion for argument 1 from ‘const RelionError’ to ‘short int’
   92 |     operator<<(short __n)
      |                ~~~~~~^~~
In file included from /work4/scd/scarf1415/motioncorr/post128-sgpu-20261001/candidate-src/src/acc/cuda/cuda_movie_session.h:6,
                 from /work4/scd/scarf1415/motioncorr/post128-sgpu-20261001/candidate-src/tests/cuda_patch_workspace.cpp:4:
/usr/include/c++/11/ostream:181:7: note: candidate: ‘std::basic_ostream<_CharT, _Traits>::__ostream_type& std::basic_ostream<_CharT, _Traits>::operator<<(short unsigned int) [with _CharT = char; _Traits = std::char_traits<char>; std::basic_ostream<_CharT, _Traits>::__ostream_type = std::basic_ostream<char>]’
  181 |       operator<<(unsigned short __n)
      |       ^~~~~~~~
/usr/include/c++/11/ostream:181:33: note:   no known conversion for argument 1 from ‘const RelionError’ to ‘short unsigned int’
  181 |       operator<<(unsigned short __n)
      |                  ~~~~~~~~~~~~~~~^~~
In file included from /usr/include/c++/11/ostream:829,
                 from /work4/scd/scarf1415/motioncorr/post128-sgpu-20261001/candidate-src/src/acc/cuda/cuda_movie_session.h:6,
                 from /work4/scd/scarf1415/motioncorr/post128-sgpu-20261001/candidate-src/tests/cuda_patch_workspace.cpp:4:
/usr/include/c++/11/bits/ostream.tcc:105:5: note: candidate: ‘std::basic_ostream<_CharT, _Traits>& std::basic_ostream<_CharT, _Traits>::operator<<(int) [with _CharT = char; _Traits = std::char_traits<char>]’
  105 |     basic_ostream<_CharT, _Traits>::
      |     ^~~~~~~~~~~~~~~~~~~~~~~~~~~~~~
/usr/include/c++/11/bits/ostream.tcc:106:20: note:   no known conversion for argument 1 from ‘const RelionError’ to ‘int’
  106 |     operator<<(int __n)
      |                ~~~~^~~
In file included from /work4/scd/scarf1415/motioncorr/post128-sgpu-20261001/candidate-src/src/acc/cuda/cuda_movie_session.h:6,
                 from /work4/scd/scarf1415/motioncorr/post128-sgpu-20261001/candidate-src/tests/cuda_patch_workspace.cpp:4:
/usr/include/c++/11/ostream:192:7: note: candidate: ‘std::basic_ostream<_CharT, _Traits>::__ostream_type& std::basic_ostream<_CharT, _Traits>::operator<<(unsigned int) [with _CharT = char; _Traits = std::char_traits<char>; std::basic_ostream<_CharT, _Traits>::__ostream_type = std::basic_ostream<char>]’
  192 |       operator<<(unsigned int __n)
      |       ^~~~~~~~
/usr/include/c++/11/ostream:192:31: note:   no known conversion for argument 1 from ‘const RelionError’ to ‘unsigned int’
  192 |       operator<<(unsigned int __n)
      |                  ~~~~~~~~~~~~~^~~
/usr/include/c++/11/ostream:201:7: note: candidate: ‘std::basic_ostream<_CharT, _Traits>::__ostream_type& std::basic_ostream<_CharT, _Traits>::operator<<(long long int) [with _CharT = char; _Traits = std::char_traits<char>; std::basic_ostream<_CharT, _Traits>::__ostream_type = std::basic_ostream<char>]’
  201 |       operator<<(long long __n)
      |       ^~~~~~~~
/usr/include/c++/11/ostream:201:28: note:   no known conversion for argument 1 from ‘const RelionError’ to ‘long long int’
  201 |       operator<<(long long __n)
      |                  ~~~~~~~~~~^~~
/usr/include/c++/11/ostream:205:7: note: candidate: ‘std::basic_ostream<_CharT, _Traits>::__ostream_type& std::basic_ostream<_CharT, _Traits>::operator<<(long long unsigned int) [with _CharT = char; _Traits = std::char_traits<char>; std::basic_ostream<_CharT, _Traits>::__ostream_type = std::basic_ostream<char>]’
  205 |       operator<<(unsigned long long __n)
      |       ^~~~~~~~
/usr/include/c++/11/ostream:205:37: note:   no known conversion for argument 1 from ‘const RelionError’ to ‘long long unsigned int’
  205 |       operator<<(unsigned long long __n)
      |                  ~~~~~~~~~~~~~~~~~~~^~~
/usr/include/c++/11/ostream:220:7: note: candidate: ‘std::basic_ostream<_CharT, _Traits>::__ostream_type& std::basic_ostream<_CharT, _Traits>::operator<<(double) [with _CharT = char; _Traits = std::char_traits<char>; std::basic_ostream<_CharT, _Traits>::__ostream_type = std::basic_ostream<char>]’
  220 |       operator<<(double __f)
      |       ^~~~~~~~
/usr/include/c++/11/ostream:220:25: note:   no known conversion for argument 1 from ‘const RelionError’ to ‘double’
  220 |       operator<<(double __f)
      |                  ~~~~~~~^~~
/usr/include/c++/11/ostream:224:7: note: candidate: ‘std::basic_ostream<_CharT, _Traits>::__ostream_type& std::basic_ostream<_CharT, _Traits>::operator<<(float) [with _CharT = char; _Traits = std::char_traits<char>; std::basic_ostream<_CharT, _Traits>::__ostream_type = std::basic_ostream<char>]’
  224 |       operator<<(float __f)
      |       ^~~~~~~~
/usr/include/c++/11/ostream:224:24: note:   no known conversion for argument 1 from ‘const RelionError’ to ‘float’
  224 |       operator<<(float __f)
      |                  ~~~~~~^~~
/usr/include/c++/11/ostream:232:7: note: candidate: ‘std::basic_ostream<_CharT, _Traits>::__ostream_type& std::basic_ostream<_CharT, _Traits>::operator<<(long double) [with _CharT = char; _Traits = std::char_traits<char>; std::basic_ostream<_CharT, _Traits>::__ostream_type = std::basic_ostream<char>]’
  232 |       operator<<(long double __f)
      |       ^~~~~~~~
/usr/include/c++/11/ostream:232:30: note:   no known conversion for argument 1 from ‘const RelionError’ to ‘long double’
  232 |       operator<<(long double __f)
      |                  ~~~~~~~~~~~~^~~
/usr/include/c++/11/ostream:245:7: note: candidate: ‘std::basic_ostream<_CharT, _Traits>::__ostream_type& std::basic_ostream<_CharT, _Traits>::operator<<(const void*) [with _CharT = char; _Traits = std::char_traits<char>; std::basic_ostream<_CharT, _Traits>::__ostream_type = std::basic_ostream<char>]’
  245 |       operator<<(const void* __p)
      |       ^~~~~~~~
/usr/include/c++/11/ostream:245:30: note:   no known conversion for argument 1 from ‘const RelionError’ to ‘const void*’
  245 |       operator<<(const void* __p)
      |                  ~~~~~~~~~~~~^~~
/usr/include/c++/11/ostream:250:7: note: candidate: ‘std::basic_ostream<_CharT, _Traits>::__ostream_type& std::basic_ostream<_CharT, _Traits>::operator<<(std::nullptr_t) [with _CharT = char; _Traits = std::char_traits<char>; std::basic_ostream<_CharT, _Traits>::__ostream_type = std::basic_ostream<char>; std::nullptr_t = std::nullptr_t]’
  250 |       operator<<(nullptr_t)
      |       ^~~~~~~~
/usr/include/c++/11/ostream:250:18: note:   no known conversion for argument 1 from ‘const RelionError’ to ‘std::nullptr_t’
  250 |       operator<<(nullptr_t)
      |                  ^~~~~~~~~
In file included from /usr/include/c++/11/ostream:829,
                 from /work4/scd/scarf1415/motioncorr/post128-sgpu-20261001/candidate-src/src/acc/cuda/cuda_movie_session.h:6,
                 from /work4/scd/scarf1415/motioncorr/post128-sgpu-20261001/candidate-src/tests/cuda_patch_workspace.cpp:4:
/usr/include/c++/11/bits/ostream.tcc:119:5: note: candidate: ‘std::basic_ostream<_CharT, _Traits>& std::basic_ostream<_CharT, _Traits>::operator<<(std::basic_ostream<_CharT, _Traits>::__streambuf_type*) [with _CharT = char; _Traits = std::char_traits<char>; std::basic_ostream<_CharT, _Traits>::__streambuf_type = std::basic_streambuf<char>]’
  119 |     basic_ostream<_CharT, _Traits>::
      |     ^~~~~~~~~~~~~~~~~~~~~~~~~~~~~~
/usr/include/c++/11/bits/ostream.tcc:120:34: note:   no known conversion for argument 1 from ‘const RelionError’ to ‘std::basic_ostream<char>::__streambuf_type*’ {aka ‘std::basic_streambuf<char>*’}
  120 |     operator<<(__streambuf_type* __sbin)
      |                ~~~~~~~~~~~~~~~~~~^~~~~~
In file included from /work4/scd/scarf1415/motioncorr/post128-sgpu-20261001/candidate-src/src/complex.h:24,
                 from /work4/scd/scarf1415/motioncorr/post128-sgpu-20261001/candidate-src/src/multidim_array.h:57,
                 from /work4/scd/scarf1415/motioncorr/post128-sgpu-20261001/candidate-src/src/image.h:150,
                 from /work4/scd/scarf1415/motioncorr/post128-sgpu-20261001/candidate-src/src/acc/cuda/cuda_movie_session.h:7,
                 from /work4/scd/scarf1415/motioncorr/post128-sgpu-20261001/candidate-src/tests/cuda_patch_workspace.cpp:4:
/work4/scd/scarf1415/motioncorr/post128-sgpu-20261001/candidate-src/src/jaz/single_particle/t_complex.h:231:15: note: candidate: ‘template<class T> std::ostream& operator<<(std::ostream&, const tComplex<T>&)’
  231 | std::ostream& operator << (std::ostream& os, const tComplex<T>& z)
      |               ^~~~~~~~
/work4/scd/scarf1415/motioncorr/post128-sgpu-20261001/candidate-src/src/jaz/single_particle/t_complex.h:231:15: note:   template argument deduction/substitution failed:
/work4/scd/scarf1415/motioncorr/post128-sgpu-20261001/candidate-src/tests/cuda_patch_workspace.cpp:344:61: note:   ‘const RelionError’ is not derived from ‘const tComplex<T>’
  344 |         std::cerr << "Unexpected production exception: " << e << '\n'; return 1;
      |                                                             ^
In file included from /work4/scd/scarf1415/motioncorr/post128-sgpu-20261001/candidate-src/src/image.h:150,
                 from /work4/scd/scarf1415/motioncorr/post128-sgpu-20261001/candidate-src/src/acc/cuda/cuda_movie_session.h:7,
                 from /work4/scd/scarf1415/motioncorr/post128-sgpu-20261001/candidate-src/tests/cuda_patch_workspace.cpp:4:
/work4/scd/scarf1415/motioncorr/post128-sgpu-20261001/candidate-src/src/multidim_array.h:4713:15: note: candidate: ‘template<class T> std::ostream& operator<<(std::ostream&, const MultidimArray<T>&)’
 4713 | std::ostream& operator<< (std::ostream& ostrm, const MultidimArray<T>& v)
      |               ^~~~~~~~
/work4/scd/scarf1415/motioncorr/post128-sgpu-20261001/candidate-src/src/multidim_array.h:4713:15: note:   template argument deduction/substitution failed:
/work4/scd/scarf1415/motioncorr/post128-sgpu-20261001/candidate-src/tests/cuda_patch_workspace.cpp:344:61: note:   ‘const RelionError’ is not derived from ‘const MultidimArray<T>’
  344 |         std::cerr << "Unexpected production exception: " << e << '\n'; return 1;
      |                                                             ^
In file included from /usr/include/c++/11/bits/basic_string.h:48,
                 from /usr/include/c++/11/string:55,
                 from /work4/scd/scarf1415/motioncorr/post128-sgpu-20261001/candidate-src/src/acc/cuda/cuda_movie_session.h:5,
                 from /work4/scd/scarf1415/motioncorr/post128-sgpu-20261001/candidate-src/tests/cuda_patch_workspace.cpp:4:
/usr/include/c++/11/string_view:670:5: note: candidate: ‘template<class _CharT, class _Traits> std::basic_ostream<_CharT, _Traits>& std::operator<<(std::basic_ostream<_CharT, _Traits>&, std::basic_string_view<_CharT, _Traits>)’
  670 |     operator<<(basic_ostream<_CharT, _Traits>& __os,
      |     ^~~~~~~~
/usr/include/c++/11/string_view:670:5: note:   template argument deduction/substitution failed:
/work4/scd/scarf1415/motioncorr/post128-sgpu-20261001/candidate-src/tests/cuda_patch_workspace.cpp:344:61: note:   ‘RelionError’ is not derived from ‘std::basic_string_view<_CharT, _Traits>’
  344 |         std::cerr << "Unexpected production exception: " << e << '\n'; return 1;
      |                                                             ^
In file included from /usr/include/c++/11/string:55,
                 from /work4/scd/scarf1415/motioncorr/post128-sgpu-20261001/candidate-src/src/acc/cuda/cuda_movie_session.h:5,
                 from /work4/scd/scarf1415/motioncorr/post128-sgpu-20261001/candidate-src/tests/cuda_patch_workspace.cpp:4:
/usr/include/c++/11/bits/basic_string.h:6531:5: note: candidate: ‘template<class _CharT, class _Traits, class _Alloc> std::basic_ostream<_CharT, _Traits>& std::operator<<(std::basic_ostream<_CharT, _Traits>&, const std::__cxx11::basic_string<_CharT, _Traits, _Allocator>&)’
 6531 |     operator<<(basic_ostream<_CharT, _Traits>& __os,
      |     ^~~~~~~~
/usr/include/c++/11/bits/basic_string.h:6531:5: note:   template argument deduction/substitution failed:
/work4/scd/scarf1415/motioncorr/post128-sgpu-20261001/candidate-src/tests/cuda_patch_workspace.cpp:344:61: note:   ‘const RelionError’ is not derived from ‘const std::__cxx11::basic_string<_CharT, _Traits, _Allocator>’
  344 |         std::cerr << "Unexpected production exception: " << e << '\n'; return 1;
      |                                                             ^
In file included from /usr/include/c++/11/bits/ios_base.h:46,
                 from /usr/include/c++/11/ios:42,
                 from /usr/include/c++/11/ostream:38,
                 from /work4/scd/scarf1415/motioncorr/post128-sgpu-20261001/candidate-src/src/acc/cuda/cuda_movie_session.h:6,
                 from /work4/scd/scarf1415/motioncorr/post128-sgpu-20261001/candidate-src/tests/cuda_patch_workspace.cpp:4:
/usr/include/c++/11/system_error:279:5: note: candidate: ‘template<class _CharT, class _Traits> std::basic_ostream<_CharT, _Traits>& std::operator<<(std::basic_ostream<_CharT, _Traits>&, const std::error_code&)’
  279 |     operator<<(basic_ostream<_CharT, _Traits>& __os, const error_code& __e)
      |     ^~~~~~~~
/usr/include/c++/11/system_error:279:5: note:   template argument deduction/substitution failed:
/work4/scd/scarf1415/motioncorr/post128-sgpu-20261001/candidate-src/tests/cuda_patch_workspace.cpp:344:61: note:   cannot convert ‘e’ (type ‘const RelionError’) to type ‘const std::error_code&’
  344 |         std::cerr << "Unexpected production exception: " << e << '\n'; return 1;
      |                                                             ^
In file included from /work4/scd/scarf1415/motioncorr/post128-sgpu-20261001/candidate-src/src/acc/cuda/cuda_movie_session.h:6,
                 from /work4/scd/scarf1415/motioncorr/post128-sgpu-20261001/candidate-src/tests/cuda_patch_workspace.cpp:4:
/usr/include/c++/11/ostream:513:5: note: candidate: ‘template<class _CharT, class _Traits> std::basic_ostream<_CharT, _Traits>& std::operator<<(std::basic_ostream<_CharT, _Traits>&, _CharT)’
  513 |     operator<<(basic_ostream<_CharT, _Traits>& __out, _CharT __c)
      |     ^~~~~~~~
/usr/include/c++/11/ostream:513:5: note:   template argument deduction/substitution failed:
/work4/scd/scarf1415/motioncorr/post128-sgpu-20261001/candidate-src/tests/cuda_patch_workspace.cpp:344:61: note:   deduced conflicting types for parameter ‘_CharT’ (‘char’ and ‘RelionError’)
  344 |         std::cerr << "Unexpected production exception: " << e << '\n'; return 1;
      |                                                             ^
In file included from /work4/scd/scarf1415/motioncorr/post128-sgpu-20261001/candidate-src/src/acc/cuda/cuda_movie_session.h:6,
                 from /work4/scd/scarf1415/motioncorr/post128-sgpu-20261001/candidate-src/tests/cuda_patch_workspace.cpp:4:
/usr/include/c++/11/ostream:518:5: note: candidate: ‘template<class _CharT, class _Traits> std::basic_ostream<_CharT, _Traits>& std::operator<<(std::basic_ostream<_CharT, _Traits>&, char)’
  518 |     operator<<(basic_ostream<_CharT, _Traits>& __out, char __c)
      |     ^~~~~~~~
/usr/include/c++/11/ostream:518:5: note:   template argument deduction/substitution failed:
/work4/scd/scarf1415/motioncorr/post128-sgpu-20261001/candidate-src/tests/cuda_patch_workspace.cpp:344:61: note:   cannot convert ‘e’ (type ‘const RelionError’) to type ‘char’
  344 |         std::cerr << "Unexpected production exception: " << e << '\n'; return 1;
      |                                                             ^
In file included from /work4/scd/scarf1415/motioncorr/post128-sgpu-20261001/candidate-src/src/acc/cuda/cuda_movie_session.h:6,
                 from /work4/scd/scarf1415/motioncorr/post128-sgpu-20261001/candidate-src/tests/cuda_patch_workspace.cpp:4:
/usr/include/c++/11/ostream:524:5: note: candidate: ‘template<class _Traits> std::basic_ostream<char, _Traits>& std::operator<<(std::basic_ostream<char, _Traits>&, char)’
  524 |     operator<<(basic_ostream<char, _Traits>& __out, char __c)
      |     ^~~~~~~~
/usr/include/c++/11/ostream:524:5: note:   template argument deduction/substitution failed:
/work4/scd/scarf1415/motioncorr/post128-sgpu-20261001/candidate-src/tests/cuda_patch_workspace.cpp:344:61: note:   cannot convert ‘e’ (type ‘const RelionError’) to type ‘char’
  344 |         std::cerr << "Unexpected production exception: " << e << '\n'; return 1;
      |                                                             ^
In file included from /work4/scd/scarf1415/motioncorr/post128-sgpu-20261001/candidate-src/src/acc/cuda/cuda_movie_session.h:6,
                 from /work4/scd/scarf1415/motioncorr/post128-sgpu-20261001/candidate-src/tests/cuda_patch_workspace.cpp:4:
/usr/include/c++/11/ostream:530:5: note: candidate: ‘template<class _Traits> std::basic_ostream<char, _Traits>& std::operator<<(std::basic_ostream<char, _Traits>&, signed char)’
  530 |     operator<<(basic_ostream<char, _Traits>& __out, signed char __c)
      |     ^~~~~~~~
/usr/include/c++/11/ostream:530:5: note:   template argument deduction/substitution failed:
/work4/scd/scarf1415/motioncorr/post128-sgpu-20261001/candidate-src/tests/cuda_patch_workspace.cpp:344:61: note:   cannot convert ‘e’ (type ‘const RelionError’) to type ‘signed char’
  344 |         std::cerr << "Unexpected production exception: " << e << '\n'; return 1;
      |                                                             ^
In file included from /work4/scd/scarf1415/motioncorr/post128-sgpu-20261001/candidate-src/src/acc/cuda/cuda_movie_session.h:6,
                 from /work4/scd/scarf1415/motioncorr/post128-sgpu-20261001/candidate-src/tests/cuda_patch_workspace.cpp:4:
/usr/include/c++/11/ostream:535:5: note: candidate: ‘template<class _Traits> std::basic_ostream<char, _Traits>& std::operator<<(std::basic_ostream<char, _Traits>&, unsigned char)’
  535 |     operator<<(basic_ostream<char, _Traits>& __out, unsigned char __c)
      |     ^~~~~~~~
/usr/include/c++/11/ostream:535:5: note:   template argument deduction/substitution failed:
/work4/scd/scarf1415/motioncorr/post128-sgpu-20261001/candidate-src/tests/cuda_patch_workspace.cpp:344:61: note:   cannot convert ‘e’ (type ‘const RelionError’) to type ‘unsigned char’
  344 |         std::cerr << "Unexpected production exception: " << e << '\n'; return 1;
      |                                                             ^
In file included from /work4/scd/scarf1415/motioncorr/post128-sgpu-20261001/candidate-src/src/acc/cuda/cuda_movie_session.h:6,
                 from /work4/scd/scarf1415/motioncorr/post128-sgpu-20261001/candidate-src/tests/cuda_patch_workspace.cpp:4:
/usr/include/c++/11/ostream:594:5: note: candidate: ‘template<class _CharT, class _Traits> std::basic_ostream<_CharT, _Traits>& std::operator<<(std::basic_ostream<_CharT, _Traits>&, const _CharT*)’
  594 |     operator<<(basic_ostream<_CharT, _Traits>& __out, const _CharT* __s)
      |     ^~~~~~~~
/usr/include/c++/11/ostream:594:5: note:   template argument deduction/substitution failed:
/work4/scd/scarf1415/motioncorr/post128-sgpu-20261001/candidate-src/tests/cuda_patch_workspace.cpp:344:61: note:   mismatched types ‘const _CharT*’ and ‘RelionError’
  344 |         std::cerr << "Unexpected production exception: " << e << '\n'; return 1;
      |                                                             ^
In file included from /usr/include/c++/11/ostream:829,
                 from /work4/scd/scarf1415/motioncorr/post128-sgpu-20261001/candidate-src/src/acc/cuda/cuda_movie_session.h:6,
                 from /work4/scd/scarf1415/motioncorr/post128-sgpu-20261001/candidate-src/tests/cuda_patch_workspace.cpp:4:
/usr/include/c++/11/bits/ostream.tcc:321:5: note: candidate: ‘template<class _CharT, class _Traits> std::basic_ostream<_CharT, _Traits>& std::operator<<(std::basic_ostream<_CharT, _Traits>&, const char*)’
  321 |     operator<<(basic_ostream<_CharT, _Traits>& __out, const char* __s)
      |     ^~~~~~~~
/usr/include/c++/11/bits/ostream.tcc:321:5: note:   template argument deduction/substitution failed:
/work4/scd/scarf1415/motioncorr/post128-sgpu-20261001/candidate-src/tests/cuda_patch_workspace.cpp:344:61: note:   cannot convert ‘e’ (type ‘const RelionError’) to type ‘const char*’
  344 |         std::cerr << "Unexpected production exception: " << e << '\n'; return 1;
      |                                                             ^
In file included from /work4/scd/scarf1415/motioncorr/post128-sgpu-20261001/candidate-src/src/acc/cuda/cuda_movie_session.h:6,
                 from /work4/scd/scarf1415/motioncorr/post128-sgpu-20261001/candidate-src/tests/cuda_patch_workspace.cpp:4:
/usr/include/c++/11/ostream:611:5: note: candidate: ‘template<class _Traits> std::basic_ostream<char, _Traits>& std::operator<<(std::basic_ostream<char, _Traits>&, const char*)’
  611 |     operator<<(basic_ostream<char, _Traits>& __out, const char* __s)
      |     ^~~~~~~~
/usr/include/c++/11/ostream:611:5: note:   template argument deduction/substitution failed:
/work4/scd/scarf1415/motioncorr/post128-sgpu-20261001/candidate-src/tests/cuda_patch_workspace.cpp:344:61: note:   cannot convert ‘e’ (type ‘const RelionError’) to type ‘const char*’
  344 |         std::cerr << "Unexpected production exception: " << e << '\n'; return 1;
      |                                                             ^
In file included from /work4/scd/scarf1415/motioncorr/post128-sgpu-20261001/candidate-src/src/acc/cuda/cuda_movie_session.h:6,
                 from /work4/scd/scarf1415/motioncorr/post128-sgpu-20261001/candidate-src/tests/cuda_patch_workspace.cpp:4:
/usr/include/c++/11/ostream:624:5: note: candidate: ‘template<class _Traits> std::basic_ostream<char, _Traits>& std::operator<<(std::basic_ostream<char, _Traits>&, const signed char*)’
  624 |     operator<<(basic_ostream<char, _Traits>& __out, const signed char* __s)
      |     ^~~~~~~~
/usr/include/c++/11/ostream:624:5: note:   template argument deduction/substitution failed:
/work4/scd/scarf1415/motioncorr/post128-sgpu-20261001/candidate-src/tests/cuda_patch_workspace.cpp:344:61: note:   cannot convert ‘e’ (type ‘const RelionError’) to type ‘const signed char*’
  344 |         std::cerr << "Unexpected production exception: " << e << '\n'; return 1;
      |                                                             ^
In file included from /work4/scd/scarf1415/motioncorr/post128-sgpu-20261001/candidate-src/src/acc/cuda/cuda_movie_session.h:6,
                 from /work4/scd/scarf1415/motioncorr/post128-sgpu-20261001/candidate-src/tests/cuda_patch_workspace.cpp:4:
/usr/include/c++/11/ostream:629:5: note: candidate: ‘template<class _Traits> std::basic_ostream<char, _Traits>& std::operator<<(std::basic_ostream<char, _Traits>&, const unsigned char*)’
  629 |     operator<<(basic_ostream<char, _Traits>& __out, const unsigned char* __s)
      |     ^~~~~~~~
/usr/include/c++/11/ostream:629:5: note:   template argument deduction/substitution failed:
/work4/scd/scarf1415/motioncorr/post128-sgpu-20261001/candidate-src/tests/cuda_patch_workspace.cpp:344:61: note:   cannot convert ‘e’ (type ‘const RelionError’) to type ‘const unsigned char*’
  344 |         std::cerr << "Unexpected production exception: " << e << '\n'; return 1;
      |                                                             ^
In file included from /work4/scd/scarf1415/motioncorr/post128-sgpu-20261001/candidate-src/src/acc/cuda/cuda_movie_session.h:6,
                 from /work4/scd/scarf1415/motioncorr/post128-sgpu-20261001/candidate-src/tests/cuda_patch_workspace.cpp:4:
/usr/include/c++/11/ostream:750:5: note: candidate: ‘template<class _Ostream, class _Tp> _Ostream&& std::operator<<(_Ostream&&, const _Tp&)’
  750 |     operator<<(_Ostream&& __os, const _Tp& __x)
      |     ^~~~~~~~
/usr/include/c++/11/ostream:750:5: note:   template argument deduction/substitution failed:
/usr/include/c++/11/ostream: In substitution of ‘template<class _Ostream, class _Tp> _Ostream&& std::operator<<(_Ostream&&, const _Tp&) [with _Ostream = std::basic_ostream<char>&; _Tp = RelionError]’:
/work4/scd/scarf1415/motioncorr/post128-sgpu-20261001/candidate-src/tests/cuda_patch_workspace.cpp:344:61:   required from here
/usr/include/c++/11/ostream:750:5: error: no type named ‘type’ in ‘struct std::enable_if<false, void>’
In file included from /usr/include/c++/11/memory:77,
                 from /work4/scd/scarf1415/motioncorr/post128-sgpu-20261001/candidate-src/src/image.h:60,
                 from /work4/scd/scarf1415/motioncorr/post128-sgpu-20261001/candidate-src/src/acc/cuda/cuda_movie_session.h:7,
                 from /work4/scd/scarf1415/motioncorr/post128-sgpu-20261001/candidate-src/tests/cuda_patch_workspace.cpp:4:
/usr/include/c++/11/bits/shared_ptr.h:70:5: note: candidate: ‘template<class _Ch, class _Tr, class _Tp, __gnu_cxx::_Lock_policy _Lp> std::basic_ostream<_CharT, _Traits>& std::operator<<(std::basic_ostream<_CharT, _Traits>&, const std::__shared_ptr<_Tp, _Lp>&)’
   70 |     operator<<(std::basic_ostream<_Ch, _Tr>& __os,
      |     ^~~~~~~~
/usr/include/c++/11/bits/shared_ptr.h:70:5: note:   template argument deduction/substitution failed:
/work4/scd/scarf1415/motioncorr/post128-sgpu-20261001/candidate-src/tests/cuda_patch_workspace.cpp:344:61: note:   ‘const RelionError’ is not derived from ‘const std::__shared_ptr<_Tp, _Lp>’
  344 |         std::cerr << "Unexpected production exception: " << e << '\n'; return 1;
      |                                                             ^
In file included from /work4/scd/scarf1415/motioncorr/post128-sgpu-20261001/candidate-src/src/filename.h:51,
                 from /work4/scd/scarf1415/motioncorr/post128-sgpu-20261001/candidate-src/src/image.h:149,
                 from /work4/scd/scarf1415/motioncorr/post128-sgpu-20261001/candidate-src/src/acc/cuda/cuda_movie_session.h:7,
                 from /work4/scd/scarf1415/motioncorr/post128-sgpu-20261001/candidate-src/tests/cuda_patch_workspace.cpp:4:
/usr/include/c++/11/complex:555:5: note: candidate: ‘template<class _Tp, class _CharT, class _Traits> std::basic_ostream<_CharT, _Traits>& std::operator<<(std::basic_ostream<_CharT, _Traits>&, const std::complex<_Tp>&)’
  555 |     operator<<(basic_ostream<_CharT, _Traits>& __os, const complex<_Tp>& __x)
      |     ^~~~~~~~
/usr/include/c++/11/complex:555:5: note:   template argument deduction/substitution failed:
/work4/scd/scarf1415/motioncorr/post128-sgpu-20261001/candidate-src/tests/cuda_patch_workspace.cpp:344:61: note:   ‘const RelionError’ is not derived from ‘const std::complex<_Tp>’
  344 |         std::cerr << "Unexpected production exception: " << e << '\n'; return 1;
      |                                                             ^
In file included from /work4/scd/scarf1415/motioncorr/post128-sgpu-20261001/candidate-src/src/args.h:50,
                 from /work4/scd/scarf1415/motioncorr/post128-sgpu-20261001/candidate-src/src/multidim_array.h:54,
                 from /work4/scd/scarf1415/motioncorr/post128-sgpu-20261001/candidate-src/src/image.h:150,
                 from /work4/scd/scarf1415/motioncorr/post128-sgpu-20261001/candidate-src/src/acc/cuda/cuda_movie_session.h:7,
                 from /work4/scd/scarf1415/motioncorr/post128-sgpu-20261001/candidate-src/tests/cuda_patch_workspace.cpp:4:
/usr/include/c++/11/iomanip:79:5: note: candidate: ‘template<class _CharT, class _Traits> std::basic_ostream<_CharT, _Traits>& std::operator<<(std::basic_ostream<_CharT, _Traits>&, std::_Resetiosflags)’
   79 |     operator<<(basic_ostream<_CharT, _Traits>& __os, _Resetiosflags __f)
      |     ^~~~~~~~
/usr/include/c++/11/iomanip:79:5: note:   template argument deduction/substitution failed:
/work4/scd/scarf1415/motioncorr/post128-sgpu-20261001/candidate-src/tests/cuda_patch_workspace.cpp:344:61: note:   cannot convert ‘e’ (type ‘const RelionError’) to type ‘std::_Resetiosflags’
  344 |         std::cerr << "Unexpected production exception: " << e << '\n'; return 1;
      |                                                             ^
In file included from /work4/scd/scarf1415/motioncorr/post128-sgpu-20261001/candidate-src/src/args.h:50,
                 from /work4/scd/scarf1415/motioncorr/post128-sgpu-20261001/candidate-src/src/multidim_array.h:54,
                 from /work4/scd/scarf1415/motioncorr/post128-sgpu-20261001/candidate-src/src/image.h:150,
                 from /work4/scd/scarf1415/motioncorr/post128-sgpu-20261001/candidate-src/src/acc/cuda/cuda_movie_session.h:7,
                 from /work4/scd/scarf1415/motioncorr/post128-sgpu-20261001/candidate-src/tests/cuda_patch_workspace.cpp:4:
/usr/include/c++/11/iomanip:109:5: note: candidate: ‘template<class _CharT, class _Traits> std::basic_ostream<_CharT, _Traits>& std::operator<<(std::basic_ostream<_CharT, _Traits>&, std::_Setiosflags)’
  109 |     operator<<(basic_ostream<_CharT, _Traits>& __os, _Setiosflags __f)
      |     ^~~~~~~~
/usr/include/c++/11/iomanip:109:5: note:   template argument deduction/substitution failed:
/work4/scd/scarf1415/motioncorr/post128-sgpu-20261001/candidate-src/tests/cuda_patch_workspace.cpp:344:61: note:   cannot convert ‘e’ (type ‘const RelionError’) to type ‘std::_Setiosflags’
  344 |         std::cerr << "Unexpected production exception: " << e << '\n'; return 1;
      |                                                             ^
In file included from /work4/scd/scarf1415/motioncorr/post128-sgpu-20261001/candidate-src/src/args.h:50,
                 from /work4/scd/scarf1415/motioncorr/post128-sgpu-20261001/candidate-src/src/multidim_array.h:54,
                 from /work4/scd/scarf1415/motioncorr/post128-sgpu-20261001/candidate-src/src/image.h:150,
                 from /work4/scd/scarf1415/motioncorr/post128-sgpu-20261001/candidate-src/src/acc/cuda/cuda_movie_session.h:7,
                 from /work4/scd/scarf1415/motioncorr/post128-sgpu-20261001/candidate-src/tests/cuda_patch_workspace.cpp:4:
/usr/include/c++/11/iomanip:143:5: note: candidate: ‘template<class _CharT, class _Traits> std::basic_ostream<_CharT, _Traits>& std::operator<<(std::basic_ostream<_CharT, _Traits>&, std::_Setbase)’
  143 |     operator<<(basic_ostream<_CharT, _Traits>& __os, _Setbase __f)
      |     ^~~~~~~~
/usr/include/c++/11/iomanip:143:5: note:   template argument deduction/substitution failed:
/work4/scd/scarf1415/motioncorr/post128-sgpu-20261001/candidate-src/tests/cuda_patch_workspace.cpp:344:61: note:   cannot convert ‘e’ (type ‘const RelionError’) to type ‘std::_Setbase’
  344 |         std::cerr << "Unexpected production exception: " << e << '\n'; return 1;
      |                                                             ^
In file included from /work4/scd/scarf1415/motioncorr/post128-sgpu-20261001/candidate-src/src/args.h:50,
                 from /work4/scd/scarf1415/motioncorr/post128-sgpu-20261001/candidate-src/src/multidim_array.h:54,
                 from /work4/scd/scarf1415/motioncorr/post128-sgpu-20261001/candidate-src/src/image.h:150,
                 from /work4/scd/scarf1415/motioncorr/post128-sgpu-20261001/candidate-src/src/acc/cuda/cuda_movie_session.h:7,
                 from /work4/scd/scarf1415/motioncorr/post128-sgpu-20261001/candidate-src/tests/cuda_patch_workspace.cpp:4:
/usr/include/c++/11/iomanip:178:5: note: candidate: ‘template<class _CharT, class _Traits> std::basic_ostream<_CharT, _Traits>& std::operator<<(std::basic_ostream<_CharT, _Traits>&, std::_Setfill<_CharT>)’
  178 |     operator<<(basic_ostream<_CharT, _Traits>& __os, _Setfill<_CharT> __f)
      |     ^~~~~~~~
/usr/include/c++/11/iomanip:178:5: note:   template argument deduction/substitution failed:
/work4/scd/scarf1415/motioncorr/post128-sgpu-20261001/candidate-src/tests/cuda_patch_workspace.cpp:344:61: note:   ‘RelionError’ is not derived from ‘std::_Setfill<_CharT>’
  344 |         std::cerr << "Unexpected production exception: " << e << '\n'; return 1;
      |                                                             ^
In file included from /work4/scd/scarf1415/motioncorr/post128-sgpu-20261001/candidate-src/src/args.h:50,
                 from /work4/scd/scarf1415/motioncorr/post128-sgpu-20261001/candidate-src/src/multidim_array.h:54,
                 from /work4/scd/scarf1415/motioncorr/post128-sgpu-20261001/candidate-src/src/image.h:150,
                 from /work4/scd/scarf1415/motioncorr/post128-sgpu-20261001/candidate-src/src/acc/cuda/cuda_movie_session.h:7,
                 from /work4/scd/scarf1415/motioncorr/post128-sgpu-20261001/candidate-src/tests/cuda_patch_workspace.cpp:4:
/usr/include/c++/11/iomanip:208:5: note: candidate: ‘template<class _CharT, class _Traits> std::basic_ostream<_CharT, _Traits>& std::operator<<(std::basic_ostream<_CharT, _Traits>&, std::_Setprecision)’
  208 |     operator<<(basic_ostream<_CharT, _Traits>& __os, _Setprecision __f)
      |     ^~~~~~~~
/usr/include/c++/11/iomanip:208:5: note:   template argument deduction/substitution failed:
/work4/scd/scarf1415/motioncorr/post128-sgpu-20261001/candidate-src/tests/cuda_patch_workspace.cpp:344:61: note:   cannot convert ‘e’ (type ‘const RelionError’) to type ‘std::_Setprecision’
  344 |         std::cerr << "Unexpected production exception: " << e << '\n'; return 1;
      |                                                             ^
In file included from /work4/scd/scarf1415/motioncorr/post128-sgpu-20261001/candidate-src/src/args.h:50,
                 from /work4/scd/scarf1415/motioncorr/post128-sgpu-20261001/candidate-src/src/multidim_array.h:54,
                 from /work4/scd/scarf1415/motioncorr/post128-sgpu-20261001/candidate-src/src/image.h:150,
                 from /work4/scd/scarf1415/motioncorr/post128-sgpu-20261001/candidate-src/src/acc/cuda/cuda_movie_session.h:7,
                 from /work4/scd/scarf1415/motioncorr/post128-sgpu-20261001/candidate-src/tests/cuda_patch_workspace.cpp:4:
/usr/include/c++/11/iomanip:238:5: note: candidate: ‘template<class _CharT, class _Traits> std::basic_ostream<_CharT, _Traits>& std::operator<<(std::basic_ostream<_CharT, _Traits>&, std::_Setw)’
  238 |     operator<<(basic_ostream<_CharT, _Traits>& __os, _Setw __f)
      |     ^~~~~~~~
/usr/include/c++/11/iomanip:238:5: note:   template argument deduction/substitution failed:
/work4/scd/scarf1415/motioncorr/post128-sgpu-20261001/candidate-src/tests/cuda_patch_workspace.cpp:344:61: note:   cannot convert ‘e’ (type ‘const RelionError’) to type ‘std::_Setw’
  344 |         std::cerr << "Unexpected production exception: " << e << '\n'; return 1;
      |                                                             ^
In file included from /work4/scd/scarf1415/motioncorr/post128-sgpu-20261001/candidate-src/src/args.h:50,
                 from /work4/scd/scarf1415/motioncorr/post128-sgpu-20261001/candidate-src/src/multidim_array.h:54,
                 from /work4/scd/scarf1415/motioncorr/post128-sgpu-20261001/candidate-src/src/image.h:150,
                 from /work4/scd/scarf1415/motioncorr/post128-sgpu-20261001/candidate-src/src/acc/cuda/cuda_movie_session.h:7,
                 from /work4/scd/scarf1415/motioncorr/post128-sgpu-20261001/candidate-src/tests/cuda_patch_workspace.cpp:4:
/usr/include/c++/11/iomanip:311:5: note: candidate: ‘template<class _CharT, class _Traits, class _MoneyT> std::basic_ostream<_CharT, _Traits>& std::operator<<(std::basic_ostream<_CharT, _Traits>&, std::_Put_money<_MoneyT>)’
  311 |     operator<<(basic_ostream<_CharT, _Traits>& __os, _Put_money<_MoneyT> __f)
      |     ^~~~~~~~
/usr/include/c++/11/iomanip:311:5: note:   template argument deduction/substitution failed:
/work4/scd/scarf1415/motioncorr/post128-sgpu-20261001/candidate-src/tests/cuda_patch_workspace.cpp:344:61: note:   ‘RelionError’ is not derived from ‘std::_Put_money<_MoneyT>’
  344 |         std::cerr << "Unexpected production exception: " << e << '\n'; return 1;
      |                                                             ^
In file included from /work4/scd/scarf1415/motioncorr/post128-sgpu-20261001/candidate-src/src/args.h:50,
                 from /work4/scd/scarf1415/motioncorr/post128-sgpu-20261001/candidate-src/src/multidim_array.h:54,
                 from /work4/scd/scarf1415/motioncorr/post128-sgpu-20261001/candidate-src/src/image.h:150,
                 from /work4/scd/scarf1415/motioncorr/post128-sgpu-20261001/candidate-src/src/acc/cuda/cuda_movie_session.h:7,
                 from /work4/scd/scarf1415/motioncorr/post128-sgpu-20261001/candidate-src/tests/cuda_patch_workspace.cpp:4:
/usr/include/c++/11/iomanip:363:5: note: candidate: ‘template<class _CharT, class _Traits> std::basic_ostream<_CharT, _Traits>& std::operator<<(std::basic_ostream<_CharT, _Traits>&, std::_Put_time<_CharT>)’
  363 |     operator<<(basic_ostream<_CharT, _Traits>& __os, _Put_time<_CharT> __f)
      |     ^~~~~~~~
/usr/include/c++/11/iomanip:363:5: note:   template argument deduction/substitution failed:
/work4/scd/scarf1415/motioncorr/post128-sgpu-20261001/candidate-src/tests/cuda_patch_workspace.cpp:344:61: note:   ‘RelionError’ is not derived from ‘std::_Put_time<_CharT>’
  344 |         std::cerr << "Unexpected production exception: " << e << '\n'; return 1;
      |                                                             ^
In file included from /work4/scd/scarf1415/motioncorr/post128-sgpu-20261001/candidate-src/src/acc/cuda/cuda_scratch_arena.h:4,
                 from /work4/scd/scarf1415/motioncorr/post128-sgpu-20261001/candidate-src/src/acc/cuda/cuda_movie_session.h:9,
                 from /work4/scd/scarf1415/motioncorr/post128-sgpu-20261001/candidate-src/tests/cuda_patch_workspace.cpp:4:
/usr/include/c++/11/cstddef:126:5: note: candidate: ‘template<class _IntegerType> constexpr std::__byte_op_t<_IntegerType> std::operator<<(std::byte, _IntegerType)’
  126 |     operator<<(byte __b, _IntegerType __shift) noexcept
      |     ^~~~~~~~
/usr/include/c++/11/cstddef:126:5: note:   template argument deduction/substitution failed:
/work4/scd/scarf1415/motioncorr/post128-sgpu-20261001/candidate-src/tests/cuda_patch_workspace.cpp:344:19: note:   cannot convert ‘std::operator<< <std::char_traits<char> >(std::cerr, ((const char*)"Unexpected production exception: "))’ (type ‘std::basic_ostream<char>’) to type ‘std::byte’
  344 |         std::cerr << "Unexpected production exception: " << e << '\n'; return 1;
      |         ~~~~~~~~~~^~~~~~~~~~~~~~~~~~~~~~~~~~~~~~~~~~~~~~
In file included from /work4/scd/scarf1415/motioncorr/post128-sgpu-20261001/candidate-src/src/memory.h:48,
                 from /work4/scd/scarf1415/motioncorr/post128-sgpu-20261001/candidate-src/src/numerical_recipes.h:48,
                 from /work4/scd/scarf1415/motioncorr/post128-sgpu-20261001/candidate-src/src/funcs.h:59,
                 from /work4/scd/scarf1415/motioncorr/post128-sgpu-20261001/candidate-src/src/image.h:147,
                 from /work4/scd/scarf1415/motioncorr/post128-sgpu-20261001/candidate-src/src/acc/cuda/cuda_movie_session.h:7,
                 from /work4/scd/scarf1415/motioncorr/post128-sgpu-20261001/candidate-src/tests/cuda_patch_workspace.cpp:4:
/work4/scd/scarf1415/motioncorr/post128-sgpu-20261001/candidate-src/src/error.h:130:26: note: candidate: ‘std::ostream& operator<<(std::ostream&, RelionError&)’ (near match)
  130 |     friend std::ostream& operator<<(std::ostream& o, RelionError& XE);
      |                          ^~~~~~~~
/work4/scd/scarf1415/motioncorr/post128-sgpu-20261001/candidate-src/src/error.h:130:26: note:   conversion of argument 2 would be ill-formed:
/work4/scd/scarf1415/motioncorr/post128-sgpu-20261001/candidate-src/tests/cuda_patch_workspace.cpp:344:61: error: binding reference of type ‘RelionError&’ to ‘const RelionError’ discards qualifiers
  344 |         std::cerr << "Unexpected production exception: " << e << '\n'; return 1;
      |                                                             ^
[ 94%] Built target cuda_wrapper_upload_failure
[ 95%] Building CXX object CMakeFiles/motioncorr_retry_caller.dir/tests/cuda_retry_caller_shim.cpp.o
gmake[2]: *** [CMakeFiles/cuda_patch_workspace.dir/build.make:79: CMakeFiles/cuda_patch_workspace.dir/tests/cuda_patch_workspace.cpp.o] Error 1
gmake[1]: *** [CMakeFiles/Makefile2:1510: CMakeFiles/cuda_patch_workspace.dir/all] Error 2
gmake[1]: *** Waiting for unfinished jobs....
[ 96%] Linking CXX executable cuda_error_class
[ 97%] Linking CXX executable image_write_faults
[ 97%] Built target cuda_error_class
[ 97%] Built target image_write_faults
[ 98%] Linking CXX executable motioncorr_faultinject
[ 98%] Linking CXX executable motioncorr_retry_caller
[ 98%] Built target motioncorr_faultinject
[ 98%] Built target motioncorr_retry_caller
[ 99%] Linking CXX executable cuda_fault_matrix
[100%] Linking CXX executable runner_numerics
[100%] Built target cuda_fault_matrix
[100%] Built target runner_numerics
gmake: *** [Makefile:146: all] Error 2
