[faultinject] cudaGetDeviceCount #1
Using CUDA acceleration on GPU device 0 for global alignment.
 Using our own implementation based on MOTIONCOR2 algorithm
 to correct beam-induced motion for the following micrographs: 
  * /home/alex/MotionCorr-standalone/relion30_tutorial/Movies/20170629_00021_frameImage.tiff
 Correcting beam-induced motions using our own implementation ...
000/??? sec ~~(,_,">                                                          [oo][faultinject] cudaGetDeviceCount #2
[faultinject] cudaMalloc #1 size=1366942080
[faultinject] cudaMalloc #2 size=1367678976
[faultinject] cudaMalloc #3 size=56955920
[faultinject] cudaMalloc #4 size=56986624
[faultinject] cudaMalloc #5 size=56986624
[faultinject] cudaMalloc #6 size=28477960
[faultinject] cudaMalloc #7 size=16384
[faultinject] cudaMalloc #8 size=16
[faultinject] cudaMalloc #9 size=8192
[faultinject] cudaMalloc #10 size=8
[faultinject] cudaMalloc #11 size=1582112
[faultinject] cudaMalloc #12 size=12
[faultinject] cudaMalloc #13 size=948
[faultinject] cudaMalloc #14 size=948
[faultinject] cudaMalloc #15 size=22752
[faultinject] cudaGetDeviceCount #3
[faultinject] cudaMalloc #16 size=3786912
[faultinject] cudaMalloc #17 size=1893456
[faultinject] cudaMalloc #18 size=90885888
[faultinject] cudaMalloc #19 size=90699264
[faultinject] cudaMalloc #20 size=96
[faultinject] cudaMalloc #21 size=96
[faultinject] cudaMalloc #22 size=96
[faultinject] cudaMalloc #23 size=96
[faultinject] cudaMalloc #24 size=151887744
[faultinject] cudaMalloc #25 size=151642368
[faultinject] cudaMalloc #26 size=96
[faultinject] cudaMalloc #27 size=96
[faultinject] cudaGetDeviceCount #4
[faultinject] cudaMalloc #28 size=422496
[faultinject] cudaMalloc #29 size=211248
[faultinject] cudaMalloc #30 size=10139904
[faultinject] cudaMalloc #31 size=10077696
[faultinject] cudaMalloc #32 size=96
[faultinject] cudaMalloc #33 size=96
[faultinject] cudaMalloc #34 size=96
[faultinject] cudaMalloc #35 size=96
[faultinject] cudaGetDeviceCount #5
[faultinject] INJECTING cudaSuccess at cudaGetDeviceCount #5; last-error clean
[faultinject] cudaMalloc #36 size=151887744
[faultinject] cudaGetDeviceCount #6
[faultinject] cudaMalloc #37 size=422496
[faultinject] cudaMalloc #38 size=211248
[faultinject] cudaMalloc #39 size=10139904
[faultinject] cudaMalloc #40 size=10077696
[faultinject] cudaMalloc #41 size=96
[faultinject] cudaMalloc #42 size=96
[faultinject] cudaMalloc #43 size=96
[faultinject] cudaMalloc #44 size=96
[faultinject] cudaGetDeviceCount #7
[faultinject] cudaMalloc #45 size=422496
[faultinject] cudaMalloc #46 size=211248
[faultinject] cudaMalloc #47 size=10139904
[faultinject] cudaMalloc #48 size=10077696
[faultinject] cudaMalloc #49 size=96
[faultinject] cudaMalloc #50 size=96
[faultinject] cudaMalloc #51 size=96
[faultinject] cudaMalloc #52 size=96
[faultinject] cudaGetDeviceCount #8
[faultinject] cudaMalloc #53 size=151642368
[faultinject] cudaMalloc #54 size=151887744
[faultinject] cudaMalloc #55 size=96
[faultinject] cudaMalloc #56 size=96
[faultinject] cudaMalloc #57 size=151887744
[faultinject] cudaGetDeviceCount #9
[faultinject] cudaMalloc #58 size=422496
[faultinject] cudaMalloc #59 size=211248
[faultinject] cudaMalloc #60 size=10139904
[faultinject] cudaMalloc #61 size=10077696
[faultinject] cudaMalloc #62 size=96
[faultinject] cudaMalloc #63 size=96
[faultinject] cudaMalloc #64 size=96
[faultinject] cudaMalloc #65 size=96
[faultinject] cudaGetDeviceCount #10
[faultinject] cudaMalloc #66 size=422496
[faultinject] cudaMalloc #67 size=211248
[faultinject] cudaMalloc #68 size=10139904
[faultinject] cudaMalloc #69 size=10077696
[faultinject] cudaMalloc #70 size=96
[faultinject] cudaMalloc #71 size=96
[faultinject] cudaMalloc #72 size=96
[faultinject] cudaMalloc #73 size=96
[faultinject] cudaGetDeviceCount #11
[faultinject] cudaMalloc #74 size=151642368
[faultinject] cudaMalloc #75 size=151887744
[faultinject] cudaMalloc #76 size=96
[faultinject] cudaMalloc #77 size=96
[faultinject] cudaMalloc #78 size=151887744
[faultinject] cudaGetDeviceCount #12
[faultinject] cudaMalloc #79 size=422496
[faultinject] cudaMalloc #80 size=211248
[faultinject] cudaMalloc #81 size=10139904
[faultinject] cudaMalloc #82 size=10077696
[faultinject] cudaMalloc #83 size=96
[faultinject] cudaMalloc #84 size=96
[faultinject] cudaMalloc #85 size=96
[faultinject] cudaMalloc #86 size=96
[faultinject] cudaGetDeviceCount #13
[faultinject] cudaMalloc #87 size=422496
[faultinject] cudaMalloc #88 size=211248
[faultinject] cudaMalloc #89 size=10139904
[faultinject] cudaMalloc #90 size=10077696
[faultinject] cudaMalloc #91 size=96
[faultinject] cudaMalloc #92 size=96
[faultinject] cudaMalloc #93 size=96
[faultinject] cudaMalloc #94 size=96
[faultinject] cudaGetDeviceCount #14
[faultinject] cudaMalloc #95 size=151642368
[faultinject] cudaMalloc #96 size=151887744
[faultinject] cudaMalloc #97 size=96
[faultinject] cudaMalloc #98 size=96
[faultinject] cudaMalloc #99 size=151887744
[faultinject] cudaGetDeviceCount #15
[faultinject] cudaMalloc #100 size=422496
[faultinject] cudaMalloc #101 size=211248
[faultinject] cudaMalloc #102 size=10139904
[faultinject] cudaMalloc #103 size=10077696
[faultinject] cudaMalloc #104 size=96
[faultinject] cudaMalloc #105 size=96
[faultinject] cudaMalloc #106 size=96
[faultinject] cudaMalloc #107 size=96
[faultinject] cudaGetDeviceCount #16
[faultinject] cudaMalloc #108 size=422496
[faultinject] cudaMalloc #109 size=211248
[faultinject] cudaMalloc #110 size=10139904
[faultinject] cudaMalloc #111 size=10077696
[faultinject] cudaMalloc #112 size=96
[faultinject] cudaMalloc #113 size=96
[faultinject] cudaMalloc #114 size=96
[faultinject] cudaMalloc #115 size=96
[faultinject] cudaGetDeviceCount #17
[faultinject] cudaMalloc #116 size=151642368
[faultinject] cudaMalloc #117 size=151887744
[faultinject] cudaMalloc #118 size=96
[faultinject] cudaMalloc #119 size=96
[faultinject] cudaMalloc #120 size=151887744
[faultinject] cudaGetDeviceCount #18
[faultinject] cudaMalloc #121 size=422496
[faultinject] cudaMalloc #122 size=211248
[faultinject] cudaMalloc #123 size=10139904
[faultinject] cudaMalloc #124 size=10077696
[faultinject] cudaMalloc #125 size=96
[faultinject] cudaMalloc #126 size=96
[faultinject] cudaMalloc #127 size=96
[faultinject] cudaMalloc #128 size=96
[faultinject] cudaGetDeviceCount #19
[faultinject] cudaMalloc #129 size=422496
[faultinject] cudaMalloc #130 size=211248
[faultinject] cudaMalloc #131 size=10139904
[faultinject] cudaMalloc #132 size=10077696
[faultinject] cudaMalloc #133 size=96
[faultinject] cudaMalloc #134 size=96
[faultinject] cudaMalloc #135 size=96
[faultinject] cudaMalloc #136 size=96
[faultinject] cudaGetDeviceCount #20
[faultinject] cudaMalloc #137 size=151642368
[faultinject] cudaMalloc #138 size=151887744
[faultinject] cudaMalloc #139 size=96
[faultinject] cudaMalloc #140 size=96
[faultinject] cudaMalloc #141 size=151887744
[faultinject] cudaGetDeviceCount #21
[faultinject] cudaMalloc #142 size=422496
[faultinject] cudaMalloc #143 size=211248
[faultinject] cudaMalloc #144 size=10139904
[faultinject] cudaMalloc #145 size=10077696
[faultinject] cudaMalloc #146 size=96
[faultinject] cudaMalloc #147 size=96
[faultinject] cudaMalloc #148 size=96
[faultinject] cudaMalloc #149 size=96
[faultinject] cudaGetDeviceCount #22
[faultinject] cudaMalloc #150 size=422496
[faultinject] cudaMalloc #151 size=211248
[faultinject] cudaMalloc #152 size=10139904
[faultinject] cudaMalloc #153 size=10077696
[faultinject] cudaMalloc #154 size=96
[faultinject] cudaMalloc #155 size=96
[faultinject] cudaMalloc #156 size=96
[faultinject] cudaMalloc #157 size=96
[faultinject] cudaGetDeviceCount #23
[faultinject] cudaMalloc #158 size=151642368
[faultinject] cudaMalloc #159 size=151887744
[faultinject] cudaMalloc #160 size=96
[faultinject] cudaMalloc #161 size=96
[faultinject] cudaMalloc #162 size=151887744
[faultinject] cudaGetDeviceCount #24
[faultinject] cudaMalloc #163 size=422496
[faultinject] cudaMalloc #164 size=211248
[faultinject] cudaMalloc #165 size=10139904
[faultinject] cudaMalloc #166 size=10077696
[faultinject] cudaMalloc #167 size=96
[faultinject] cudaMalloc #168 size=96
[faultinject] cudaMalloc #169 size=96
[faultinject] cudaMalloc #170 size=96
[faultinject] cudaGetDeviceCount #25
[faultinject] cudaMalloc #171 size=422496
[faultinject] cudaMalloc #172 size=211248
[faultinject] cudaMalloc #173 size=10139904
[faultinject] cudaMalloc #174 size=10077696
[faultinject] cudaMalloc #175 size=96
[faultinject] cudaMalloc #176 size=96
[faultinject] cudaMalloc #177 size=96
[faultinject] cudaMalloc #178 size=96
[faultinject] cudaGetDeviceCount #26
[faultinject] cudaMalloc #179 size=151642368
[faultinject] cudaMalloc #180 size=151887744
[faultinject] cudaMalloc #181 size=96
[faultinject] cudaMalloc #182 size=96
[faultinject] cudaMalloc #183 size=151887744
[faultinject] cudaGetDeviceCount #27
[faultinject] cudaMalloc #184 size=422496
[faultinject] cudaMalloc #185 size=211248
[faultinject] cudaMalloc #186 size=10139904
[faultinject] cudaMalloc #187 size=10077696
[faultinject] cudaMalloc #188 size=96
[faultinject] cudaMalloc #189 size=96
[faultinject] cudaMalloc #190 size=96
[faultinject] cudaMalloc #191 size=96
[faultinject] cudaGetDeviceCount #28
[faultinject] cudaMalloc #192 size=422496
[faultinject] cudaMalloc #193 size=211248
[faultinject] cudaMalloc #194 size=10139904
[faultinject] cudaMalloc #195 size=10077696
[faultinject] cudaMalloc #196 size=96
[faultinject] cudaMalloc #197 size=96
[faultinject] cudaMalloc #198 size=96
[faultinject] cudaMalloc #199 size=96
[faultinject] cudaGetDeviceCount #29
[faultinject] cudaMalloc #200 size=151642368
[faultinject] cudaMalloc #201 size=151887744
[faultinject] cudaMalloc #202 size=96
[faultinject] cudaMalloc #203 size=96
[faultinject] cudaMalloc #204 size=151887744
[faultinject] cudaGetDeviceCount #30
[faultinject] cudaMalloc #205 size=422496
[faultinject] cudaMalloc #206 size=211248
[faultinject] cudaMalloc #207 size=10139904
[faultinject] cudaMalloc #208 size=10077696
[faultinject] cudaMalloc #209 size=96
[faultinject] cudaMalloc #210 size=96
[faultinject] cudaMalloc #211 size=96
[faultinject] cudaMalloc #212 size=96
/home/alex/MotionCorr-standalone/relion30_tutorial/Movies/20170629_00021_frameImage.tiff: too few valid local trajectories to fit local motion model.
[faultinject] cudaGetDeviceCount #31
[faultinject] cudaMalloc #213 size=56986624
[faultinject] cudaMalloc #214 size=56955920
[faultinject] cudaMalloc #215 size=56955920
[faultinject] cudaMalloc #216 size=96
   5/   5 sec ............................................................~~(,_,"> yum!
 Generating joint STAR file ... 
000/??? sec ~~(,_,">                                                          [oo]   0/   0 sec ............................................................~~(,_,"> yum!
 Written: /home/alex/mc118-preprocess-20260929T1311/main-proof/enumeration/patch-zero-devices/corrected_micrographs.star
 Now generating logfile.pdf ... 
 Done! Written: /home/alex/mc118-preprocess-20260929T1311/main-proof/enumeration/patch-zero-devices/logfile.pdf
[faultinject] remaining-owned=0 stale-releases=0
