=== provenance ===
2026-09-27T13:41:25+00:00
small-refmac-machine
d48d875d20b6dce9016143b3f9cb9a273ee86aaa
 13:41:25 up 299 days,  3:39, 21 users,  load average: 2.17, 2.20, 2.48
Cpus_allowed_list:	56-63
90d683dd0e406d2d8feeea39051557fb15eac0045fa0aae9af8347ada11ac5e4  build-cpu/motioncorr
=== CPU-backend declared matrix (separate diagnostic verdict) ===
[issue83] global_square ...
[issue83] global_square: pass
[issue83] local_square ...
[issue83] local_square: pass
[issue83] global_nonsquare ...
[issue83] global_nonsquare: pass
[issue83] local_nonsquare ...
[issue83] local_nonsquare: pass
[issue83] gain_none ...
[issue83] gain_none: pass
[issue83] gain_unity ...
[issue83] gain_unity: pass
[issue83] gain_nonunity ...
[issue83] gain_nonunity: pass
[issue83] defect_skip ...
[issue83] defect_skip: pass
[issue83] defect_detect ...
[issue83] defect_detect: pass
[issue83] defect_file ...
[issue83] defect_file: pass
[issue83] dose_off ...
[issue83] dose_off: pass
[issue83] dose_on ...
[issue83] dose_on: pass
[issue83] dose_on_savenoDW ...
[issue83] dose_on_savenoDW: pass
[issue83] dose_on_preexposure ...
[issue83] dose_on_preexposure: pass
[issue83] evenodd ...
[issue83] evenodd: pass
[issue83] evenodd_dose_noDW ...
[issue83] evenodd_dose_noDW: pass
[issue83] frames_subset ...
[issue83] frames_subset: pass
[issue83] group_frames_2 ...
[issue83] group_frames_2: pass
[issue83] group_frames_invalid ...
[issue83] group_frames_invalid: pass
[issue83] threads_invalid ...
[issue83] threads_invalid: pass
[issue83] bin1 ...
[issue83] bin1: pass
[issue83] early_bin2 ...
[issue83] early_bin2: pass
[issue83] late_bin2 ...
[issue83] late_bin2: pass
[issue83] power_spectrum ...
[issue83] power_spectrum: pass
{
  "declared": 25,
  "attempted": 24,
  "pass": 24,
  "fail": 0,
  "error": 0
}
UNRUN rows: realscale_local
matrix-cpu exit=1
2026-09-27T13:42:30+00:00
=== DONE ===
