[faultinject] cudaGetDeviceCount #1
Using CUDA acceleration on GPU device 0 for global alignment.
 Using our own implementation based on MOTIONCOR2 algorithm
 to correct beam-induced motion for the following micrographs: 
  * /home/alex/MotionCorr-standalone/relion30_tutorial/Movies/20170629_00021_frameImage.tiff
 Correcting beam-induced motions using our own implementation ...
000/??? sec ~~(,_,">                                                          [oo][faultinject] cudaGetDeviceCount #2
[faultinject] INJECTING cudaErrorIllegalAddress at cudaGetDeviceCount #2; last-error clean
in: /home/alex/mc-pr115-enumeration-20260929/src/src/motioncorr_runner.cpp, line 1501
ERROR: 
CUDA device became unusable during session initialization for /home/alex/MotionCorr-standalone/relion30_tutorial/Movies/20170629_00021_frameImage.tiff: an illegal memory access was encountered (recorded at initialize:278). First failure at initialize:278. Refusing CPU fallback after a fatal device error.
=== Backtrace  ===
/home/alex/mc-pr115-enumeration-20260929/build/motioncorr_faultinject(_ZN11RelionErrorC2ERKNSt7__cxx1112basic_stringIcSt11char_traitsIcESaIcEEES7_l+0x77) [0x5c58f09996d7]
/home/alex/mc-pr115-enumeration-20260929/build/motioncorr_faultinject(+0x3fcb7) [0x5c58f0964cb7]
/home/alex/mc-pr115-enumeration-20260929/build/motioncorr_faultinject(_ZN16MotioncorrRunner26executeOwnMotionCorrectionER10Micrographi+0x61c7) [0x5c58f0a3ea57]
/home/alex/mc-pr115-enumeration-20260929/build/motioncorr_faultinject(_ZN16MotioncorrRunner3runEv+0x210) [0x5c58f0a486a0]
/home/alex/mc-pr115-enumeration-20260929/build/motioncorr_faultinject(main+0x53) [0x5c58f098ed53]
/lib/x86_64-linux-gnu/libc.so.6(+0x2a1ca) [0x74012722a1ca]
/lib/x86_64-linux-gnu/libc.so.6(__libc_start_main+0x8b) [0x74012722a28b]
/home/alex/mc-pr115-enumeration-20260929/build/motioncorr_faultinject(_start+0x25) [0x5c58f098f405]
==================
ERROR: 
CUDA device became unusable during session initialization for /home/alex/MotionCorr-standalone/relion30_tutorial/Movies/20170629_00021_frameImage.tiff: an illegal memory access was encountered (recorded at initialize:278). First failure at initialize:278. Refusing CPU fallback after a fatal device error.
Continuing with the remaining movies.
   1/   1 sec ............................................................~~(,_,"> yum!
in: /home/alex/mc-pr115-enumeration-20260929/src/src/motioncorr_runner.cpp, line 697
ERROR: 
Motion correction failed for 1 movie(s): /home/alex/MotionCorr-standalone/relion30_tutorial/Movies/20170629_00021_frameImage.tiff. Successful per-movie outputs were retained; joint output was not generated.
=== Backtrace  ===
/home/alex/mc-pr115-enumeration-20260929/build/motioncorr_faultinject(_ZN11RelionErrorC2ERKNSt7__cxx1112basic_stringIcSt11char_traitsIcESaIcEEES7_l+0x77) [0x5c58f09996d7]
/home/alex/mc-pr115-enumeration-20260929/build/motioncorr_faultinject(+0x4ae5a) [0x5c58f096fe5a]
/home/alex/mc-pr115-enumeration-20260929/build/motioncorr_faultinject(main+0x53) [0x5c58f098ed53]
/lib/x86_64-linux-gnu/libc.so.6(+0x2a1ca) [0x74012722a1ca]
/lib/x86_64-linux-gnu/libc.so.6(__libc_start_main+0x8b) [0x74012722a28b]
/home/alex/mc-pr115-enumeration-20260929/build/motioncorr_faultinject(_start+0x25) [0x5c58f098f405]
==================
ERROR: 
Motion correction failed for 1 movie(s): /home/alex/MotionCorr-standalone/relion30_tutorial/Movies/20170629_00021_frameImage.tiff. Successful per-movie outputs were retained; joint output was not generated.
[faultinject] remaining-owned=0 stale-releases=0
