=== allocation and host ===
2026-09-27T18:32:52+01:00
gn3000.scarf.rl.ac.uk
SLURM_JOB_ID=3510351 SLURM_JOB_NODELIST=gn3000 EXCLUSIVE=unset
JobId=3510351 JobName=mc-io-split
   NumNodes=1 NumCPUs=64 NumTasks=1 CPUs/Task=8 ReqB:S:C:T=0:0:*:*
   ReqTRES=cpu=8,mem=32000M,node=1,billing=1000,gres/gpu=1
   AllocTRES=cpu=64,mem=250G,node=1,billing=4000,gres/gpu=4,gres/gpu:a100=4
   OverSubscribe=NO Contiguous=0 Licenses=(null) Network=(null)
Cpus_allowed_list:	0-63
 18:32:52 up 16 days, 18:32,  0 users,  load average: 0.00, 0.00, 0.00
8
=== device ===
Sun Sep 27 18:32:52 2026       
+-----------------------------------------------------------------------------------------+
| NVIDIA-SMI 580.178.04             Driver Version: 580.178.04     CUDA Version: 13.0     |
+-----------------------------------------+------------------------+----------------------+
| GPU  Name                 Persistence-M | Bus-Id          Disp.A | Volatile Uncorr. ECC |
| Fan  Temp   Perf          Pwr:Usage/Cap |           Memory-Usage | GPU-Util  Compute M. |
|                                         |                        |               MIG M. |
|=========================================+========================+======================|
|   0  NVIDIA A100-SXM4-40GB          On  |   00000000:01:00.0 Off |                    0 |
| N/A   26C    P0             50W /  400W |       0MiB /  40960MiB |      0%      Default |
|                                         |                        |             Disabled |
+-----------------------------------------+------------------------+----------------------+
|   1  NVIDIA A100-SXM4-40GB          On  |   00000000:41:00.0 Off |                    0 |
| N/A   26C    P0             50W /  400W |       0MiB /  40960MiB |      0%      Default |
|                                         |                        |             Disabled |
+-----------------------------------------+------------------------+----------------------+
|   2  NVIDIA A100-SXM4-40GB          On  |   00000000:81:00.0 Off |                    0 |
| N/A   25C    P0             49W /  400W |       0MiB /  40960MiB |      0%      Default |
|                                         |                        |             Disabled |
+-----------------------------------------+------------------------+----------------------+
|   3  NVIDIA A100-SXM4-40GB          On  |   00000000:C1:00.0 Off |                    0 |
| N/A   27C    P0             54W /  400W |       0MiB /  40960MiB |      0%      Default |
|                                         |                        |             Disabled |
+-----------------------------------------+------------------------+----------------------+

+-----------------------------------------------------------------------------------------+
| Processes:                                                                              |
|  GPU   GI   CI              PID   Type   Process name                        GPU Memory |
|        ID   ID                                                               Usage      |
|=========================================================================================|
|  No running processes found                                                             |
+-----------------------------------------------------------------------------------------+
index, name, uuid, driver_version, memory.total [MiB]
0, NVIDIA A100-SXM4-40GB, GPU-c6c43d6a-aa2e-af46-022c-aa4a4735638d, 580.178.04, 40960 MiB
1, NVIDIA A100-SXM4-40GB, GPU-2e1b6776-2dce-cad6-5e4c-9d0d58849616, 580.178.04, 40960 MiB
2, NVIDIA A100-SXM4-40GB, GPU-69bdbeb9-d502-8487-0f78-98e7d4b6c73a, 580.178.04, 40960 MiB
3, NVIDIA A100-SXM4-40GB, GPU-0ade54fe-adbf-ca88-2135-90cbf33b2cbb, 580.178.04, 40960 MiB
=== other compute apps on this device at job start (must be empty) ===
pid, process_name, used_gpu_memory [MiB]
=== bundles ===
0dd98191b5c35a5c643a4d7649050f694d4587252d17994a7f18e222ad56cf66  /home/vol05/scarf1415/mc-io-perf.bundle
b22f673d4b33dbd49dbc9ce56bff15c5bf54d475a3fc3cde2f058d81641d32f4  /home/vol05/scarf1415/mc-io-dmg.bundle
--- stage main @ 1d7e13f41b6eaf64b367d49ff0f0f5a3e09c0a26 ---
HEAD=1d7e13f41b6eaf64b367d49ff0f0f5a3e09c0a26 expected=1d7e13f41b6eaf64b367d49ff0f0f5a3e09c0a26
TREE=fbe9469af3401d618fca0698ccd6f120d335679f
STATUS: 0 modified files (must be 0)
--- stage pr90 @ 676f7632822b86bba25ead05a824084c2c0631d5 ---
HEAD=676f7632822b86bba25ead05a824084c2c0631d5 expected=676f7632822b86bba25ead05a824084c2c0631d5
TREE=d55bcf870c8944999a0b23005f08d1b3cc381d4a
STATUS: 0 modified files (must be 0)
--- stage pr91 @ cb9c0a202d2fb12649560ff683c866a6679b13df ---
HEAD=cb9c0a202d2fb12649560ff683c866a6679b13df expected=cb9c0a202d2fb12649560ff683c866a6679b13df
TREE=f826d8bbae56c533fb9190294ecf2f3962eb2f06
STATUS: 0 modified files (must be 0)
=== build main (CUDA=ON sm80, Release, TIMING=ON, 8 jobs, inside allocation) ===
build main OK
=== build pr90 (CUDA=ON sm80, Release, TIMING=ON, 8 jobs, inside allocation) ===
build pr90 OK
=== build pr91 (CUDA=ON sm80, Release, TIMING=ON, 8 jobs, inside allocation) ===
