+ export PATH=/home/ubuntu/.mc-venv/bin:/usr/local/sbin:/usr/local/bin:/usr/sbin:/usr/bin:/sbin:/bin:/usr/games:/usr/local/games:/snap/bin
+ PATH=/home/ubuntu/.mc-venv/bin:/usr/local/sbin:/usr/local/bin:/usr/sbin:/usr/bin:/sbin:/bin:/usr/games:/usr/local/games:/snap/bin
+ cd /home/ubuntu/mc-issue95/src-95
++ date -u +%FT%TZ
+ echo '=== START 2026-09-27T23:57:01Z ==='
=== START 2026-09-27T23:57:01Z ===
+ flock 9
++ date -u +%FT%TZ
+ echo '=== LOCK ACQUIRED 2026-09-27T23:57:01Z ==='
=== LOCK ACQUIRED 2026-09-27T23:57:01Z ===
+ cmake --version
+ head -1
cmake version 4.4.3
+ taskset -c 40-47 cmake -S . -B build-cpu -DCMAKE_BUILD_TYPE=Release -DBUILD_TESTING=ON
-- The C compiler identification is GNU 13.3.0
-- The CXX compiler identification is GNU 13.3.0
-- Detecting C compiler ABI info
-- Detecting C compiler ABI info - done
-- Check for working C compiler: /usr/bin/cc - skipped
-- Detecting C compile features
-- Detecting C compile features - done
-- Detecting CXX compiler ABI info
-- Detecting CXX compiler ABI info - done
-- Check for working CXX compiler: /usr/bin/c++ - skipped
-- Detecting CXX compile features
-- Detecting CXX compile features - done
-- Found PkgConfig: /usr/bin/pkg-config (found version "1.8.1")
-- Checking for module 'fftw3'
--   Found fftw3, version 3.3.10
-- Checking for module 'fftw3f'
--   Found fftw3f, version 3.3.10
-- Found OpenMP_CXX: -fopenmp (found version "4.5")
-- Found OpenMP: TRUE (found version "4.5") found components: CXX
-- Found TIFF: /usr/lib/x86_64-linux-gnu/libtiff.so (found version "4.5.1")
-- Found ZLIB: /usr/lib/x86_64-linux-gnu/libz.so (found version "1.3")
-- Found PNG: /usr/lib/x86_64-linux-gnu/libpng.so (found version "1.6.43")
-- Found JPEG: /usr/lib/x86_64-linux-gnu/libjpeg.so (found version "80")
-- Found Python3: /home/ubuntu/.mc-venv/bin/python3.12 (found version "3.12.3") found components: Interpreter
-- Configuring done (0.9s)
-- Generating done (0.0s)
-- Build files have been written to: /home/ubuntu/mc-issue95/src-95/build-cpu
+ echo '=== CONFIGURE EXIT 0 ==='
=== CONFIGURE EXIT 0 ===
+ taskset -c 40-47 cmake --build build-cpu --target frame_staging -j8
[  1%] Building CXX object CMakeFiles/motioncorr_core.dir/src/CPlot2D.cpp.o
[  3%] Building CXX object CMakeFiles/motioncorr_core.dir/src/args.cpp.o
[  3%] Building CXX object CMakeFiles/motioncorr_core.dir/src/complex.cpp.o
[  4%] Building CXX object CMakeFiles/motioncorr_core.dir/src/error.cpp.o
[  6%] Building CXX object CMakeFiles/motioncorr_core.dir/src/backprojector.cpp.o
[  6%] Building CXX object CMakeFiles/motioncorr_core.dir/src/ctf.cpp.o
[  8%] Building CXX object CMakeFiles/motioncorr_core.dir/src/euler.cpp.o
[  9%] Building CXX object CMakeFiles/motioncorr_core.dir/src/fftw.cpp.o
[ 10%] Building CXX object CMakeFiles/motioncorr_core.dir/src/filename.cpp.o
[ 11%] Building CXX object CMakeFiles/motioncorr_core.dir/src/frame_staging_plan.cpp.o
[ 12%] Building CXX object CMakeFiles/motioncorr_core.dir/src/funcs.cpp.o
[ 13%] Building CXX object CMakeFiles/motioncorr_core.dir/src/image.cpp.o
[ 15%] Building C object CMakeFiles/motioncorr_core.dir/src/jaz/d3x3/dsyev2.c.o
[ 16%] Building CXX object CMakeFiles/motioncorr_core.dir/src/jaz/image/radial_avg.cpp.o
[ 17%] Building CXX object CMakeFiles/motioncorr_core.dir/src/jaz/image/resampling.cpp.o
[ 18%] Building CXX object CMakeFiles/motioncorr_core.dir/src/jaz/image/stack_helper.cpp.o
[ 19%] Building CXX object CMakeFiles/motioncorr_core.dir/src/jaz/math/Zernike.cpp.o
[ 20%] Building CXX object CMakeFiles/motioncorr_core.dir/src/jaz/math/fft.cpp.o
[ 22%] Building CXX object CMakeFiles/motioncorr_core.dir/src/jaz/math/t_complex.cpp.o
[ 23%] Building CXX object CMakeFiles/motioncorr_core.dir/src/jaz/optics/damage.cpp.o
[ 24%] Building CXX object CMakeFiles/motioncorr_core.dir/src/jaz/optics/optics_data.cpp.o
[ 25%] Building CXX object CMakeFiles/motioncorr_core.dir/src/jaz/optimization/nelder_mead.cpp.o
[ 26%] Building CXX object CMakeFiles/motioncorr_core.dir/src/jaz/optimization/optimization.cpp.o
[ 27%] Building CXX object CMakeFiles/motioncorr_core.dir/src/jaz/single_particle/Fourier_helper.cpp.o
[ 29%] Building CXX object CMakeFiles/motioncorr_core.dir/src/jaz/single_particle/complex_io.cpp.o
[ 30%] Building CXX object CMakeFiles/motioncorr_core.dir/src/jaz/single_particle/ctf/tilt_helper.cpp.o
[ 31%] Building C object CMakeFiles/motioncorr_core.dir/src/jaz/single_particle/d3x3/dsyev2.c.o
[ 32%] Building C object CMakeFiles/motioncorr_core.dir/src/jaz/single_particle/d3x3/dsyevc3.c.o
[ 33%] Building C object CMakeFiles/motioncorr_core.dir/src/jaz/single_particle/d3x3/dsyevh3.c.o
[ 34%] Building C object CMakeFiles/motioncorr_core.dir/src/jaz/single_particle/d3x3/dsyevq3.c.o
[ 36%] Building C object CMakeFiles/motioncorr_core.dir/src/jaz/single_particle/d3x3/dsytrd3.c.o
[ 37%] Building CXX object CMakeFiles/motioncorr_core.dir/src/jaz/single_particle/image_log.cpp.o
[ 38%] Building CXX object CMakeFiles/motioncorr_core.dir/src/jaz/single_particle/img_proc/filter_helper.cpp.o
[ 39%] Building CXX object CMakeFiles/motioncorr_core.dir/src/jaz/single_particle/img_proc/image_op.cpp.o
[ 40%] Building CXX object CMakeFiles/motioncorr_core.dir/src/jaz/single_particle/interpolation.cpp.o
[ 41%] Building CXX object CMakeFiles/motioncorr_core.dir/src/jaz/single_particle/io/star_converter.cpp.o
[ 43%] Building CXX object CMakeFiles/motioncorr_core.dir/src/jaz/single_particle/jaz_config.cpp.o
[ 44%] Building CXX object CMakeFiles/motioncorr_core.dir/src/jaz/single_particle/new_ft.cpp.o
[ 45%] Building CXX object CMakeFiles/motioncorr_core.dir/src/jaz/single_particle/obs_model.cpp.o
[ 46%] Building CXX object CMakeFiles/motioncorr_core.dir/src/jaz/single_particle/parallel_ft.cpp.o
[ 47%] Building CXX object CMakeFiles/motioncorr_core.dir/src/jaz/single_particle/resampling_helper.cpp.o
[ 48%] Building CXX object CMakeFiles/motioncorr_core.dir/src/jaz/single_particle/slice_helper.cpp.o
[ 50%] Building CXX object CMakeFiles/motioncorr_core.dir/src/jaz/single_particle/stack_helper.cpp.o
[ 51%] Building CXX object CMakeFiles/motioncorr_core.dir/src/jaz/single_particle/t_complex.cpp.o
[ 52%] Building CXX object CMakeFiles/motioncorr_core.dir/src/jaz/single_particle/vtk_helper.cpp.o
[ 53%] Building CXX object CMakeFiles/motioncorr_core.dir/src/jaz/tomography/motion/Fourier_2D_deformation.cpp.o
[ 54%] Building CXX object CMakeFiles/motioncorr_core.dir/src/jaz/tomography/motion/linear_2D_deformation.cpp.o
[ 55%] Building CXX object CMakeFiles/motioncorr_core.dir/src/jaz/tomography/motion/modular_alignment/Fourier_2D_deformation_model.cpp.o
[ 56%] Building CXX object CMakeFiles/motioncorr_core.dir/src/jaz/tomography/motion/modular_alignment/linear_2D_deformation_model.cpp.o
[ 58%] Building CXX object CMakeFiles/motioncorr_core.dir/src/jaz/tomography/motion/modular_alignment/spline_2D_deformation_model.cpp.o
[ 59%] Building CXX object CMakeFiles/motioncorr_core.dir/src/jaz/tomography/motion/spline_2D_deformation.cpp.o
[ 60%] Building CXX object CMakeFiles/motioncorr_core.dir/src/jaz/tomography/motion/trajectory.cpp.o
[ 61%] Building CXX object CMakeFiles/motioncorr_core.dir/src/jaz/tomography/motion/trajectory_set.cpp.o
[ 62%] Building CXX object CMakeFiles/motioncorr_core.dir/src/jaz/tomography/particle_set.cpp.o
[ 63%] Building CXX object CMakeFiles/motioncorr_core.dir/src/jaz/tomography/projection_IO.cpp.o
[ 65%] Building CXX object CMakeFiles/motioncorr_core.dir/src/jaz/tomography/tomo_ctf_helper.cpp.o
[ 66%] Building CXX object CMakeFiles/motioncorr_core.dir/src/jaz/tomography/tomogram.cpp.o
[ 67%] Building CXX object CMakeFiles/motioncorr_core.dir/src/jaz/tomography/tomogram_set.cpp.o
[ 68%] Building CXX object CMakeFiles/motioncorr_core.dir/src/jaz/util/ansi_codes.cpp.o
[ 69%] Building CXX object CMakeFiles/motioncorr_core.dir/src/jaz/util/image_file_helper.cpp.o
[ 70%] Building CXX object CMakeFiles/motioncorr_core.dir/src/jaz/util/log.cpp.o
[ 72%] Building CXX object CMakeFiles/motioncorr_core.dir/src/jaz/util/zio.cpp.o
[ 73%] Building CXX object CMakeFiles/motioncorr_core.dir/src/mask.cpp.o
[ 74%] Building CXX object CMakeFiles/motioncorr_core.dir/src/matrix1d.cpp.o
[ 75%] Building CXX object CMakeFiles/motioncorr_core.dir/src/matrix2d.cpp.o
[ 76%] Building CXX object CMakeFiles/motioncorr_core.dir/src/memory.cpp.o
[ 77%] Building CXX object CMakeFiles/motioncorr_core.dir/src/metadata_container.cpp.o
[ 79%] Building CXX object CMakeFiles/motioncorr_core.dir/src/metadata_label.cpp.o
[ 80%] Building CXX object CMakeFiles/motioncorr_core.dir/src/metadata_table.cpp.o
[ 81%] Building CXX object CMakeFiles/motioncorr_core.dir/src/micrograph_model.cpp.o
[ 82%] Building CXX object CMakeFiles/motioncorr_core.dir/src/motioncorr_runner.cpp.o
[ 83%] Building CXX object CMakeFiles/motioncorr_core.dir/src/multidim_array.cpp.o
[ 84%] Building CXX object CMakeFiles/motioncorr_core.dir/src/numerical_recipes.cpp.o
[ 86%] Building CXX object CMakeFiles/motioncorr_core.dir/src/parallel.cpp.o
[ 87%] Building CXX object CMakeFiles/motioncorr_core.dir/src/pipeline_control.cpp.o
In file included from /home/ubuntu/mc-issue95/src-95/src/numerical_recipes.h:48,
                 from /home/ubuntu/mc-issue95/src-95/src/numerical_recipes.cpp:49:
In function ‘void free_Tvector(T*&, int, int) [with T = double]’,
    inlined from ‘double brent(double, double, double, double (*)(double*, void*), void*, double, double*, int, double*, double*)’ at /home/ubuntu/mc-issue95/src-95/src/numerical_recipes.cpp:594:25:
/home/ubuntu/mc-issue95/src-95/src/memory.h:74:13: warning: ‘void free(void*)’ called on pointer ‘xt’ with nonzero offset 8 [-Wfree-nonheap-object]
   74 |         free((char*)(v + nl));
      |         ~~~~^~~~~~~~~~~~~~~~~
/home/ubuntu/mc-issue95/src-95/src/numerical_recipes.cpp: In function ‘double brent(double, double, double, double (*)(double*, void*), void*, double, double*, int, double*, double*)’:
/home/ubuntu/mc-issue95/src-95/src/numerical_recipes.cpp:579:13: note: declared here
  579 |     RFLOAT *xt=NULL;
      |             ^~
In function ‘void free_Tvector(T*&, int, int) [with T = double]’,
    inlined from ‘void powell(double*, double*, int, double, int&, double&, double (*)(double*, void*), void*, bool)’ at /home/ubuntu/mc-issue95/src-95/src/numerical_recipes.cpp:767:25:
/home/ubuntu/mc-issue95/src-95/src/memory.h:74:13: warning: ‘void free(void*)’ called on pointer ‘xit’ with nonzero offset 8 [-Wfree-nonheap-object]
   74 |         free((char*)(v + nl));
      |         ~~~~^~~~~~~~~~~~~~~~~
/home/ubuntu/mc-issue95/src-95/src/numerical_recipes.cpp: In function ‘void powell(double*, double*, int, double, int&, double&, double (*)(double*, void*), void*, bool)’:
/home/ubuntu/mc-issue95/src-95/src/numerical_recipes.cpp:703:24: note: declared here
  703 |     RFLOAT *pt, *ptt, *xit;
      |                        ^~~
In function ‘void free_Tvector(T*&, int, int) [with T = double]’,
    inlined from ‘void powell(double*, double*, int, double, int&, double&, double (*)(double*, void*), void*, bool)’ at /home/ubuntu/mc-issue95/src-95/src/numerical_recipes.cpp:768:25:
/home/ubuntu/mc-issue95/src-95/src/memory.h:74:13: warning: ‘void free(void*)’ called on pointer ‘ptt’ with nonzero offset 8 [-Wfree-nonheap-object]
   74 |         free((char*)(v + nl));
      |         ~~~~^~~~~~~~~~~~~~~~~
/home/ubuntu/mc-issue95/src-95/src/numerical_recipes.cpp: In function ‘void powell(double*, double*, int, double, int&, double&, double (*)(double*, void*), void*, bool)’:
/home/ubuntu/mc-issue95/src-95/src/numerical_recipes.cpp:703:18: note: declared here
  703 |     RFLOAT *pt, *ptt, *xit;
      |                  ^~~
In function ‘void free_Tvector(T*&, int, int) [with T = double]’,
    inlined from ‘void powell(double*, double*, int, double, int&, double&, double (*)(double*, void*), void*, bool)’ at /home/ubuntu/mc-issue95/src-95/src/numerical_recipes.cpp:769:25:
/home/ubuntu/mc-issue95/src-95/src/memory.h:74:13: warning: ‘void free(void*)’ called on pointer ‘pt’ with nonzero offset 8 [-Wfree-nonheap-object]
   74 |         free((char*)(v + nl));
      |         ~~~~^~~~~~~~~~~~~~~~~
/home/ubuntu/mc-issue95/src-95/src/numerical_recipes.cpp: In function ‘void powell(double*, double*, int, double, int&, double&, double (*)(double*, void*), void*, bool)’:
/home/ubuntu/mc-issue95/src-95/src/numerical_recipes.cpp:703:13: note: declared here
  703 |     RFLOAT *pt, *ptt, *xit;
      |             ^~
[ 88%] Building CXX object CMakeFiles/motioncorr_core.dir/src/projector.cpp.o
[ 89%] Building CXX object CMakeFiles/motioncorr_core.dir/src/renderEER.cpp.o
[ 90%] Building CXX object CMakeFiles/motioncorr_core.dir/src/strings.cpp.o
[ 91%] Building CXX object CMakeFiles/motioncorr_core.dir/src/symmetries.cpp.o
[ 93%] Building CXX object CMakeFiles/motioncorr_core.dir/src/tabfuncs.cpp.o
[ 94%] Building CXX object CMakeFiles/motioncorr_core.dir/src/time.cpp.o
[ 95%] Building CXX object CMakeFiles/motioncorr_core.dir/src/transformations.cpp.o
/home/ubuntu/mc-issue95/src-95/src/time.cpp: In function ‘void progress_bar(long int)’:
/home/ubuntu/mc-issue95/src-95/src/time.cpp:191:20: warning: format not a string literal and no format arguments [-Wformat-security]
  191 |             fprintf(stdout, cheese);
      |             ~~~~~~~^~~~~~~~~~~~~~~~
[ 96%] Building CXX object CMakeFiles/motioncorr_core.dir/macros.cpp.o
[ 97%] Linking CXX static library libmotioncorr_core.a
[ 97%] Built target motioncorr_core
[ 98%] Building CXX object CMakeFiles/frame_staging.dir/tests/test_frame_staging.cpp.o
[100%] Linking CXX executable frame_staging
[100%] Built target frame_staging
+ echo '=== BUILD EXIT 0 ==='
=== BUILD EXIT 0 ===
+ taskset -c 40-47 ./build-cpu/frame_staging
235 checks, 0 failures
+ echo '=== TEST EXIT 0 ==='
=== TEST EXIT 0 ===
++ date -u +%FT%TZ
+ echo '=== END 2026-09-27T23:57:30Z ==='
=== END 2026-09-27T23:57:30Z ===
