cpu-bind=MASK - gn0005, task  0  0 [405868]: mask 0xffffffffffffffff set
slurmstepd: error: Unable to create TMPDIR [/scratch/scarf1415/relion-container-tests/tmp]: No such file or directory
slurmstepd: error: Setting TMPDIR to /tmp
=== provenance ===
2026-09-27T15:13:56+01:00
gn0005.scarf.rl.ac.uk
f51b45f6c574f0d323fdae2460a501a002a78871
index, name, driver_version, memory.total [MiB]
0, NVIDIA A100-SXM4-40GB, 580.178.04, 40960 MiB
1, NVIDIA A100-SXM4-40GB, 580.178.04, 40960 MiB
2, NVIDIA A100-SXM4-40GB, 580.178.04, 40960 MiB
3, NVIDIA A100-SXM4-40GB, 580.178.04, 40960 MiB
Cpus_allowed_list:	0-63
 15:13:56 up 16 days, 15:13,  0 users,  load average: 0.00, 0.04, 0.24
panfs://130.246.139.193/scarf/scratch  382T   96T  287T  26% /scratch
=== regenerate fixtures under foss-2025a (NumPy 2.3.1) ===
generator env: 3.13.1 2.3.1
km_global_hisnr: /scratch/scarf1415/mc-i83-tree/fixtures-verified/km_global_hisnr.mrcs (12583936 bytes, sha256 f9da46682b8466c7...)
    star: /scratch/scarf1415/mc-i83-tree/fixtures-verified/km_global_hisnr.star
    truth: /scratch/scarf1415/mc-i83-tree/fixtures-verified/km_global_hisnr_ground_truth.json
km_local_hisnr: /scratch/scarf1415/mc-i83-tree/fixtures-verified/km_local_hisnr.mrcs (12583936 bytes, sha256 2ae3c87938545aaf...)
    star: /scratch/scarf1415/mc-i83-tree/fixtures-verified/km_local_hisnr.star
    truth: /scratch/scarf1415/mc-i83-tree/fixtures-verified/km_local_hisnr_ground_truth.json
km_local_noisy: /scratch/scarf1415/mc-i83-tree/fixtures-verified/km_local_noisy.mrcs (12583936 bytes, sha256 98930a070a9da7b1...)
    star: /scratch/scarf1415/mc-i83-tree/fixtures-verified/km_local_noisy.star
    truth: /scratch/scarf1415/mc-i83-tree/fixtures-verified/km_local_noisy_ground_truth.json
km_local_nonsquare: /scratch/scarf1415/mc-i83-tree/fixtures-verified/km_local_nonsquare.mrcs (18875392 bytes, sha256 9ef410b8cf70bfaf...)
    star: /scratch/scarf1415/mc-i83-tree/fixtures-verified/km_local_nonsquare.star
    truth: /scratch/scarf1415/mc-i83-tree/fixtures-verified/km_local_nonsquare_ground_truth.json
km_local_realscale: /scratch/scarf1415/mc-i83-tree/fixtures-verified/km_local_realscale.mrcs (402654208 bytes, sha256 886b277be567e8ae...)
    star: /scratch/scarf1415/mc-i83-tree/fixtures-verified/km_local_realscale.star
    truth: /scratch/scarf1415/mc-i83-tree/fixtures-verified/km_local_realscale_ground_truth.json
manifest: /scratch/scarf1415/mc-i83-tree/fixtures-verified/MANIFEST.json
generate exit=0
=== verify fixtures against the COMMITTED manifest ===
run env: 3.9.25 1.22.4
   match  km_global_hisnr
   match  km_local_hisnr
   match  km_local_noisy
   match  km_local_nonsquare
   match  km_local_realscale
numpy 1.22.4; manifest from HEAD (e07fdec235d38f152356b136fb7038394eb8c919)
VERIFIED
verify exit=0
3860bce6165974b9c95f982ce670915d5514c1129aaf80beb2c91462aaec4437  build-cuda/motioncorr
=== declared matrix on verified fixtures (native CUDA, device 0) ===
[issue83] global_square ...
[issue83] global_square: pass
[issue83] local_square ...
[issue83] local_square: pass
[issue83] global_nonsquare ...
[issue83] global_nonsquare: pass
[issue83] local_nonsquare ...
[issue83] local_nonsquare: pass
[issue83] gain_none ...
[issue83] gain_none: pass
[issue83] gain_unity ...
[issue83] gain_unity: pass
[issue83] gain_nonunity ...
[issue83] gain_nonunity: pass
[issue83] defect_skip ...
[issue83] defect_skip: pass
[issue83] defect_detect ...
[issue83] defect_detect: pass
[issue83] defect_file ...
[issue83] defect_file: pass
[issue83] dose_off ...
[issue83] dose_off: pass
[issue83] dose_on ...
[issue83] dose_on: pass
[issue83] dose_on_savenoDW ...
[issue83] dose_on_savenoDW: pass
[issue83] dose_on_preexposure ...
[issue83] dose_on_preexposure: pass
[issue83] evenodd ...
[issue83] evenodd: pass
[issue83] evenodd_dose_noDW ...
[issue83] evenodd_dose_noDW: pass
[issue83] frames_subset ...
[issue83] frames_subset: pass
[issue83] group_frames_2 ...
[issue83] group_frames_2: pass
[issue83] group_frames_invalid ...
[issue83] group_frames_invalid: pass
[issue83] threads_invalid ...
[issue83] threads_invalid: pass
[issue83] bin1 ...
[issue83] bin1: pass
[issue83] early_bin2 ...
[issue83] early_bin2: pass
[issue83] late_bin2 ...
[issue83] late_bin2: pass
[issue83] power_spectrum ...
[issue83] power_spectrum: pass
[issue83] realscale_local ...
[issue83] realscale_local: pass
{
  "declared": 25,
  "attempted": 25,
  "pass": 25,
  "fail": 0,
  "error": 0
}
matrix exit=0
=== motion truth on verified fixtures (separate verdict) ===

######## km_global_hisnr  [gate]
==============================================================================
 KNOWN-MOTION AND LOCAL-FIELD GATE
==============================================================================
Case:            km_global_hisnr
Motion STAR:     /scratch/scarf1415/mc-i83-tree/evidence5/truth/km_global_hisnr/j1/km_global_hisnr.star
Geometry:        512 x 512 px, 12 frames, 0.885 A/px, motion model version 0
Grid:            81 positions (49 interior, 32 border)
Injected field:  max |field| = 6.2750 px, max local deviation = 0.0000 px

1. CONSTANT OFFSET (reported separately from frame-to-frame change)
   dx = +0.021430 px   dy = -0.007195 px   |d| = 0.022606 px = 0.020006 A

2. APPLIED-FIELD ERROR, constant offset removed
   region          n      RMS px      P95 px      max px       RMS A       P95 A       max A
   all           972    0.008935    0.022606    0.022606    0.007908    0.020006    0.020006
   interior      588    0.008935    0.022606    0.022606    0.007908    0.020006    0.020006
   border        384    0.008935    0.022606    0.022606    0.007908    0.020006    0.020006

3. DECOMPOSITION
   global component (spatial mean per frame)   RMS    0.008935 px     0.007908 A   max    0.020006 A
   local component  (spatially varying, int.)  RMS    0.000000 px     0.000000 A   max    0.000000 A
   frame-to-frame change        (interior)     RMS    0.004793 px     0.004242 A   max    0.010124 A

4. PER-FRAME DISTRIBUTION (offset removed, interior positions)
   frame  applied dx  applied dy     RMS px     P95 px     max px      RMS A      max A
       1     0.00000     0.00000    0.02261    0.02261    0.02261    0.02001    0.02001
       2    -1.69239     1.38369    0.01120    0.01120    0.01120    0.00991    0.00991
       3    -2.75631     2.07807    0.00454    0.00454    0.00454    0.00402    0.00402
       4    -3.47223     2.45231    0.00236    0.00236    0.00236    0.00209    0.00209
       5    -3.99231     2.68261    0.00203    0.00203    0.00203    0.00179    0.00179
       6    -4.40984     2.84060    0.00096    0.00096    0.00096    0.00085    0.00085
       7    -4.76446     2.96910    0.00028    0.00028    0.00028    0.00025    0.00025
       8    -5.08108     3.08174    0.00539    0.00539    0.00539    0.00477    0.00477
       9    -5.38232     3.18585    0.00755    0.00755    0.00755    0.00668    0.00668
      10    -5.67556     3.28864    0.00717    0.00717    0.00717    0.00635    0.00635
      11    -5.96208     3.38898    0.00804    0.00804    0.00804    0.00712    0.00712
      12    -6.24448     3.49014    0.00939    0.00939    0.00939    0.00831    0.00831

5. INTERPOLATION BOUNDARY (reported, not cropped)
   unfaithful margin 9 px -> 18108 of 262144 output pixels (6.91 %)
   ceil(max|applied field|) + 2; inside it the corrector clamps to the edge pixel instead of interpolating (realSpaceInterpolation_*)

6. DOSE-WEIGHTING BOUNDARY
   max field difference with/without dose weighting: 0.000e+00 px  -> IDENTICAL
   dose weighting is a per-frame radial Fourier weight applied after alignment; it cannot change the geometry, so any difference is a defect

7. APPLIED-FIELD SELF-CONSISTENCY (reported field re-applied independently)
   reference RMS 1201.25   absolute RMSE 8.5619e-05   relative RMSE    0.000000
   noise floor 1.0e-04 -> classified as NUMERICAL_NOISE

8. GATES  (limits from motion-accuracy physics; see the design record)
   metric                              value A    limit A   loss@3A  B_eq A^2  verdict
   global_component_rms                0.00791    0.10000     0.01%     0.002  PASS
   local_component_rms                 0.00000    0.20000     0.00%     0.000  PASS
   total_rms_interior                  0.00791    0.20000     0.01%     0.002  PASS
   total_p95_interior                  0.02001    0.40000     0.04%     0.016  PASS
   total_max_interior                  0.02001    0.80000     0.04%     0.016  PASS
   frame_to_frame_rms_interior         0.00424    0.20000     0.00%     0.001  PASS
   constant_offset                     0.02001    0.10000     0.04%     0.016  PASS
   total_rms_interior_with_offset      0.02151                0.05%            report
   border_rms_reported_not_gated       0.00791                                 report
   dose_weighting_invariance           0.00000    0.00000                      PASS
   applied_image_self_consistency                                              PASS

OVERALL: PASS  (9/9 gated metrics passed)
==============================================================================

  field difference j1 vs j4: 0.000e+00 px -> IDENTICAL

######## km_local_hisnr  [gate]
==============================================================================
 KNOWN-MOTION AND LOCAL-FIELD GATE
==============================================================================
Case:            km_local_hisnr
Motion STAR:     /scratch/scarf1415/mc-i83-tree/evidence5/truth/km_local_hisnr/j1/km_local_hisnr.star
Geometry:        512 x 512 px, 12 frames, 0.885 A/px, motion model version 1
Grid:            81 positions (49 interior, 32 border)
Injected field:  max |field| = 8.2172 px, max local deviation = 1.9604 px

1. CONSTANT OFFSET (reported separately from frame-to-frame change)
   dx = -0.002786 px   dy = -0.009522 px   |d| = 0.009921 px = 0.008780 A

2. APPLIED-FIELD ERROR, constant offset removed
   region          n      RMS px      P95 px      max px       RMS A       P95 A       max A
   all           972    0.076803    0.160879    0.349438    0.067971    0.142378    0.309252
   interior      588    0.059469    0.121498    0.216923    0.052630    0.107525    0.191977
   border        384    0.097549    0.195068    0.349438    0.086331    0.172635    0.309252

3. DECOMPOSITION
   global component (spatial mean per frame)   RMS    0.008795 px     0.007784 A   max    0.012663 A
   local component  (spatially varying, int.)  RMS    0.057995 px     0.051326 A   max    0.188920 A
   frame-to-frame change        (interior)     RMS    0.010542 px     0.009329 A   max    0.022181 A

4. PER-FRAME DISTRIBUTION (offset removed, interior positions)
   frame  applied dx  applied dy     RMS px     P95 px     max px      RMS A      max A
       1     0.00000     0.00000    0.00992    0.00992    0.00992    0.00878    0.00878
       2    -1.69697     1.38596    0.01244    0.01824    0.02443    0.01101    0.02162
       3    -2.77229     2.08133    0.01797    0.02693    0.03918    0.01591    0.03468
       4    -3.50110     2.44970    0.02587    0.04063    0.05578    0.02289    0.04937
       5    -4.03235     2.67211    0.03491    0.05619    0.07490    0.03090    0.06628
       6    -4.45405     2.82300    0.04323    0.07102    0.09747    0.03826    0.08626
       7    -4.82180     2.94315    0.05302    0.08739    0.11524    0.04692    0.10199
       8    -5.15613     3.04306    0.06256    0.10322    0.13726    0.05537    0.12147
       9    -5.47190     3.13842    0.07153    0.11855    0.15790    0.06330    0.13974
      10    -5.78352     3.22183    0.08272    0.13633    0.18072    0.07321    0.15994
      11    -6.09366     3.30890    0.09404    0.15383    0.19698    0.08322    0.17432
      12    -6.39491     3.39512    0.10285    0.16635    0.21692    0.09102    0.19198

5. INTERPOLATION BOUNDARY (reported, not cropped)
   unfaithful margin 11 px -> 22044 of 262144 output pixels (8.41 %)
   ceil(max|applied field|) + 2; inside it the corrector clamps to the edge pixel instead of interpolating (realSpaceInterpolation_*)

6. DOSE-WEIGHTING BOUNDARY
   max field difference with/without dose weighting: 0.000e+00 px  -> IDENTICAL
   dose weighting is a per-frame radial Fourier weight applied after alignment; it cannot change the geometry, so any difference is a defect

7. APPLIED-FIELD SELF-CONSISTENCY (reported field re-applied independently)
   reference RMS 1200.88   absolute RMSE 0.000299083   relative RMSE    0.000000
   noise floor 1.0e-04 -> classified as NUMERICAL_NOISE

8. GATES  (limits from motion-accuracy physics; see the design record)
   metric                              value A    limit A   loss@3A  B_eq A^2  verdict
   global_component_rms                0.00778    0.10000     0.01%     0.002  PASS
   local_component_rms                 0.05133    0.20000     0.29%     0.104  PASS
   total_rms_interior                  0.05263    0.20000     0.30%     0.109  PASS
   total_p95_interior                  0.10753    0.40000     1.26%     0.456  PASS
   total_max_interior                  0.19198    0.80000     3.96%     1.455  PASS
   frame_to_frame_rms_interior         0.00933    0.20000     0.01%     0.003  PASS
   constant_offset                     0.00878    0.10000     0.01%     0.003  PASS
   total_rms_interior_with_offset      0.05427                0.32%            report
   border_rms_reported_not_gated       0.08633                                 report
   dose_weighting_invariance           0.00000    0.00000                      PASS
   applied_image_self_consistency                                              PASS

OVERALL: PASS  (9/9 gated metrics passed)
==============================================================================

  field difference j1 vs j4: 0.000e+00 px -> IDENTICAL

######## km_local_noisy  [characterization]
==============================================================================
 KNOWN-MOTION AND LOCAL-FIELD GATE
==============================================================================
Case:            km_local_noisy
Motion STAR:     /scratch/scarf1415/mc-i83-tree/evidence5/truth/km_local_noisy/j1/km_local_noisy.star
Geometry:        512 x 512 px, 12 frames, 0.885 A/px, motion model version 1
Grid:            81 positions (49 interior, 32 border)
Injected field:  max |field| = 8.2172 px, max local deviation = 1.9604 px

1. CONSTANT OFFSET (reported separately from frame-to-frame change)
   dx = -0.097828 px   dy = +0.455209 px   |d| = 0.465602 px = 0.412058 A

2. APPLIED-FIELD ERROR, constant offset removed
   region          n      RMS px      P95 px      max px       RMS A       P95 A       max A
   all           972    1.057072    1.934474    2.302431    0.935509    1.712009    2.037652
   interior      588    0.746002    1.232674    1.621953    0.660212    1.090916    1.435429
   border        384    1.405793    2.117212    2.302431    1.244127    1.873732    2.037652

3. DECOMPOSITION
   global component (spatial mean per frame)   RMS    0.294705 px     0.260814 A   max    0.412058 A
   local component  (spatially varying, int.)  RMS    0.703743 px     0.622812 A   max    1.339415 A
   frame-to-frame change        (interior)     RMS    0.451530 px     0.399604 A   max    1.031351 A

4. PER-FRAME DISTRIBUTION (offset removed, interior positions)
   frame  applied dx  applied dy     RMS px     P95 px     max px      RMS A      max A
       1     0.00000     0.00000    0.46560    0.46560    0.46560    0.41206    0.41206
       2    -2.22490     1.83808    0.61489    0.74456    0.82077    0.54418    0.72638
       3    -3.09805     2.77626    0.67764    1.05079    1.12364    0.59971    0.99442
       4    -3.49202     2.85845    0.67463    1.04611    1.26460    0.59704    1.11917
       5    -4.19766     3.02538    0.81678    1.24683    1.51423    0.72285    1.34009
       6    -4.55807     3.50003    0.79212    1.22567    1.32081    0.70103    1.16892
       7    -4.55592     3.41233    0.71561    1.22744    1.46739    0.63331    1.29864
       8    -5.09418     3.48035    0.74549    1.22630    1.49268    0.65976    1.32102
       9    -5.40474     3.73872    0.71353    1.12671    1.28513    0.63147    1.13734
      10    -5.87665     3.67732    0.78234    1.21821    1.42769    0.69237    1.26350
      11    -6.49537     4.08314    0.95250    1.26355    1.28611    0.84296    1.13821
      12    -6.32161     3.64933    0.88214    1.41232    1.62195    0.78070    1.43543

5. INTERPOLATION BOUNDARY (reported, not cropped)
   unfaithful margin 10 px -> 20080 of 262144 output pixels (7.66 %)
   ceil(max|applied field|) + 2; inside it the corrector clamps to the edge pixel instead of interpolating (realSpaceInterpolation_*)

6. DOSE-WEIGHTING BOUNDARY
   max field difference with/without dose weighting: 0.000e+00 px  -> IDENTICAL
   dose weighting is a per-frame radial Fourier weight applied after alignment; it cannot change the geometry, so any difference is a defect

8. GATES  (limits from motion-accuracy physics; see the design record)
   metric                              value A    limit A   loss@3A  B_eq A^2  verdict
   global_component_rms                0.26081    0.10000     7.19%     2.685  FAIL
   local_component_rms                 0.62281    0.20000    34.65%    15.313  FAIL
   total_rms_interior                  0.66021    0.20000    38.00%    17.208  FAIL
   total_p95_interior                  1.09092    0.40000    72.89%    46.983  FAIL
   total_max_interior                  1.43543    0.80000    89.56%    81.344  FAIL
   frame_to_frame_rms_interior         0.39960    0.20000    16.06%     6.304  FAIL
   constant_offset                     0.41206    0.10000    16.99%     6.703  FAIL
   total_rms_interior_with_offset      0.74788               45.85%            report
   border_rms_reported_not_gated       1.24413                                 report
   dose_weighting_invariance           0.00000    0.00000                      PASS

OVERALL: FAIL  (1/8 gated metrics passed)
==============================================================================

  field difference j1 vs j4: 0.000e+00 px -> IDENTICAL

######## km_local_nonsquare  [gate]
==============================================================================
 KNOWN-MOTION AND LOCAL-FIELD GATE
==============================================================================
Case:            km_local_nonsquare
Motion STAR:     /scratch/scarf1415/mc-i83-tree/evidence5/truth/km_local_nonsquare/j1/km_local_nonsquare.star
Geometry:        768 x 512 px, 12 frames, 0.885 A/px, motion model version 1
Grid:            81 positions (49 interior, 32 border)
Injected field:  max |field| = 8.2192 px, max local deviation = 1.9614 px

1. CONSTANT OFFSET (reported separately from frame-to-frame change)
   dx = -0.009727 px   dy = -0.003429 px   |d| = 0.010314 px = 0.009128 A

2. APPLIED-FIELD ERROR, constant offset removed
   region          n      RMS px      P95 px      max px       RMS A       P95 A       max A
   all           972    0.062577    0.132258    0.254209    0.055380    0.117048    0.224975
   interior      588    0.047554    0.099011    0.160065    0.042086    0.087625    0.141658
   border        384    0.080307    0.166514    0.254209    0.071071    0.147365    0.224975

3. DECOMPOSITION
   global component (spatial mean per frame)   RMS    0.008419 px     0.007451 A   max    0.011194 A
   local component  (spatially varying, int.)  RMS    0.045273 px     0.040067 A   max    0.141793 A
   frame-to-frame change        (interior)     RMS    0.008869 px     0.007849 A   max    0.016994 A

4. PER-FRAME DISTRIBUTION (offset removed, interior positions)
   frame  applied dx  applied dy     RMS px     P95 px     max px      RMS A      max A
       1     0.00000     0.00000    0.01031    0.01031    0.01031    0.00913    0.00913
       2    -1.70610     1.38723    0.00938    0.01757    0.01857    0.00830    0.01643
       3    -2.77528     2.08192    0.01471    0.02853    0.02953    0.01302    0.02614
       4    -3.50194     2.45308    0.01787    0.03310    0.04101    0.01582    0.03630
       5    -4.03453     2.67634    0.02386    0.04139    0.05422    0.02112    0.04799
       6    -4.46201     2.82993    0.03180    0.04907    0.06721    0.02814    0.05948
       7    -4.83061     2.94856    0.04085    0.06331    0.08252    0.03616    0.07303
       8    -5.16382     3.04989    0.04912    0.07671    0.10049    0.04347    0.08893
       9    -5.48500     3.14504    0.05890    0.09467    0.11491    0.05212    0.10169
      10    -5.79689     3.23330    0.06837    0.10950    0.13167    0.06051    0.11653
      11    -6.10318     3.32064    0.07612    0.12246    0.14681    0.06736    0.12992
      12    -6.40793     3.40743    0.08250    0.13354    0.16007    0.07301    0.14166

5. INTERPOLATION BOUNDARY (reported, not cropped)
   unfaithful margin 11 px -> 27676 of 393216 output pixels (7.04 %)
   ceil(max|applied field|) + 2; inside it the corrector clamps to the edge pixel instead of interpolating (realSpaceInterpolation_*)

6. DOSE-WEIGHTING BOUNDARY
   max field difference with/without dose weighting: 0.000e+00 px  -> IDENTICAL
   dose weighting is a per-frame radial Fourier weight applied after alignment; it cannot change the geometry, so any difference is a defect

7. APPLIED-FIELD SELF-CONSISTENCY (reported field re-applied independently)
   reference RMS 1202.96   absolute RMSE 0.000589253   relative RMSE    0.000000
   noise floor 1.0e-04 -> classified as NUMERICAL_NOISE

8. GATES  (limits from motion-accuracy physics; see the design record)
   metric                              value A    limit A   loss@3A  B_eq A^2  verdict
   global_component_rms                0.00745    0.10000     0.01%     0.002  PASS
   local_component_rms                 0.04007    0.20000     0.18%     0.063  PASS
   total_rms_interior                  0.04209    0.20000     0.19%     0.070  PASS
   total_p95_interior                  0.08762    0.40000     0.84%     0.303  PASS
   total_max_interior                  0.14166    0.80000     2.18%     0.792  PASS
   frame_to_frame_rms_interior         0.00785    0.20000     0.01%     0.002  PASS
   constant_offset                     0.00913    0.10000     0.01%     0.003  PASS
   total_rms_interior_with_offset      0.04533                0.23%            report
   border_rms_reported_not_gated       0.07107                                 report
   dose_weighting_invariance           0.00000    0.00000                      PASS
   applied_image_self_consistency                                              PASS

OVERALL: PASS  (9/9 gated metrics passed)
==============================================================================

  field difference j1 vs j4: 0.000e+00 px -> IDENTICAL

######## km_local_realscale  [gate]
==============================================================================
 KNOWN-MOTION AND LOCAL-FIELD GATE
==============================================================================
Case:            km_local_realscale
Motion STAR:     /scratch/scarf1415/mc-i83-tree/evidence5/truth/km_local_realscale/j1/km_local_realscale.star
Geometry:        2048 x 2048 px, 24 frames, 0.885 A/px, motion model version 1
Grid:            81 positions (49 interior, 32 border)
Injected field:  max |field| = 11.5880 px, max local deviation = 1.9635 px

1. CONSTANT OFFSET (reported separately from frame-to-frame change)
   dx = -0.062351 px   dy = -0.014716 px   |d| = 0.064064 px = 0.056697 A

2. APPLIED-FIELD ERROR, constant offset removed
   region          n      RMS px      P95 px      max px       RMS A       P95 A       max A
   all          1944    0.215949    0.415308    1.033662    0.191115    0.367547    0.914791
   interior     1176    0.174346    0.295567    0.590510    0.154297    0.261577    0.522602
   border        768    0.267390    0.593086    1.033662    0.236640    0.524881    0.914791

3. DECOMPOSITION
   global component (spatial mean per frame)   RMS    0.060035 px     0.053131 A   max    0.107989 A
   local component  (spatially varying, int.)  RMS    0.164339 px     0.145440 A   max    0.416362 A
   frame-to-frame change        (interior)     RMS    0.093806 px     0.083018 A   max    0.186626 A

4. PER-FRAME DISTRIBUTION (offset removed, interior positions)
   frame  applied dx  applied dy     RMS px     P95 px     max px      RMS A      max A
       1     0.00000     0.00000    0.06406    0.06406    0.06406    0.05670    0.05670
       2    -1.75601     1.40209    0.06050    0.07914    0.12241    0.05354    0.10833
       3    -2.89435     2.01348    0.09475    0.14848    0.25135    0.08385    0.22245
       4    -3.54098     2.48189    0.13405    0.18504    0.29302    0.11864    0.25932
       5    -4.11050     2.67646    0.13412    0.20591    0.37948    0.11869    0.33584
       6    -4.47054     2.80717    0.18537    0.26570    0.36368    0.16406    0.32186
       7    -4.80537     2.91158    0.21851    0.31355    0.36919    0.19338    0.32673
       8    -5.13986     3.10951    0.22079    0.31324    0.43744    0.19540    0.38714
       9    -5.40524     3.15631    0.25221    0.36430    0.38665    0.22321    0.34218
      10    -5.88600     3.33622    0.18345    0.36224    0.59051    0.16235    0.52260
      11    -6.06091     3.35469    0.20956    0.30576    0.44881    0.18546    0.39720
      12    -6.35815     3.51444    0.20651    0.29694    0.47049    0.18276    0.41639
      13    -6.66003     3.64062    0.20376    0.28881    0.48151    0.18033    0.42614
      14    -6.96095     3.62257    0.18118    0.25787    0.43877    0.16035    0.38831
      15    -7.21711     3.74880    0.18484    0.27262    0.39817    0.16358    0.35238
      16    -7.52036     3.87033    0.17041    0.24590    0.40240    0.15081    0.35612
      17    -7.85202     3.88414    0.16130    0.24052    0.41412    0.14275    0.36649
      18    -8.10320     3.99403    0.16059    0.22422    0.36548    0.14212    0.32345
      19    -8.35858     4.10162    0.16715    0.24257    0.32428    0.14793    0.28698
      20    -8.66713     4.26218    0.15360    0.21908    0.35186    0.13593    0.31139
      21    -8.96310     4.35694    0.15026    0.21352    0.35988    0.13298    0.31849
      22    -9.17979     4.41462    0.18871    0.27414    0.28962    0.16701    0.25631
      23    -9.61851     4.45455    0.15678    0.27878    0.44803    0.13875    0.39651
      24    -9.77631     4.57767    0.19616    0.26952    0.34845    0.17360    0.30838

5. INTERPOLATION BOUNDARY (reported, not cropped)
   unfaithful margin 15 px -> 121980 of 4194304 output pixels (2.91 %)
   ceil(max|applied field|) + 2; inside it the corrector clamps to the edge pixel instead of interpolating (realSpaceInterpolation_*)

6. DOSE-WEIGHTING BOUNDARY
   max field difference with/without dose weighting: 0.000e+00 px  -> IDENTICAL
   dose weighting is a per-frame radial Fourier weight applied after alignment; it cannot change the geometry, so any difference is a defect

8. GATES  (limits from motion-accuracy physics; see the design record)
   metric                              value A    limit A   loss@3A  B_eq A^2  verdict
   global_component_rms                0.05313    0.10000     0.31%     0.111  PASS
   local_component_rms                 0.14544    0.20000     2.29%     0.835  PASS
   total_rms_interior                  0.15430    0.20000     2.58%     0.940  PASS
   total_p95_interior                  0.26158    0.40000     7.23%     2.701  PASS
   total_max_interior                  0.52260    0.80000    25.88%    10.782  PASS
   frame_to_frame_rms_interior         0.08302    0.20000     0.75%     0.272  PASS
   constant_offset                     0.05670    0.10000     0.35%     0.127  PASS
   total_rms_interior_with_offset      0.13923                2.10%            report
   border_rms_reported_not_gated       0.23664                                 report
   dose_weighting_invariance           0.00000    0.00000                      PASS

OVERALL: PASS  (8/8 gated metrics passed)
==============================================================================

  field difference j1 vs j4: 0.000e+00 px -> IDENTICAL

======================================================================================
 case                   role              status   global A   local A   total A
 km_global_hisnr        gate              PASS       0.0079    0.0000    0.0079
 km_local_hisnr         gate              PASS       0.0078    0.0513    0.0526
 km_local_noisy         characterization  FAIL       0.2608    0.6228    0.6602
 km_local_nonsquare     gate              PASS       0.0075    0.0401    0.0421
 km_local_realscale     gate              PASS       0.0531    0.1454    0.1543

 Characterization accuracy failures remain visible. Execution, backend, applied-image
 and thread/dose-invariance failures always block the aggregate.

 OVERALL: PASS
======================================================================================
truth exit=0
=== all-24 tutorial schedule equality (real movies, unaffected by fixtures) ===
{
  "all24_equal": true,
  "errors": []
}
all24 exit=0
panfs://130.246.139.193/scarf/scratch  382T   96T  287T  26% /scratch
2026-09-27T15:24:22+01:00
=== DONE ===
