 Using our own implementation based on MOTIONCOR2 algorithm
 to correct beam-induced motion for the following micrographs: 
  * Movies/20170629_00021_frameImage.tiff
  * Movies/20170629_00022_frameImage.tiff
  * Movies/20170629_00023_frameImage.tiff
  * Movies/20170629_00024_frameImage.tiff
 Correcting beam-induced motions using our own implementation ...
000/??? sec ~~(,_,">                                                          [oo]0.53/2.13 min ...............~~(,_,">                                          [oo]0.90/1.80 min ..............................~~(,_,">                           [oo]1.38/1.83 min .............................................~~(,_,">            [oo]1.90/1.90 min ............................................................~~(,_,"> yum!
 Generating joint STAR file ... 
000/??? sec ~~(,_,">                                                          [oo]   0/   0 sec ............................................................~~(,_,"> yum!
 Written: /home/alex/MotionCorr-pr23-cpu-refresh/validation/pr23_fixed_24movies/standalone_j4_chunk_0/corrected_micrographs.star
 Now generating logfile.pdf ... 
 Done! Written: /home/alex/MotionCorr-pr23-cpu-refresh/validation/pr23_fixed_24movies/standalone_j4_chunk_0/logfile.pdf
	Command being timed: "/home/alex/MotionCorr-pr23-cpu-refresh/build-cpu/motioncorr --i movies_chunk_0.star --o /home/alex/MotionCorr-pr23-cpu-refresh/validation/pr23_fixed_24movies/standalone_j4_chunk_0 --use_own --j 4 --seed 1 --dose_weighting --dose_per_frame 1.277 --patch_x 5 --patch_y 5 --bfactor 150 --gainref Movies/gain.mrc"
	User time (seconds): 358.83
	System time (seconds): 34.29
	Percent of CPU this job got: 340%
	Elapsed (wall clock) time (h:mm:ss or m:ss): 1:55.57
	Average shared text size (kbytes): 0
	Average unshared data size (kbytes): 0
	Average stack size (kbytes): 0
	Average total size (kbytes): 0
	Maximum resident set size (kbytes): 3089844
	Average resident set size (kbytes): 0
	Major (requiring I/O) page faults: 0
	Minor (reclaiming a frame) page faults: 9532006
	Voluntary context switches: 779
	Involuntary context switches: 1941
	Swaps: 0
	File system inputs: 0
	File system outputs: 447680
	Socket messages sent: 0
	Socket messages received: 0
	Signals delivered: 0
	Page size (bytes): 4096
	Exit status: 0
