 Using our own implementation based on MOTIONCOR2 algorithm
 to correct beam-induced motion for the following micrographs: 
  * Movies/20170629_00025_frameImage.tiff
  * Movies/20170629_00026_frameImage.tiff
  * Movies/20170629_00027_frameImage.tiff
  * Movies/20170629_00028_frameImage.tiff
 Correcting beam-induced motions using our own implementation ...
000/??? sec ~~(,_,">                                                          [oo]1.33/5.33 min ...............~~(,_,">                                          [oo]2.58/5.17 min ..............................~~(,_,">                           [oo]3.82/5.08 min .............................................~~(,_,">            [oo]5.02/5.02 min ............................................................~~(,_,"> yum!
 Generating joint STAR file ... 
000/??? sec ~~(,_,">                                                          [oo]   0/   0 sec ............................................................~~(,_,"> yum!
 Written: /home/alex/MotionCorr-pr23-cpu-refresh/validation/pr23_fixed_24movies/standalone_j1_chunk_1/corrected_micrographs.star
 Now generating logfile.pdf ... 
 Done! Written: /home/alex/MotionCorr-pr23-cpu-refresh/validation/pr23_fixed_24movies/standalone_j1_chunk_1/logfile.pdf
	Command being timed: "/home/alex/MotionCorr-pr23-cpu-refresh/build-cpu/motioncorr --i movies_chunk_1.star --o /home/alex/MotionCorr-pr23-cpu-refresh/validation/pr23_fixed_24movies/standalone_j1_chunk_1 --use_own --j 1 --seed 1 --dose_weighting --dose_per_frame 1.277 --patch_x 5 --patch_y 5 --bfactor 150 --gainref Movies/gain.mrc"
	User time (seconds): 276.39
	System time (seconds): 24.62
	Percent of CPU this job got: 99%
	Elapsed (wall clock) time (h:mm:ss or m:ss): 5:01.10
	Average shared text size (kbytes): 0
	Average unshared data size (kbytes): 0
	Average stack size (kbytes): 0
	Average total size (kbytes): 0
	Maximum resident set size (kbytes): 2866176
	Average resident set size (kbytes): 0
	Major (requiring I/O) page faults: 0
	Minor (reclaiming a frame) page faults: 7044443
	Voluntary context switches: 26
	Involuntary context switches: 826
	Swaps: 0
	File system inputs: 0
	File system outputs: 447696
	Socket messages sent: 0
	Socket messages received: 0
	Signals delivered: 0
	Page size (bytes): 4096
	Exit status: 0
