 Using our own implementation based on MOTIONCOR2 algorithm
 to correct beam-induced motion for the following micrographs: 
  * Movies/20170629_00029_frameImage.tiff
  * Movies/20170629_00030_frameImage.tiff
  * Movies/20170629_00031_frameImage.tiff
  * Movies/20170629_00035_frameImage.tiff
 Correcting beam-induced motions using our own implementation ...
000/??? sec ~~(,_,">                                                          [oo]0.53/2.13 min ...............~~(,_,">                                          [oo]1.08/2.17 min ..............................~~(,_,">                           [oo]1.62/2.15 min .............................................~~(,_,">            [oo]2.18/2.18 min ............................................................~~(,_,"> yum!
 Generating joint STAR file ... 
000/??? sec ~~(,_,">                                                          [oo]   0/   0 sec ............................................................~~(,_,"> yum!
 Written: /home/alex/MotionCorr-pr23-cpu-refresh/validation/pr23_fixed_24movies/standalone_j4_chunk_2/corrected_micrographs.star
 Now generating logfile.pdf ... 
 Done! Written: /home/alex/MotionCorr-pr23-cpu-refresh/validation/pr23_fixed_24movies/standalone_j4_chunk_2/logfile.pdf
	Command being timed: "/home/alex/MotionCorr-pr23-cpu-refresh/build-cpu/motioncorr --i movies_chunk_2.star --o /home/alex/MotionCorr-pr23-cpu-refresh/validation/pr23_fixed_24movies/standalone_j4_chunk_2 --use_own --j 4 --seed 1 --dose_weighting --dose_per_frame 1.277 --patch_x 5 --patch_y 5 --bfactor 150 --gainref Movies/gain.mrc"
	User time (seconds): 390.56
	System time (seconds): 30.63
	Percent of CPU this job got: 320%
	Elapsed (wall clock) time (h:mm:ss or m:ss): 2:11.46
	Average shared text size (kbytes): 0
	Average unshared data size (kbytes): 0
	Average stack size (kbytes): 0
	Average total size (kbytes): 0
	Maximum resident set size (kbytes): 3088744
	Average resident set size (kbytes): 0
	Major (requiring I/O) page faults: 0
	Minor (reclaiming a frame) page faults: 8393704
	Voluntary context switches: 857
	Involuntary context switches: 709
	Swaps: 0
	File system inputs: 0
	File system outputs: 447648
	Socket messages sent: 0
	Socket messages received: 0
	Signals delivered: 0
	Page size (bytes): 4096
	Exit status: 0
