 Using our own implementation based on MOTIONCOR2 algorithm
 to correct beam-induced motion for the following micrographs: 
  * Movies/20170629_00042_frameImage.tiff
  * Movies/20170629_00043_frameImage.tiff
  * Movies/20170629_00044_frameImage.tiff
  * Movies/20170629_00045_frameImage.tiff
 Correcting beam-induced motions using our own implementation ...
000/??? sec ~~(,_,">                                                          [oo]1.20/4.80 min ...............~~(,_,">                                          [oo]2.42/4.83 min ..............................~~(,_,">                           [oo]3.62/4.82 min .............................................~~(,_,">            [oo]4.83/4.83 min ............................................................~~(,_,"> yum!
 Generating joint STAR file ... 
000/??? sec ~~(,_,">                                                          [oo]   0/   0 sec ............................................................~~(,_,"> yum!
 Written: /home/alex/MotionCorr-pr23-cpu-refresh/validation/pr23_fixed_24movies/standalone_j1_chunk_4/corrected_micrographs.star
 Now generating logfile.pdf ... 
 Done! Written: /home/alex/MotionCorr-pr23-cpu-refresh/validation/pr23_fixed_24movies/standalone_j1_chunk_4/logfile.pdf
	Command being timed: "/home/alex/MotionCorr-pr23-cpu-refresh/build-cpu/motioncorr --i movies_chunk_4.star --o /home/alex/MotionCorr-pr23-cpu-refresh/validation/pr23_fixed_24movies/standalone_j1_chunk_4 --use_own --j 1 --seed 1 --dose_weighting --dose_per_frame 1.277 --patch_x 5 --patch_y 5 --bfactor 150 --gainref Movies/gain.mrc"
	User time (seconds): 268.30
	System time (seconds): 22.65
	Percent of CPU this job got: 99%
	Elapsed (wall clock) time (h:mm:ss or m:ss): 4:51.02
	Average shared text size (kbytes): 0
	Average unshared data size (kbytes): 0
	Average stack size (kbytes): 0
	Average total size (kbytes): 0
	Maximum resident set size (kbytes): 2865152
	Average resident set size (kbytes): 0
	Major (requiring I/O) page faults: 0
	Minor (reclaiming a frame) page faults: 6653977
	Voluntary context switches: 25
	Involuntary context switches: 702
	Swaps: 0
	File system inputs: 0
	File system outputs: 447736
	Socket messages sent: 0
	Socket messages received: 0
	Signals delivered: 0
	Page size (bytes): 4096
	Exit status: 0
