 Using our own implementation based on MOTIONCOR2 algorithm
 to correct beam-induced motion for the following micrographs: 
  * Movies/20170629_00021_frameImage.tiff
 Correcting beam-induced motions using our own implementation ...
000/??? sec ~~(,_,">                                                          [oo]1.25/1.25 min ............................................................~~(,_,"> yum!
 Generating joint STAR file ... 
000/??? sec ~~(,_,">                                                          [oo]   0/   0 sec ............................................................~~(,_,"> yum!
 Written: /home/alex/MotionCorr-pr23-cpu-refresh/validation/pr23_fixed_24movies/timing_j1_rep2/corrected_micrographs.star
 Now generating logfile.pdf ... 
 Done! Written: /home/alex/MotionCorr-pr23-cpu-refresh/validation/pr23_fixed_24movies/timing_j1_rep2/logfile.pdf
	Command being timed: "/home/alex/MotionCorr-pr23-cpu-refresh/build-cpu/motioncorr --i movies_timing_one.star --o /home/alex/MotionCorr-pr23-cpu-refresh/validation/pr23_fixed_24movies/timing_j1_rep2 --use_own --dose_weighting --dose_per_frame 1.277 --patch_x 5 --patch_y 5 --bfactor 150 --gainref Movies/gain.mrc --j 1 --seed 1"
	User time (seconds): 67.62
	System time (seconds): 7.88
	Percent of CPU this job got: 99%
	Elapsed (wall clock) time (h:mm:ss or m:ss): 1:15.54
	Average shared text size (kbytes): 0
	Average unshared data size (kbytes): 0
	Average stack size (kbytes): 0
	Average total size (kbytes): 0
	Maximum resident set size (kbytes): 2864684
	Average resident set size (kbytes): 0
	Major (requiring I/O) page faults: 0
	Minor (reclaiming a frame) page faults: 2054084
	Voluntary context switches: 25
	Involuntary context switches: 290
	Swaps: 0
	File system inputs: 0
	File system outputs: 112480
	Socket messages sent: 0
	Socket messages received: 0
	Signals delivered: 0
	Page size (bytes): 4096
	Exit status: 0
