=== issue26 tooling controls, round 6 (CPU-only; not a benchmark) ===
utc             : 2026-09-28T07:17:39Z
host            : small-refmac-machine
lock held       : /tmp/motioncorr-issue96-cpu-validation.lock
requested lane  : 32-63   (build/runtime parallelism <= 16; controls are serial)
inherited cpuset: 32-63
inherited mems  : 0-1
lane NUMA node  : 1 
memory policy   : policy: default;preferred node: current;physcpubind: 32 33 34 35 36 37 38 39 40 41 42 43 44 45 46 47 48 49 50 51 52 53 54 55 56 57 58 59 60 61 62 63 ;cpubind: 1 ;nodebind: 1 ;membind: 0 1 ;preferred: ;
nproc visible   : 32
loadavg         : 3.58 5.89 7.44 3/7990 3329675
runner  sha256  : c0ddd80f036e7896556d32b4863fd036482a4faa43e9481da8928302c7799b75
controls sha256 : 81b78d7aabbd24980a5f9721fe972a39453c14e23146336b7fa92d8c1d51ac0d
prior runner    : b05260dbf9b4ddbd76c8e248dc1bb503b911ec5d1aef11d16ef699005443bdcd (defective, superseded)
ctffind (recorded as interference, NOT altered):
                  pid=1156942 pcpu=99.9 psr=27
                  pid=1635429 pcpu=99.9 psr=0

platform=linux /proc=True
  PASS  two sequential 100 MiB stages are not a 200 MiB peak  n=2 max=100.0 sum=None
  PASS  time-like tags still expose a meaningful sum  sum=7.0
  PASS  payload resolved via /proc/<pid>/exe  {'pid': 3329686, 'exe': '/usr/bin/python3.12', 'starttime_ticks': 2591012269, 'session': 3329685, 'launcher_pid': 3329685, 'resolved_after_s': 0.037}
  PASS  resolved payload PID differs from the launcher PID  payload=3329686 launcher=3329685 launcher_exe=/usr/bin/time
  PASS  sampling the CHILD passes: residency reflects 256 MiB  child=266.06 MiB
  PASS  MUTATION - sampling the PARENT fails the same assertion  parent=1.45 MiB vs threshold 128.0 MiB
  PASS  parent residency is strictly smaller than the payload's  parent=1.45 MiB < child=266.06 MiB
  PASS  units are bytes from numa_maps, not numastat MB  bytes, from numa_maps page counts x that mappi
        identity: payload pid=3329686 exe=/usr/bin/python3.12 session=3329685 starttime=2591012269
        per-node child bytes: {'N0': 4214784, 'N1': 274767872}
  PASS  launcher-exit escalation demonstrably leaves the child running  child=3329689 alive=True ppid_now=1 descendants_of_launcher=[]
  PASS  pgid enumeration sees the reparented child  group_members=[3329689]
  PASS  a descendant walk CANNOT see it (this is why pgid is used)  descendants_of_launcher=[]
  PASS  shipped cleanup reaps the SIGTERM-ignoring child  child=3329695 still_running=False
  PASS  cleanup reports confirmed  confirmed=True survivors=[]
  PASS  cleanup escalated to SIGKILL rather than trusting SIGTERM  escalated=True
  PASS  adopted payload's session is absent from its own foreign list  payload_sid=3329817 foreign sids seen=[]
  PASS  without adoption the same payload IS seen (control is not vacuous)  payload_sid=3329827 foreign sids seen=[3329827]
  PASS  execute_arm resolved a payload identity  {'pid': 3329959, 'exe': '/tmp/envelope-stub-zd00m56v/stub_payload', 'starttime_ticks': 2591013505, 'session': 3329957, 'launcher_pid': 3329957, 'resolved_after_s': 0.036}
  PASS  recorded payload PID differs from the launcher PID  payload=3329959 launcher=3329957
  PASS  recorded payload exe is the stub binary, not /usr/bin/time  exe=/tmp/envelope-stub-zd00m56v/stub_payload
  PASS  recorded mid-run residency is the payload's (> 96 MiB)  recorded=193.36 MiB  (a launcher-sampling record would be ~1.5 MiB)
  PASS  payload cpuset was read from the payload, and matches the requested mask  payload_Cpus_allowed_list=32-63 requested=32-63
  PASS  recorded cleanup is confirmed on the normal-exit path  cleanup=None
        record: pid=3329959 launcher=3329957 exe=/tmp/envelope-stub-zd00m56v/stub_payload midrun=193.36 MiB nodes={'N1': 202752000}
  PASS  payload exited normally (this is the normal-exit path)  exit_code=0 timed_out=False
  PASS  R1: the normal-exit path detected the residual group member  cleanup=residual group members after normal exit
  PASS  R1: it was triggered by residual members, not a timeout  triggered_by=residual group members after normal exit
  PASS  R1: the leaked child was reaped and cleanup confirmed  confirmed=True survivors=[]
  PASS  R1: the arm is quarantined even though cleanup succeeded  quarantined=True reason=a process spawned by the payload outlived it and shared the cpuset during the timed interv
  PASS  R1: the leaked child is actually dead afterwards  leaked_pid=3330063 alive=False
  PASS  runner establishes an ownership basis and states whether it is isolated  {'basis': 'session', 'isolated': True, 'sid': 3329684, 'how': 'setsid() at startup'}
  PASS  an ISOLATED session is owned wholesale  owned_sids={3329684}
  PASS  a NON-isolated session is NOT owned wholesale, so a same-shell stranger in it still counts as foreign  owned_sids=set() (must be empty; ownership falls back to subtree)
  PASS  a foreign burst in the lane is seen at all  in_mask_max=1 by_command={'python3': 10}
  PASS  per-sample records carry pid / sid / starttime / cmdline / cpus  samples=10 first={'pid': 3330080, 'comm': 'python3', 'sid': 3330080, 'starttime': 2591014141, 'cpus': [32], 'cpu_pct': 99.9, 'cmdline': '/usr/bin/python3 -c import time\nt=time.time()\nwhile time.time()-t<3.0: pass'}
  PASS  per-sample records are timestamped  first_sample_keys=['foreign_cpu_pct_total', 'in_mask', 'monotonic_s', 'processes', 'utc']
  PASS  full-tree RSS sees the grandchild's 160 MiB  peak=191.5 MiB across 3 processes
  PASS  peak records its composition and unit  members=['python3', 'python3', 'python3'] unit=KiB, from /proc/<pid>/statm resident pages x SC_PAGE_SIZE, summed across all owned descendants in one sweep
  PASS  MUTATION - depth-1 selection misses it (this is why the tree walk exists)  depth1=22.0 MiB vs full=191.5 MiB

all 37 runner controls passed, 0 skipped
rc=0

=== post-control process hygiene (nothing of ours must survive) ===
stray control children: 0
ctffind after          : 2
loadavg after          : 3.18 5.61 7.31 5/7995 3330114
