=== issue26 tooling controls, round 3 (CPU-only; not a benchmark) ===
utc             : 2026-09-28T06:35:16Z
host            : small-refmac-machine
lock held       : /tmp/motioncorr-issue96-cpu-validation.lock
requested lane  : 32-63   (build/runtime parallelism <= 16; controls are serial)
inherited cpuset: 32-63
inherited mems  : 0-1
lane NUMA node  : 1 
memory policy   : policy: default;preferred node: current;physcpubind: 32 33 34 35 36 37 38 39 40 41 42 43 44 45 46 47 48 49 50 51 52 53 54 55 56 57 58 59 60 61 62 63 ;cpubind: 1 ;nodebind: 1 ;membind: 0 1 ;preferred: ;
nproc visible   : 32
loadavg         : 2.18 2.15 2.10 3/7960 3246673
runner  sha256  : fbe01390ad653f9b8fbad5310435d237dc8e381d998104bd47187d3f34410503
controls sha256 : 3070e12daedd73ff4f9edfecbae1c80708251e5b1ad97145acfad8eaaebf5b3c
prior runner    : b05260dbf9b4ddbd76c8e248dc1bb503b911ec5d1aef11d16ef699005443bdcd (defective, superseded)
ctffind (recorded as interference, NOT altered):
                  pid=1156942 pcpu=99.9 psr=1
                  pid=1635429 pcpu=99.9 psr=25

platform=linux /proc=True
  PASS  two sequential 100 MiB stages are not a 200 MiB peak  n=2 max=100.0 sum=None
  PASS  time-like tags still expose a meaningful sum  sum=7.0
  PASS  payload resolved via /proc/<pid>/exe  {'pid': 3246684, 'exe': '/usr/bin/python3.12', 'starttime_ticks': 2590757933, 'session': 3246683, 'launcher_pid': 3246683, 'resolved_after_s': 0.032}
  PASS  resolved payload PID differs from the launcher PID  payload=3246684 launcher=3246683 launcher_exe=/usr/bin/time
  PASS  sampling the CHILD passes: residency reflects 256 MiB  child=266.06 MiB
  PASS  MUTATION - sampling the PARENT fails the same assertion  parent=1.45 MiB vs threshold 128.0 MiB
  PASS  parent residency is strictly smaller than the payload's  parent=1.45 MiB < child=266.06 MiB
  PASS  units are bytes from numa_maps, not numastat MB  bytes, from numa_maps page counts x that mappi
        identity: payload pid=3246684 exe=/usr/bin/python3.12 session=3246683 starttime=2590757933
        per-node child bytes: {'N0': 4222976, 'N1': 274763776}
  PASS  launcher-exit escalation demonstrably leaves the child running  child=3246689 alive=True ppid_now=1 descendants_of_launcher=[]
  PASS  pgid enumeration sees the reparented child  group_members=[3246689]
  PASS  a descendant walk CANNOT see it (this is why pgid is used)  descendants_of_launcher=[]
  PASS  shipped cleanup reaps the SIGTERM-ignoring child  child=3246732 still_running=False
  PASS  cleanup reports confirmed  confirmed=True survivors=[]
  PASS  cleanup escalated to SIGKILL rather than trusting SIGTERM  escalated=True
  PASS  adopted payload does not appear in its own foreign list  python3 hits=0  (other in-mask commands seen: {})
  PASS  without adoption the same payload IS seen (control is not vacuous)  python3 hits=11
  PASS  execute_arm resolved a payload identity  {'pid': 3246808, 'exe': '/tmp/envelope-stub-r_fm_se1/stub_payload', 'starttime_ticks': 2590762166, 'session': 3246804, 'launcher_pid': 3246804, 'resolved_after_s': 0.033}
  PASS  recorded payload PID differs from the launcher PID  payload=3246808 launcher=3246804
  PASS  recorded payload exe is the stub binary, not /usr/bin/time  exe=/tmp/envelope-stub-r_fm_se1/stub_payload
  PASS  recorded mid-run residency is the payload's (> 96 MiB)  recorded=193.37 MiB  (a launcher-sampling record would be ~1.5 MiB)
  PASS  recorded cleanup is confirmed on the normal-exit path  cleanup=None
        record: pid=3246808 launcher=3246804 exe=/tmp/envelope-stub-r_fm_se1/stub_payload midrun=193.37 MiB nodes={'N1': 202764288}
  PASS  payload exited normally (this is the normal-exit path)  exit_code=0 timed_out=False
  PASS  R1: the normal-exit path detected the residual group member  cleanup=residual group members after normal exit
  PASS  R1: it was triggered by residual members, not a timeout  triggered_by=residual group members after normal exit
  PASS  R1: the leaked child was reaped and cleanup confirmed  confirmed=True survivors=[]
  PASS  R1: the leaked child is actually dead afterwards  leaked_pid=3246852 alive=False

all 26 runner controls passed, 0 skipped
rc=0

=== post-control process hygiene (nothing of ours must survive) ===
stray control children: 0
ctffind after          : 2
loadavg after          : 2.14 2.14 2.10 3/7959 3246871
