=== issue26 tooling controls, round 5 (CPU-only; not a benchmark) ===
utc             : 2026-09-28T07:04:55Z
host            : small-refmac-machine
lock held       : /tmp/motioncorr-issue96-cpu-validation.lock
requested lane  : 32-63   (build/runtime parallelism <= 16; controls are serial)
inherited cpuset: 32-63
inherited mems  : 0-1
lane NUMA node  : 1 
memory policy   : policy: default;preferred node: current;physcpubind: 32 33 34 35 36 37 38 39 40 41 42 43 44 45 46 47 48 49 50 51 52 53 54 55 56 57 58 59 60 61 62 63 ;cpubind: 1 ;nodebind: 1 ;membind: 0 1 ;preferred: ;
nproc visible   : 32
loadavg         : 9.52 10.92 8.88 7/7977 3296026
runner  sha256  : 425fb42fef12d3baeb62b49ed12365ee6b32625ae93677b8b4eac00f8a6e37b2
controls sha256 : a68eece119c22189978f0fc9b645d899237550f73bb6968349d5efe0a9ad65fd
prior runner    : b05260dbf9b4ddbd76c8e248dc1bb503b911ec5d1aef11d16ef699005443bdcd (defective, superseded)
ctffind (recorded as interference, NOT altered):
                  pid=1156942 pcpu=99.9 psr=27
                  pid=1635429 pcpu=99.9 psr=50

platform=linux /proc=True
  PASS  two sequential 100 MiB stages are not a 200 MiB peak  n=2 max=100.0 sum=None
  PASS  time-like tags still expose a meaningful sum  sum=7.0
  PASS  payload resolved via /proc/<pid>/exe  {'pid': 3296037, 'exe': '/usr/bin/python3.12', 'starttime_ticks': 2590935815, 'session': 3296036, 'launcher_pid': 3296036, 'resolved_after_s': 0.036}
  PASS  resolved payload PID differs from the launcher PID  payload=3296037 launcher=3296036 launcher_exe=/usr/bin/time
  PASS  sampling the CHILD passes: residency reflects 256 MiB  child=266.06 MiB
  PASS  MUTATION - sampling the PARENT fails the same assertion  parent=1.45 MiB vs threshold 128.0 MiB
  PASS  parent residency is strictly smaller than the payload's  parent=1.45 MiB < child=266.06 MiB
  PASS  units are bytes from numa_maps, not numastat MB  bytes, from numa_maps page counts x that mappi
        identity: payload pid=3296037 exe=/usr/bin/python3.12 session=3296036 starttime=2590935815
        per-node child bytes: {'N0': 4214784, 'N1': 274767872}
  PASS  launcher-exit escalation demonstrably leaves the child running  child=3296040 alive=True ppid_now=1 descendants_of_launcher=[]
  PASS  pgid enumeration sees the reparented child  group_members=[3296040]
  PASS  a descendant walk CANNOT see it (this is why pgid is used)  descendants_of_launcher=[]
  PASS  shipped cleanup reaps the SIGTERM-ignoring child  child=3296046 still_running=False
  PASS  cleanup reports confirmed  confirmed=True survivors=[]
  PASS  cleanup escalated to SIGKILL rather than trusting SIGTERM  escalated=True
  PASS  adopted payload's session is absent from its own foreign list  payload_sid=3296126 foreign sids seen=[1635423, 3290533]
  PASS  without adoption the same payload IS seen (control is not vacuous)  payload_sid=3296195 foreign sids seen=[1635423, 3290533, 3296195]
  PASS  execute_arm resolved a payload identity  {'pid': 3296264, 'exe': '/tmp/envelope-stub-ffvjn6ow/stub_payload', 'starttime_ticks': 2590937048, 'session': 3296262, 'launcher_pid': 3296262, 'resolved_after_s': 0.047}
  PASS  recorded payload PID differs from the launcher PID  payload=3296264 launcher=3296262
  PASS  recorded payload exe is the stub binary, not /usr/bin/time  exe=/tmp/envelope-stub-ffvjn6ow/stub_payload
  PASS  recorded mid-run residency is the payload's (> 96 MiB)  recorded=193.38 MiB  (a launcher-sampling record would be ~1.5 MiB)
  PASS  payload cpuset was read from the payload, and matches the requested mask  payload_Cpus_allowed_list=32-63 requested=32-63
  PASS  recorded cleanup is confirmed on the normal-exit path  cleanup=None
        record: pid=3296264 launcher=3296262 exe=/tmp/envelope-stub-ffvjn6ow/stub_payload midrun=193.38 MiB nodes={'N1': 202768384}
  PASS  payload exited normally (this is the normal-exit path)  exit_code=0 timed_out=False
  PASS  R1: the normal-exit path detected the residual group member  cleanup=residual group members after normal exit
  PASS  R1: it was triggered by residual members, not a timeout  triggered_by=residual group members after normal exit
  PASS  R1: the leaked child was reaped and cleanup confirmed  confirmed=True survivors=[]
  PASS  R1: the arm is quarantined even though cleanup succeeded  quarantined=True reason=a process spawned by the payload outlived it and shared the cpuset during the timed interv
  PASS  R1: the leaked child is actually dead afterwards  leaked_pid=3296371 alive=False
  PASS  runner establishes an ownership basis and states whether it is isolated  {'basis': 'session', 'isolated': True, 'sid': 3296035, 'how': 'setsid() at startup'}
  PASS  a foreign burst in the lane is seen at all  in_mask_max=5 by_command={'ctffind': 13, 'python3': 49}
  PASS  per-sample records carry pid / sid / starttime / cmdline / cpus  samples=13 first={'pid': 1635429, 'comm': 'ctffind', 'sid': 1635423, 'starttime': 2174347841, 'cpus': [50], 'cpu_pct': 100.0, 'cmdline': '/home/ubuntu/work/ctffind-4.1.14-portable/ctffind --old-school-input-ctffind4 -j:1'}
  PASS  per-sample records are timestamped  first_sample_keys=['foreign_cpu_pct_total', 'in_mask', 'monotonic_s', 'processes', 'utc']
  PASS  full-tree RSS sees the grandchild's 160 MiB  peak=191.5 MiB across 3 processes
  PASS  peak records its composition and unit  members=['python3', 'python3', 'python3'] unit=KiB (ps/proc VmRSS), summed across all owned descendants in one sweep
  PASS  MUTATION - depth-1 selection misses it (this is why the tree walk exists)  depth1=22.0 MiB vs full=191.5 MiB

all 35 runner controls passed, 0 skipped
rc=0

=== post-control process hygiene (nothing of ours must survive) ===
stray control children: 0
ctffind after          : 2
loadavg after          : 8.12 10.47 8.78 7/8042 3296595
