[faultinject] cudaGetDeviceCount #1
Using CUDA acceleration on GPU device 0 for global alignment.
 Using our own implementation based on MOTIONCOR2 algorithm
 to correct beam-induced motion for the following micrographs: 
  * /home/alex/MotionCorr-standalone/relion30_tutorial/Movies/20170629_00021_frameImage.tiff
 Correcting beam-induced motions using our own implementation ...
000/??? sec ~~(,_,">                                                          [oo][faultinject] cudaGetDeviceCount #2
[faultinject] cudaMalloc #1 size=1366942080
[faultinject] cudaMalloc #2 size=1367678976
[faultinject] cudaMalloc #3 size=56955920
[faultinject] cudaMalloc #4 size=56986624
[faultinject] cudaMalloc #5 size=56986624
[faultinject] cudaMalloc #6 size=16384
[faultinject] cudaMalloc #7 size=16
[faultinject] cudaMalloc #8 size=8192
[faultinject] cudaMalloc #9 size=8
[faultinject] cudaMalloc #10 size=1582112
[faultinject] cudaMalloc #11 size=12
[faultinject] cudaMalloc #12 size=948
[faultinject] cudaMalloc #13 size=948
[faultinject] cudaMalloc #14 size=22752
[faultinject] cudaGetDeviceCount #3
[faultinject] INJECTING cudaErrorIllegalAddress at cudaGetDeviceCount #3; last-error clean
in: /home/alex/mc-pr115-enumeration-20260929/src/src/acc/cuda/cuda_alignpatch.cu, line 251
ERROR: 
No CUDA capable devices found
=== Backtrace  ===
/home/alex/mc-pr115-enumeration-20260929/build/motioncorr_faultinject(+0x51e17) [0x5d6238499e17]
/home/alex/mc-pr115-enumeration-20260929/build/motioncorr_faultinject(+0x2cb1a) [0x5d6238474b1a]
/home/alex/mc-pr115-enumeration-20260929/build/motioncorr_faultinject(+0xf342f) [0x5d623853b42f]
/home/alex/mc-pr115-enumeration-20260929/build/motioncorr_faultinject(+0x100830) [0x5d6238548830]
/home/alex/mc-pr115-enumeration-20260929/build/motioncorr_faultinject(+0x47cb3) [0x5d623848fcb3]
/lib/x86_64-linux-gnu/libc.so.6(+0x2a1ca) [0x7d7254c2a1ca]
/lib/x86_64-linux-gnu/libc.so.6(__libc_start_main+0x8b) [0x7d7254c2a28b]
/home/alex/mc-pr115-enumeration-20260929/build/motioncorr_faultinject(+0x48365) [0x5d6238490365]
==================
ERROR: 
No CUDA capable devices found
Continuing with the remaining movies.
   1/   1 sec ............................................................~~(,_,"> yum!
in: /home/alex/mc-pr115-enumeration-20260929/src/src/motioncorr_runner.cpp, line 697
ERROR: 
Motion correction failed for 1 movie(s): /home/alex/MotionCorr-standalone/relion30_tutorial/Movies/20170629_00021_frameImage.tiff. Successful per-movie outputs were retained; joint output was not generated.
=== Backtrace  ===
/home/alex/mc-pr115-enumeration-20260929/build/motioncorr_faultinject(+0x51e17) [0x5d6238499e17]
/home/alex/mc-pr115-enumeration-20260929/build/motioncorr_faultinject(+0x28dae) [0x5d6238470dae]
/home/alex/mc-pr115-enumeration-20260929/build/motioncorr_faultinject(+0x47cb3) [0x5d623848fcb3]
/lib/x86_64-linux-gnu/libc.so.6(+0x2a1ca) [0x7d7254c2a1ca]
/lib/x86_64-linux-gnu/libc.so.6(__libc_start_main+0x8b) [0x7d7254c2a28b]
/home/alex/mc-pr115-enumeration-20260929/build/motioncorr_faultinject(+0x48365) [0x5d6238490365]
==================
ERROR: 
Motion correction failed for 1 movie(s): /home/alex/MotionCorr-standalone/relion30_tutorial/Movies/20170629_00021_frameImage.tiff. Successful per-movie outputs were retained; joint output was not generated.
[faultinject] remaining-owned=0 stale-releases=0
