Using CUDA acceleration on GPU device 0 for global alignment.
 Using our own implementation based on MOTIONCOR2 algorithm
 to correct beam-induced motion for the following micrographs: 
  * /home/alex/MotionCorr-standalone/relion30_tutorial/Movies/20170629_00021_frameImage.tiff
 Correcting beam-induced motions using our own implementation ...
000/??? sec ~~(,_,">                                                          [oo][faultinject] cudaMalloc #1 size=1366942080
[faultinject] cudaMalloc #2 size=1367678976
[faultinject] cudaMalloc #3 size=56955920
[faultinject] cudaMalloc #4 size=56986624
[faultinject] cudaMalloc #5 size=56986624
[faultinject] cudaMalloc #6 size=16384
[faultinject] cudaMalloc #7 size=16
[faultinject] cudaMalloc #8 size=8192
[faultinject] cudaMalloc #9 size=8
[faultinject] cudaMalloc #10 size=1582112
[faultinject] cudaMalloc #11 size=12
[faultinject] cudaMalloc #12 size=948
[faultinject] cudaMalloc #13 size=948
[faultinject] cudaMalloc #14 size=22752
[faultinject] cudaMalloc #15 size=3786912
[faultinject] cudaMalloc #16 size=1893456
[faultinject] cudaMalloc #17 size=90885888
[faultinject] cudaMalloc #18 size=90699264
[faultinject] cudaMalloc #19 size=96
[faultinject] cudaMalloc #20 size=96
[faultinject] cudaMalloc #21 size=96
[faultinject] cudaMalloc #22 size=96
[faultinject] cudaMalloc #23 size=151887744
[faultinject] cudaMalloc #24 size=151642368
[faultinject] cudaMalloc #25 size=96
[faultinject] cudaMalloc #26 size=96
[faultinject] cudaMalloc #27 size=422496
[faultinject] cudaMalloc #28 size=211248
[faultinject] cudaMalloc #29 size=10139904
[faultinject] cudaMalloc #30 size=10077696
[faultinject] cudaMalloc #31 size=96
[faultinject] cudaMalloc #32 size=96
[faultinject] cudaMalloc #33 size=96
[faultinject] cudaMalloc #34 size=96
[faultinject] cudaMalloc #35 size=151642368
[faultinject] INJECTING cudaErrorIllegalAddress at cudaMalloc #35
in: /home/alex/mc-pr115-ownership-20260929/src/src/motioncorr_runner.cpp, line 2361
ERROR: 
CUDA device context is unusable after fallback patch preparation for /home/alex/MotionCorr-standalone/relion30_tutorial/Movies/20170629_00021_frameImage.tiff (patch 1, 1): an illegal memory access was encountered, recorded at cudaPreparePatch:323. Refusing to re-dispatch alignment on a poisoned context; the host path would return to the same device.
=== Backtrace  ===
build/motioncorr_faultinject(+0x51ca7) [0x5756d1d1dca7]
build/motioncorr_faultinject(+0x271f0) [0x5756d1cf31f0]
build/motioncorr_faultinject(+0x1006c0) [0x5756d1dcc6c0]
build/motioncorr_faultinject(+0x47cb3) [0x5756d1d13cb3]
/lib/x86_64-linux-gnu/libc.so.6(+0x2a1ca) [0x72366f22a1ca]
/lib/x86_64-linux-gnu/libc.so.6(__libc_start_main+0x8b) [0x72366f22a28b]
build/motioncorr_faultinject(+0x48365) [0x5756d1d14365]
==================
ERROR: 
CUDA device context is unusable after fallback patch preparation for /home/alex/MotionCorr-standalone/relion30_tutorial/Movies/20170629_00021_frameImage.tiff (patch 1, 1): an illegal memory access was encountered, recorded at cudaPreparePatch:323. Refusing to re-dispatch alignment on a poisoned context; the host path would return to the same device.
Continuing with the remaining movies.
   1/   1 sec ............................................................~~(,_,"> yum!
in: /home/alex/mc-pr115-ownership-20260929/src/src/motioncorr_runner.cpp, line 697
ERROR: 
Motion correction failed for 1 movie(s): /home/alex/MotionCorr-standalone/relion30_tutorial/Movies/20170629_00021_frameImage.tiff. Successful per-movie outputs were retained; joint output was not generated.
=== Backtrace  ===
build/motioncorr_faultinject(+0x51ca7) [0x5756d1d1dca7]
build/motioncorr_faultinject(+0x28dae) [0x5756d1cf4dae]
build/motioncorr_faultinject(+0x47cb3) [0x5756d1d13cb3]
/lib/x86_64-linux-gnu/libc.so.6(+0x2a1ca) [0x72366f22a1ca]
/lib/x86_64-linux-gnu/libc.so.6(__libc_start_main+0x8b) [0x72366f22a28b]
build/motioncorr_faultinject(+0x48365) [0x5756d1d14365]
==================
ERROR: 
Motion correction failed for 1 movie(s): /home/alex/MotionCorr-standalone/relion30_tutorial/Movies/20170629_00021_frameImage.tiff. Successful per-movie outputs were retained; joint output was not generated.
[faultinject] remaining-owned=0 stale-releases=0
