################ PROVENANCE ################
UTC 2026-09-28T08:14:15Z
small-refmac-machine
Cpus_allowed_list:	32-63
Mems_allowed_list:	0-1
policy: bind
physcpubind: 32 33 34 35 36 37 38 39 40 41 42 43 44 45 46 47 48 49 50 51 52 53 54 55 56 57 58 59 60 61 62 63 
membind: 1 
SMT thread(s)/core: 1; node1 = CPUs 32-63
2.02 2.18 3.44 3/7976 3391948
interference ctffind pid=1156942 cpus=0-63 (recorded, untouched)
interference ctffind pid=1635429 cpus=0-63 (recorded, untouched)
ghostscript 10.02.1
numpy 2.5.3
retained pair (MotionCorr NOT re-run):
  main      /home/ubuntu/mc-i96-final/ab24/out_main-4c952b3_j8
  candidate /home/ubuntu/mc-i96-final/ab24/out_integrate-round96-final_j8
  produced by the cpu64 all-24 A/B at final head; trees retained since

################ ARTIFACT IDENTITY ################
all_batches.pdf    main=d4ddb1e99aec1114  cand=b085755087592c54  bytes 401934 / 402212
batch.pdf          main=d736928a73b7958d  cand=7647c64130397727  bytes 402083 / 402361
header.pdf         main=544c5badd1c6204c  cand=b3e617d4f8e71bfa  bytes 34263 / 34263
logfile.pdf        main=bce2dd398f5c1809  cand=f756355270f7a379  bytes 434289 / 434568

################ PAGE COUNTS ################
all_batches.pdf A=24  all_batches.pdf B=24  
batch.pdf A=24  batch.pdf B=24  
header.pdf A=6  header.pdf B=6  
logfile.pdf A=30  logfile.pdf B=30  

################ RAW METADATA STRINGS (the suspected cause) ################
--- all_batches.pdf
    A /Producer(GPL Ghostscript 10.02.1)
    A /CreationDate(D:20260928024134Z00'00')
    A /ModDate(D:20260928024134Z00'00')
    B /Producer(GPL Ghostscript 10.02.1)
    B /CreationDate(D:20260928024505Z00'00')
    B /ModDate(D:20260928024505Z00'00')
--- batch.pdf
    A /Producer(GPL Ghostscript 10.02.1)
    A /CreationDate(D:20260928024133Z00'00')
    A /ModDate(D:20260928024133Z00'00')
    B /Producer(GPL Ghostscript 10.02.1)
    B /CreationDate(D:20260928024505Z00'00')
    B /ModDate(D:20260928024505Z00'00')
--- header.pdf
    A /Producer(GPL Ghostscript 10.02.1)
    A /CreationDate(D:20260928024133Z00'00')
    A /ModDate(D:20260928024133Z00'00')
    B /Producer(GPL Ghostscript 10.02.1)
    B /CreationDate(D:20260928024504Z00'00')
    B /ModDate(D:20260928024504Z00'00')
--- logfile.pdf
    A /Producer(GPL Ghostscript 10.02.1)
    A /CreationDate(D:20260928024134Z00'00')
    A /ModDate(D:20260928024134Z00'00')
    B /Producer(GPL Ghostscript 10.02.1)
    B /CreationDate(D:20260928024505Z00'00')
    B /ModDate(D:20260928024505Z00'00')

################ EXTRACTED TEXT (gs txtwrite) ################
all_batches.pdf  TEXT DIFFERS -- first differing lines:
    1c1
    <     /home/ubuntu/mc-i96-final/ab24/out_main-4c952b3_j8/Movies/20170629_00021_frameImage_shifts.eps
    ---
    >  /home/ubuntu/mc-i96-final/ab24/out_integrate-round96-final_j8/Movies/20170629_00021_frameImage_shifts.eps
    13c13
    <     /home/ubuntu/mc-i96-final/ab24/out_main-4c952b3_j8/Movies/20170629_00022_frameImage_shifts.eps
    ---
    >  /home/ubuntu/mc-i96-final/ab24/out_integrate-round96-final_j8/Movies/20170629_00022_frameImage_shifts.eps
    25c25
    <     /home/ubuntu/mc-i96-final/ab24/out_main-4c952b3_j8/Movies/20170629_00023_frameImage_shifts.eps
    ---
    >  /home/ubuntu/mc-i96-final/ab24/out_integrate-round96-final_j8/Movies/20170629_00023_frameImage_shifts.eps
    37c37
    <     /home/ubuntu/mc-i96-final/ab24/out_main-4c952b3_j8/Movies/20170629_00024_frameImage_shifts.eps
    ---
    >  /home/ubuntu/mc-i96-final/ab24/out_integrate-round96-final_j8/Movies/20170629_00024_frameImage_shifts.eps
    49c49
    <     /home/ubuntu/mc-i96-final/ab24/out_main-4c952b3_j8/Movies/20170629_00025_frameImage_shifts.eps
    ---
    >  /home/ubuntu/mc-i96-final/ab24/out_integrate-round96-final_j8/Movies/20170629_00025_frameImage_shifts.eps
batch.pdf  TEXT DIFFERS -- first differing lines:
    1c1
    <     /home/ubuntu/mc-i96-final/ab24/out_main-4c952b3_j8/Movies/20170629_00021_frameImage_shifts.eps
    ---
    >  /home/ubuntu/mc-i96-final/ab24/out_integrate-round96-final_j8/Movies/20170629_00021_frameImage_shifts.eps
    13c13
    <     /home/ubuntu/mc-i96-final/ab24/out_main-4c952b3_j8/Movies/20170629_00022_frameImage_shifts.eps
    ---
    >  /home/ubuntu/mc-i96-final/ab24/out_integrate-round96-final_j8/Movies/20170629_00022_frameImage_shifts.eps
    25c25
    <     /home/ubuntu/mc-i96-final/ab24/out_main-4c952b3_j8/Movies/20170629_00023_frameImage_shifts.eps
    ---
    >  /home/ubuntu/mc-i96-final/ab24/out_integrate-round96-final_j8/Movies/20170629_00023_frameImage_shifts.eps
    37c37
    <     /home/ubuntu/mc-i96-final/ab24/out_main-4c952b3_j8/Movies/20170629_00024_frameImage_shifts.eps
    ---
    >  /home/ubuntu/mc-i96-final/ab24/out_integrate-round96-final_j8/Movies/20170629_00024_frameImage_shifts.eps
    49c49
    <     /home/ubuntu/mc-i96-final/ab24/out_main-4c952b3_j8/Movies/20170629_00025_frameImage_shifts.eps
    ---
    >  /home/ubuntu/mc-i96-final/ab24/out_integrate-round96-final_j8/Movies/20170629_00025_frameImage_shifts.eps
header.pdf  TEXT IDENTICAL  (1415 bytes)
logfile.pdf  TEXT DIFFERS -- first differing lines:
    70c70
    <     /home/ubuntu/mc-i96-final/ab24/out_main-4c952b3_j8/Movies/20170629_00021_frameImage_shifts.eps
    ---
    >  /home/ubuntu/mc-i96-final/ab24/out_integrate-round96-final_j8/Movies/20170629_00021_frameImage_shifts.eps
    82c82
    <     /home/ubuntu/mc-i96-final/ab24/out_main-4c952b3_j8/Movies/20170629_00022_frameImage_shifts.eps
    ---
    >  /home/ubuntu/mc-i96-final/ab24/out_integrate-round96-final_j8/Movies/20170629_00022_frameImage_shifts.eps
    94c94
    <     /home/ubuntu/mc-i96-final/ab24/out_main-4c952b3_j8/Movies/20170629_00023_frameImage_shifts.eps
    ---
    >  /home/ubuntu/mc-i96-final/ab24/out_integrate-round96-final_j8/Movies/20170629_00023_frameImage_shifts.eps
    106c106
    <     /home/ubuntu/mc-i96-final/ab24/out_main-4c952b3_j8/Movies/20170629_00024_frameImage_shifts.eps
    ---
    >  /home/ubuntu/mc-i96-final/ab24/out_integrate-round96-final_j8/Movies/20170629_00024_frameImage_shifts.eps
    118c118
    <     /home/ubuntu/mc-i96-final/ab24/out_main-4c952b3_j8/Movies/20170629_00025_frameImage_shifts.eps
    ---
    >  /home/ubuntu/mc-i96-final/ab24/out_integrate-round96-final_j8/Movies/20170629_00025_frameImage_shifts.eps

################ FULL-PAGE RENDER COMPARISON (150 dpi, png16m) ################
This is the load-bearing check: it compares what a reader actually sees,
including every plotted point. No normalisation is applied.
all_batches    24 page(s)  RENDER DIFFERS on 24/24 pages (max channel delta 255, max differing pixels/page 11900)
batch          24 page(s)  RENDER DIFFERS on 24/24 pages (max channel delta 255, max differing pixels/page 11900)
header         6 page(s)  RENDER IDENTICAL
logfile        30 page(s)  RENDER DIFFERS on 24/30 pages (max channel delta 255, max differing pixels/page 11900)

TOTAL: 84 rendered pages compared, 72 differing

################ SUPPORTING (not a substitute): EPS and STAR ################
EPS shift plots: 24 compared, 24 differing byte-for-byte
STAR files:      25 compared, 1 differing byte-for-byte

################ DONE ################
UTC 2026-09-28T08:18:01Z
