Using CUDA acceleration on GPU device 0 for global alignment.
 Using our own implementation based on MOTIONCOR2 algorithm
 to correct beam-induced motion for the following micrographs: 
  * /home/alex/mc-pr115-ownership-20260929/resume-inputs/a.tiff
  * /home/alex/mc-pr115-ownership-20260929/resume-inputs/b.tiff
  * /home/alex/mc-pr115-ownership-20260929/resume-inputs/c.tiff
 Correcting beam-induced motions using our own implementation ...
000/??? sec ~~(,_,">                                                          [oo][faultinject] cudaMalloc #1 size=8388608
[faultinject] cudaMalloc #2 size=8421376
[faultinject] cudaMalloc #3 size=1048576
[faultinject] cudaMalloc #4 size=1052672
[faultinject] cudaMalloc #5 size=1052672
[faultinject] cudaMalloc #6 size=16384
[faultinject] cudaMalloc #7 size=16
[faultinject] cudaMalloc #8 size=8192
[faultinject] cudaMalloc #9 size=8
[faultinject] cudaMalloc #10 size=29128
[faultinject] cudaMalloc #11 size=12
[faultinject] cudaMalloc #12 size=1564
[faultinject] cudaMalloc #13 size=1564
[faultinject] cudaMalloc #14 size=12512
[faultinject] cudaMalloc #15 size=148992
[faultinject] cudaMalloc #16 size=74496
[faultinject] cudaMalloc #17 size=1191936
[faultinject] cudaMalloc #18 size=1179648
[faultinject] cudaMalloc #19 size=32
[faultinject] cudaMalloc #20 size=32
[faultinject] cudaMalloc #21 size=32
[faultinject] cudaMalloc #22 size=32
[faultinject] cudaMalloc #23 size=935680
[faultinject] cudaMalloc #24 size=924800
[faultinject] cudaMalloc #25 size=32
[faultinject] cudaMalloc #26 size=32
[faultinject] cudaMalloc #27 size=116960
[faultinject] cudaMalloc #28 size=58480
[faultinject] cudaMalloc #29 size=935680
[faultinject] cudaMalloc #30 size=924800
[faultinject] cudaMalloc #31 size=32
[faultinject] cudaMalloc #32 size=32
[faultinject] cudaMalloc #33 size=32
[faultinject] cudaMalloc #34 size=32
[faultinject] cudaMalloc #35 size=116960
[faultinject] cudaMalloc #36 size=58480
[faultinject] cudaMalloc #37 size=935680
[faultinject] cudaMalloc #38 size=924800
[faultinject] cudaMalloc #39 size=32
[faultinject] cudaMalloc #40 size=32
[faultinject] cudaMalloc #41 size=32
[faultinject] cudaMalloc #42 size=32
[faultinject] cudaMalloc #43 size=116960
[faultinject] cudaMalloc #44 size=58480
[faultinject] cudaMalloc #45 size=935680
[faultinject] cudaMalloc #46 size=924800
[faultinject] cudaMalloc #47 size=32
[faultinject] cudaMalloc #48 size=32
[faultinject] cudaMalloc #49 size=32
[faultinject] cudaMalloc #50 size=32
[faultinject] cudaMalloc #51 size=116960
[faultinject] cudaMalloc #52 size=58480
[faultinject] cudaMalloc #53 size=935680
[faultinject] cudaMalloc #54 size=924800
[faultinject] cudaMalloc #55 size=32
[faultinject] cudaMalloc #56 size=32
[faultinject] cudaMalloc #57 size=32
[faultinject] cudaMalloc #58 size=32
[faultinject] cudaMalloc #59 size=116960
[faultinject] cudaMalloc #60 size=58480
[faultinject] cudaMalloc #61 size=935680
[faultinject] cudaMalloc #62 size=924800
[faultinject] cudaMalloc #63 size=32
[faultinject] cudaMalloc #64 size=32
[faultinject] cudaMalloc #65 size=32
[faultinject] cudaMalloc #66 size=32
[faultinject] cudaMalloc #67 size=116960
[faultinject] cudaMalloc #68 size=58480
[faultinject] cudaMalloc #69 size=935680
[faultinject] cudaMalloc #70 size=924800
[faultinject] cudaMalloc #71 size=32
[faultinject] cudaMalloc #72 size=32
[faultinject] cudaMalloc #73 size=32
[faultinject] cudaMalloc #74 size=32
[faultinject] cudaMalloc #75 size=116960
[faultinject] cudaMalloc #76 size=58480
[faultinject] cudaMalloc #77 size=935680
[faultinject] cudaMalloc #78 size=924800
[faultinject] cudaMalloc #79 size=32
[faultinject] cudaMalloc #80 size=32
[faultinject] cudaMalloc #81 size=32
[faultinject] cudaMalloc #82 size=32
[faultinject] cudaMalloc #83 size=116960
[faultinject] cudaMalloc #84 size=58480
[faultinject] cudaMalloc #85 size=935680
[faultinject] cudaMalloc #86 size=924800
[faultinject] cudaMalloc #87 size=32
[faultinject] cudaMalloc #88 size=32
[faultinject] cudaMalloc #89 size=32
[faultinject] cudaMalloc #90 size=32
[faultinject] cudaMalloc #91 size=116960
[faultinject] cudaMalloc #92 size=58480
[faultinject] cudaMalloc #93 size=935680
[faultinject] cudaMalloc #94 size=924800
[faultinject] cudaMalloc #95 size=32
[faultinject] cudaMalloc #96 size=32
[faultinject] cudaMalloc #97 size=32
[faultinject] cudaMalloc #98 size=32
[faultinject] cudaMalloc #99 size=1052672
[faultinject] cudaMalloc #100 size=1048576
[faultinject] cudaMalloc #101 size=1048576
[faultinject] cudaMalloc #102 size=32
   0/   0 sec ...................~~(,_,">                                     [oo][faultinject] cudaMalloc #103 size=8388608
[faultinject] cudaMalloc #104 size=8421376
[faultinject] cudaMalloc #105 size=1048576
[faultinject] cudaMalloc #106 size=1052672
[faultinject] cudaMalloc #107 size=1052672
[faultinject] cudaMalloc #108 size=16384
[faultinject] cudaMalloc #109 size=16
[faultinject] cudaMalloc #110 size=8192
[faultinject] cudaMalloc #111 size=8
[faultinject] cudaMalloc #112 size=29128
[faultinject] cudaMalloc #113 size=12
[faultinject] cudaMalloc #114 size=1564
[faultinject] cudaMalloc #115 size=1564
[faultinject] cudaMalloc #116 size=12512
[faultinject] cudaMalloc #117 size=148992
[faultinject] cudaMalloc #118 size=74496
[faultinject] cudaMalloc #119 size=1191936
[faultinject] cudaMalloc #120 size=1179648
[faultinject] cudaMalloc #121 size=32
[faultinject] cudaMalloc #122 size=32
[faultinject] cudaMalloc #123 size=32
[faultinject] cudaMalloc #124 size=32
[faultinject] cudaMalloc #125 size=935680
[faultinject] cudaMalloc #126 size=924800
[faultinject] cudaMalloc #127 size=32
[faultinject] cudaMalloc #128 size=32
[faultinject] cudaMalloc #129 size=116960
[faultinject] cudaMalloc #130 size=58480
[faultinject] cudaMalloc #131 size=935680
[faultinject] cudaMalloc #132 size=924800
[faultinject] cudaMalloc #133 size=32
[faultinject] cudaMalloc #134 size=32
[faultinject] cudaMalloc #135 size=32
[faultinject] cudaMalloc #136 size=32
[faultinject] cudaMalloc #137 size=116960
[faultinject] cudaMalloc #138 size=58480
[faultinject] cudaMalloc #139 size=935680
[faultinject] cudaMalloc #140 size=924800
[faultinject] cudaMalloc #141 size=32
[faultinject] cudaMalloc #142 size=32
[faultinject] cudaMalloc #143 size=32
[faultinject] cudaMalloc #144 size=32
[faultinject] cudaMalloc #145 size=116960
[faultinject] cudaMalloc #146 size=58480
[faultinject] cudaMalloc #147 size=935680
[faultinject] cudaMalloc #148 size=924800
[faultinject] cudaMalloc #149 size=32
[faultinject] cudaMalloc #150 size=32
[faultinject] cudaMalloc #151 size=32
[faultinject] cudaMalloc #152 size=32
[faultinject] cudaMalloc #153 size=116960
[faultinject] cudaMalloc #154 size=58480
[faultinject] cudaMalloc #155 size=935680
[faultinject] cudaMalloc #156 size=924800
[faultinject] cudaMalloc #157 size=32
[faultinject] cudaMalloc #158 size=32
[faultinject] cudaMalloc #159 size=32
[faultinject] cudaMalloc #160 size=32
[faultinject] cudaMalloc #161 size=116960
[faultinject] cudaMalloc #162 size=58480
[faultinject] cudaMalloc #163 size=935680
[faultinject] cudaMalloc #164 size=924800
[faultinject] cudaMalloc #165 size=32
[faultinject] cudaMalloc #166 size=32
[faultinject] cudaMalloc #167 size=32
[faultinject] cudaMalloc #168 size=32
[faultinject] cudaMalloc #169 size=116960
[faultinject] cudaMalloc #170 size=58480
[faultinject] cudaMalloc #171 size=935680
[faultinject] cudaMalloc #172 size=924800
[faultinject] cudaMalloc #173 size=32
[faultinject] cudaMalloc #174 size=32
[faultinject] cudaMalloc #175 size=32
[faultinject] cudaMalloc #176 size=32
[faultinject] cudaMalloc #177 size=116960
[faultinject] cudaMalloc #178 size=58480
[faultinject] cudaMalloc #179 size=935680
[faultinject] cudaMalloc #180 size=924800
[faultinject] cudaMalloc #181 size=32
[faultinject] cudaMalloc #182 size=32
[faultinject] cudaMalloc #183 size=32
[faultinject] cudaMalloc #184 size=32
[faultinject] cudaMalloc #185 size=116960
[faultinject] cudaMalloc #186 size=58480
[faultinject] cudaMalloc #187 size=935680
[faultinject] cudaMalloc #188 size=924800
[faultinject] cudaMalloc #189 size=32
[faultinject] cudaMalloc #190 size=32
[faultinject] cudaMalloc #191 size=32
[faultinject] cudaMalloc #192 size=32
[faultinject] cudaMalloc #193 size=116960
[faultinject] cudaMalloc #194 size=58480
[faultinject] cudaMalloc #195 size=935680
[faultinject] cudaMalloc #196 size=924800
[faultinject] cudaMalloc #197 size=32
[faultinject] cudaMalloc #198 size=32
[faultinject] cudaMalloc #199 size=32
[faultinject] cudaMalloc #200 size=32
[faultinject] cudaMalloc #201 size=1052672
[faultinject] cudaMalloc #202 size=1048576
[faultinject] cudaMalloc #203 size=1048576
[faultinject] cudaMalloc #204 size=32
   0/   0 sec .......................................~~(,_,">                 [oo][faultinject] cudaMalloc #205 size=8388608
[faultinject] cudaMalloc #206 size=8421376
[faultinject] cudaMalloc #207 size=1048576
[faultinject] cudaMalloc #208 size=1052672
[faultinject] cudaMalloc #209 size=1052672
[faultinject] cudaMalloc #210 size=16384
[faultinject] cudaMalloc #211 size=16
[faultinject] cudaMalloc #212 size=8192
[faultinject] cudaMalloc #213 size=8
[faultinject] cudaMalloc #214 size=29128
[faultinject] cudaMalloc #215 size=12
[faultinject] cudaMalloc #216 size=1564
[faultinject] cudaMalloc #217 size=1564
[faultinject] cudaMalloc #218 size=12512
[faultinject] cudaMalloc #219 size=148992
[faultinject] cudaMalloc #220 size=74496
[faultinject] cudaMalloc #221 size=1191936
[faultinject] cudaMalloc #222 size=1179648
[faultinject] cudaMalloc #223 size=32
[faultinject] cudaMalloc #224 size=32
[faultinject] cudaMalloc #225 size=32
[faultinject] cudaMalloc #226 size=32
[faultinject] cudaMalloc #227 size=935680
[faultinject] cudaMalloc #228 size=924800
[faultinject] cudaMalloc #229 size=32
[faultinject] cudaMalloc #230 size=32
[faultinject] cudaMalloc #231 size=116960
[faultinject] cudaMalloc #232 size=58480
[faultinject] cudaMalloc #233 size=935680
[faultinject] cudaMalloc #234 size=924800
[faultinject] cudaMalloc #235 size=32
[faultinject] cudaMalloc #236 size=32
[faultinject] cudaMalloc #237 size=32
[faultinject] cudaMalloc #238 size=32
[faultinject] cudaMalloc #239 size=116960
[faultinject] cudaMalloc #240 size=58480
[faultinject] cudaMalloc #241 size=935680
[faultinject] cudaMalloc #242 size=924800
[faultinject] cudaMalloc #243 size=32
[faultinject] cudaMalloc #244 size=32
[faultinject] cudaMalloc #245 size=32
[faultinject] cudaMalloc #246 size=32
[faultinject] cudaMalloc #247 size=116960
[faultinject] cudaMalloc #248 size=58480
[faultinject] cudaMalloc #249 size=935680
[faultinject] cudaMalloc #250 size=924800
[faultinject] cudaMalloc #251 size=32
[faultinject] cudaMalloc #252 size=32
[faultinject] cudaMalloc #253 size=32
[faultinject] cudaMalloc #254 size=32
[faultinject] cudaMalloc #255 size=116960
[faultinject] cudaMalloc #256 size=58480
[faultinject] cudaMalloc #257 size=935680
[faultinject] cudaMalloc #258 size=924800
[faultinject] cudaMalloc #259 size=32
[faultinject] cudaMalloc #260 size=32
[faultinject] cudaMalloc #261 size=32
[faultinject] cudaMalloc #262 size=32
[faultinject] cudaMalloc #263 size=116960
[faultinject] cudaMalloc #264 size=58480
[faultinject] cudaMalloc #265 size=935680
[faultinject] cudaMalloc #266 size=924800
[faultinject] cudaMalloc #267 size=32
[faultinject] cudaMalloc #268 size=32
[faultinject] cudaMalloc #269 size=32
[faultinject] cudaMalloc #270 size=32
[faultinject] cudaMalloc #271 size=116960
[faultinject] cudaMalloc #272 size=58480
[faultinject] cudaMalloc #273 size=935680
[faultinject] cudaMalloc #274 size=924800
[faultinject] cudaMalloc #275 size=32
[faultinject] cudaMalloc #276 size=32
[faultinject] cudaMalloc #277 size=32
[faultinject] cudaMalloc #278 size=32
[faultinject] cudaMalloc #279 size=116960
[faultinject] cudaMalloc #280 size=58480
[faultinject] cudaMalloc #281 size=935680
[faultinject] cudaMalloc #282 size=924800
[faultinject] cudaMalloc #283 size=32
[faultinject] cudaMalloc #284 size=32
[faultinject] cudaMalloc #285 size=32
[faultinject] cudaMalloc #286 size=32
[faultinject] cudaMalloc #287 size=116960
[faultinject] cudaMalloc #288 size=58480
[faultinject] cudaMalloc #289 size=935680
[faultinject] cudaMalloc #290 size=924800
[faultinject] cudaMalloc #291 size=32
[faultinject] cudaMalloc #292 size=32
[faultinject] cudaMalloc #293 size=32
[faultinject] cudaMalloc #294 size=32
[faultinject] cudaMalloc #295 size=116960
[faultinject] cudaMalloc #296 size=58480
[faultinject] cudaMalloc #297 size=935680
[faultinject] cudaMalloc #298 size=924800
[faultinject] cudaMalloc #299 size=32
[faultinject] cudaMalloc #300 size=32
[faultinject] cudaMalloc #301 size=32
[faultinject] cudaMalloc #302 size=32
[faultinject] cudaMalloc #303 size=1052672
[faultinject] cudaMalloc #304 size=1048576
[faultinject] cudaMalloc #305 size=1048576
[faultinject] cudaMalloc #306 size=32
   0/   0 sec ............................................................~~(,_,"> yum!
 Generating joint STAR file ... 
000/??? sec ~~(,_,">                                                          [oo]   0/   0 sec ............................................................~~(,_,"> yum!
 Written: /home/alex/mc-pr115-ownership-20260929/resume-reference/corrected_micrographs.star
 Now generating logfile.pdf ... 
 Done! Written: /home/alex/mc-pr115-ownership-20260929/resume-reference/logfile.pdf
[faultinject] remaining-owned=0 stale-releases=0
