=== BUILD START 2026-09-27T23:51:53Z ===
host=4-gpu-vm whoami=alex
self Cpus_allowed_list=96-111
self Mems_allowed_list=0-1
nproc(visible)=16
loadavg=0.00 0.06 0.08 1/2702 1116365
### CONFIGURE build-cuda 23:51:54
-- The C compiler identification is GNU 13.3.0
-- The CXX compiler identification is GNU 13.3.0
-- Detecting C compiler ABI info
-- Detecting C compiler ABI info - done
-- Check for working C compiler: /usr/bin/cc - skipped
-- Detecting C compile features
-- Detecting C compile features - done
-- Detecting CXX compiler ABI info
-- Detecting CXX compiler ABI info - done
-- Check for working CXX compiler: /usr/bin/c++ - skipped
-- Detecting CXX compile features
-- Detecting CXX compile features - done
-- Found PkgConfig: /usr/bin/pkg-config (found version "1.8.1") 
-- Checking for module 'fftw3'
--   Found fftw3, version 3.3.10
-- Checking for module 'fftw3f'
--   Found fftw3f, version 3.3.10
-- Found OpenMP_CXX: -fopenmp (found version "4.5") 
-- Found OpenMP: TRUE (found version "4.5") found components: CXX 
-- Found TIFF: /usr/lib/x86_64-linux-gnu/libtiff.so (found version "4.5.1")  
-- Found ZLIB: /usr/lib/x86_64-linux-gnu/libz.so (found version "1.3")  
-- Found PNG: /usr/lib/x86_64-linux-gnu/libpng.so (found version "1.6.43") 
-- Found JPEG: /usr/lib/x86_64-linux-gnu/libjpeg.so (found version "80") 
-- The CUDA compiler identification is NVIDIA 12.8.61
-- Detecting CUDA compiler ABI info
-- Detecting CUDA compiler ABI info - done
-- Check for working CUDA compiler: /usr/local/cuda-12.8/bin/nvcc - skipped
-- Detecting CUDA compile features
-- Detecting CUDA compile features - done
-- Found CUDAToolkit: /usr/local/cuda-12.8/targets/x86_64-linux/include (found version "12.8.61") 
-- Performing Test CMAKE_HAVE_LIBC_PTHREAD
-- Performing Test CMAKE_HAVE_LIBC_PTHREAD - Success
-- Found Threads: TRUE  
-- Configuring done (5.9s)
-- Generating done (0.0s)
-- Build files have been written to: /home/alex/MotionCorr-issue26-envelope/build-cuda
### BUILD build-cuda 23:51:59
[  1%] Building CXX object CMakeFiles/motioncorr_core.dir/src/CPlot2D.cpp.o
[  3%] Building CXX object CMakeFiles/motioncorr_core.dir/src/euler.cpp.o
[  3%] Building CXX object CMakeFiles/motioncorr_core.dir/src/complex.cpp.o
[  6%] Building CXX object CMakeFiles/motioncorr_core.dir/src/error.cpp.o
[  6%] Building CXX object CMakeFiles/motioncorr_core.dir/src/args.cpp.o
[  6%] Building CXX object CMakeFiles/motioncorr_core.dir/src/backprojector.cpp.o
[  7%] Building CXX object CMakeFiles/motioncorr_core.dir/src/fftw.cpp.o
[  8%] Building CXX object CMakeFiles/motioncorr_core.dir/src/ctf.cpp.o
[ 10%] Building CXX object CMakeFiles/motioncorr_core.dir/src/filename.cpp.o
[ 11%] Building CXX object CMakeFiles/motioncorr_core.dir/src/funcs.cpp.o
[ 12%] Building CXX object CMakeFiles/motioncorr_core.dir/src/image.cpp.o
[ 13%] Building C object CMakeFiles/motioncorr_core.dir/src/jaz/d3x3/dsyev2.c.o
[ 14%] Building CXX object CMakeFiles/motioncorr_core.dir/src/jaz/image/radial_avg.cpp.o
[ 15%] Building CXX object CMakeFiles/motioncorr_core.dir/src/jaz/image/resampling.cpp.o
[ 16%] Building CXX object CMakeFiles/motioncorr_core.dir/src/jaz/image/stack_helper.cpp.o
[ 17%] Building CXX object CMakeFiles/motioncorr_core.dir/src/jaz/math/Zernike.cpp.o
[ 19%] Building CXX object CMakeFiles/motioncorr_core.dir/src/jaz/math/fft.cpp.o
[ 20%] Building CXX object CMakeFiles/motioncorr_core.dir/src/jaz/math/t_complex.cpp.o
[ 21%] Building CXX object CMakeFiles/motioncorr_core.dir/src/jaz/optics/damage.cpp.o
[ 22%] Building CXX object CMakeFiles/motioncorr_core.dir/src/jaz/optics/optics_data.cpp.o
[ 23%] Building CXX object CMakeFiles/motioncorr_core.dir/src/jaz/optimization/nelder_mead.cpp.o
[ 24%] Building CXX object CMakeFiles/motioncorr_core.dir/src/jaz/optimization/optimization.cpp.o
[ 25%] Building CXX object CMakeFiles/motioncorr_core.dir/src/jaz/single_particle/Fourier_helper.cpp.o
[ 26%] Building CXX object CMakeFiles/motioncorr_core.dir/src/jaz/single_particle/complex_io.cpp.o
[ 28%] Building CXX object CMakeFiles/motioncorr_core.dir/src/jaz/single_particle/ctf/tilt_helper.cpp.o
[ 29%] Building C object CMakeFiles/motioncorr_core.dir/src/jaz/single_particle/d3x3/dsyev2.c.o
[ 30%] Building C object CMakeFiles/motioncorr_core.dir/src/jaz/single_particle/d3x3/dsyevc3.c.o
[ 31%] Building C object CMakeFiles/motioncorr_core.dir/src/jaz/single_particle/d3x3/dsyevh3.c.o
[ 32%] Building C object CMakeFiles/motioncorr_core.dir/src/jaz/single_particle/d3x3/dsyevq3.c.o
[ 33%] Building C object CMakeFiles/motioncorr_core.dir/src/jaz/single_particle/d3x3/dsytrd3.c.o
[ 34%] Building CXX object CMakeFiles/motioncorr_core.dir/src/jaz/single_particle/image_log.cpp.o
[ 35%] Building CXX object CMakeFiles/motioncorr_core.dir/src/jaz/single_particle/img_proc/filter_helper.cpp.o
[ 37%] Building CXX object CMakeFiles/motioncorr_core.dir/src/jaz/single_particle/img_proc/image_op.cpp.o
[ 38%] Building CXX object CMakeFiles/motioncorr_core.dir/src/jaz/single_particle/interpolation.cpp.o
[ 39%] Building CXX object CMakeFiles/motioncorr_core.dir/src/jaz/single_particle/io/star_converter.cpp.o
[ 40%] Building CXX object CMakeFiles/motioncorr_core.dir/src/jaz/single_particle/jaz_config.cpp.o
[ 41%] Building CXX object CMakeFiles/motioncorr_core.dir/src/jaz/single_particle/new_ft.cpp.o
[ 42%] Building CXX object CMakeFiles/motioncorr_core.dir/src/jaz/single_particle/obs_model.cpp.o
[ 43%] Building CXX object CMakeFiles/motioncorr_core.dir/src/jaz/single_particle/parallel_ft.cpp.o
[ 44%] Building CXX object CMakeFiles/motioncorr_core.dir/src/jaz/single_particle/resampling_helper.cpp.o
[ 46%] Building CXX object CMakeFiles/motioncorr_core.dir/src/jaz/single_particle/slice_helper.cpp.o
[ 47%] Building CXX object CMakeFiles/motioncorr_core.dir/src/jaz/single_particle/stack_helper.cpp.o
[ 48%] Building CXX object CMakeFiles/motioncorr_core.dir/src/jaz/single_particle/t_complex.cpp.o
[ 49%] Building CXX object CMakeFiles/motioncorr_core.dir/src/jaz/single_particle/vtk_helper.cpp.o
[ 50%] Building CXX object CMakeFiles/motioncorr_core.dir/src/jaz/tomography/motion/Fourier_2D_deformation.cpp.o
[ 51%] Building CXX object CMakeFiles/motioncorr_core.dir/src/jaz/tomography/motion/linear_2D_deformation.cpp.o
[ 52%] Building CXX object CMakeFiles/motioncorr_core.dir/src/jaz/tomography/motion/modular_alignment/Fourier_2D_deformation_model.cpp.o
[ 53%] Building CXX object CMakeFiles/motioncorr_core.dir/src/jaz/tomography/motion/modular_alignment/linear_2D_deformation_model.cpp.o
[ 55%] Building CXX object CMakeFiles/motioncorr_core.dir/src/jaz/tomography/motion/modular_alignment/spline_2D_deformation_model.cpp.o
[ 56%] Building CXX object CMakeFiles/motioncorr_core.dir/src/jaz/tomography/motion/spline_2D_deformation.cpp.o
[ 57%] Building CXX object CMakeFiles/motioncorr_core.dir/src/jaz/tomography/motion/trajectory.cpp.o
[ 58%] Building CXX object CMakeFiles/motioncorr_core.dir/src/jaz/tomography/motion/trajectory_set.cpp.o
[ 59%] Building CXX object CMakeFiles/motioncorr_core.dir/src/jaz/tomography/particle_set.cpp.o
[ 60%] Building CXX object CMakeFiles/motioncorr_core.dir/src/jaz/tomography/projection_IO.cpp.o
[ 61%] Building CXX object CMakeFiles/motioncorr_core.dir/src/jaz/tomography/tomo_ctf_helper.cpp.o
[ 62%] Building CXX object CMakeFiles/motioncorr_core.dir/src/jaz/tomography/tomogram.cpp.o
[ 64%] Building CXX object CMakeFiles/motioncorr_core.dir/src/jaz/tomography/tomogram_set.cpp.o
[ 65%] Building CXX object CMakeFiles/motioncorr_core.dir/src/jaz/util/ansi_codes.cpp.o
[ 66%] Building CXX object CMakeFiles/motioncorr_core.dir/src/jaz/util/image_file_helper.cpp.o
[ 67%] Building CXX object CMakeFiles/motioncorr_core.dir/src/jaz/util/log.cpp.o
[ 68%] Building CXX object CMakeFiles/motioncorr_core.dir/src/jaz/util/zio.cpp.o
[ 69%] Building CXX object CMakeFiles/motioncorr_core.dir/src/mask.cpp.o
[ 70%] Building CXX object CMakeFiles/motioncorr_core.dir/src/matrix1d.cpp.o
[ 71%] Building CXX object CMakeFiles/motioncorr_core.dir/src/matrix2d.cpp.o
[ 73%] Building CXX object CMakeFiles/motioncorr_core.dir/src/memory.cpp.o
[ 74%] Building CXX object CMakeFiles/motioncorr_core.dir/src/metadata_container.cpp.o
[ 75%] Building CXX object CMakeFiles/motioncorr_core.dir/src/metadata_label.cpp.o
[ 76%] Building CXX object CMakeFiles/motioncorr_core.dir/src/metadata_table.cpp.o
[ 77%] Building CXX object CMakeFiles/motioncorr_core.dir/src/micrograph_model.cpp.o
[ 78%] Building CXX object CMakeFiles/motioncorr_core.dir/src/motioncorr_runner.cpp.o
[ 79%] Building CXX object CMakeFiles/motioncorr_core.dir/src/multidim_array.cpp.o
[ 80%] Building CXX object CMakeFiles/motioncorr_core.dir/src/numerical_recipes.cpp.o
[ 82%] Building CXX object CMakeFiles/motioncorr_core.dir/src/parallel.cpp.o
[ 83%] Building CXX object CMakeFiles/motioncorr_core.dir/src/pipeline_control.cpp.o
In file included from /home/alex/MotionCorr-issue26-envelope/src/src/numerical_recipes.h:48,
                 from /home/alex/MotionCorr-issue26-envelope/src/src/numerical_recipes.cpp:49:
In function ‘void free_Tvector(T*&, int, int) [with T = double]’,
    inlined from ‘double brent(double, double, double, double (*)(double*, void*), void*, double, double*, int, double*, double*)’ at /home/alex/MotionCorr-issue26-envelope/src/src/numerical_recipes.cpp:594:25:
/home/alex/MotionCorr-issue26-envelope/src/src/memory.h:74:13: warning: ‘void free(void*)’ called on pointer ‘xt’ with nonzero offset 8 [-Wfree-nonheap-object]
   74 |         free((char*)(v + nl));
      |         ~~~~^~~~~~~~~~~~~~~~~
/home/alex/MotionCorr-issue26-envelope/src/src/numerical_recipes.cpp: In function ‘double brent(double, double, double, double (*)(double*, void*), void*, double, double*, int, double*, double*)’:
/home/alex/MotionCorr-issue26-envelope/src/src/numerical_recipes.cpp:579:13: note: declared here
  579 |     RFLOAT *xt=NULL;
      |             ^~
In function ‘void free_Tvector(T*&, int, int) [with T = double]’,
    inlined from ‘void powell(double*, double*, int, double, int&, double&, double (*)(double*, void*), void*, bool)’ at /home/alex/MotionCorr-issue26-envelope/src/src/numerical_recipes.cpp:767:25:
/home/alex/MotionCorr-issue26-envelope/src/src/memory.h:74:13: warning: ‘void free(void*)’ called on pointer ‘xit’ with nonzero offset 8 [-Wfree-nonheap-object]
   74 |         free((char*)(v + nl));
      |         ~~~~^~~~~~~~~~~~~~~~~
/home/alex/MotionCorr-issue26-envelope/src/src/numerical_recipes.cpp: In function ‘void powell(double*, double*, int, double, int&, double&, double (*)(double*, void*), void*, bool)’:
/home/alex/MotionCorr-issue26-envelope/src/src/numerical_recipes.cpp:703:24: note: declared here
  703 |     RFLOAT *pt, *ptt, *xit;
      |                        ^~~
In function ‘void free_Tvector(T*&, int, int) [with T = double]’,
    inlined from ‘void powell(double*, double*, int, double, int&, double&, double (*)(double*, void*), void*, bool)’ at /home/alex/MotionCorr-issue26-envelope/src/src/numerical_recipes.cpp:768:25:
/home/alex/MotionCorr-issue26-envelope/src/src/memory.h:74:13: warning: ‘void free(void*)’ called on pointer ‘ptt’ with nonzero offset 8 [-Wfree-nonheap-object]
   74 |         free((char*)(v + nl));
      |         ~~~~^~~~~~~~~~~~~~~~~
/home/alex/MotionCorr-issue26-envelope/src/src/numerical_recipes.cpp: In function ‘void powell(double*, double*, int, double, int&, double&, double (*)(double*, void*), void*, bool)’:
/home/alex/MotionCorr-issue26-envelope/src/src/numerical_recipes.cpp:703:18: note: declared here
  703 |     RFLOAT *pt, *ptt, *xit;
      |                  ^~~
In function ‘void free_Tvector(T*&, int, int) [with T = double]’,
    inlined from ‘void powell(double*, double*, int, double, int&, double&, double (*)(double*, void*), void*, bool)’ at /home/alex/MotionCorr-issue26-envelope/src/src/numerical_recipes.cpp:769:25:
/home/alex/MotionCorr-issue26-envelope/src/src/memory.h:74:13: warning: ‘void free(void*)’ called on pointer ‘pt’ with nonzero offset 8 [-Wfree-nonheap-object]
   74 |         free((char*)(v + nl));
      |         ~~~~^~~~~~~~~~~~~~~~~
/home/alex/MotionCorr-issue26-envelope/src/src/numerical_recipes.cpp: In function ‘void powell(double*, double*, int, double, int&, double&, double (*)(double*, void*), void*, bool)’:
/home/alex/MotionCorr-issue26-envelope/src/src/numerical_recipes.cpp:703:13: note: declared here
  703 |     RFLOAT *pt, *ptt, *xit;
      |             ^~
[ 84%] Building CXX object CMakeFiles/motioncorr_core.dir/src/projector.cpp.o
[ 85%] Building CXX object CMakeFiles/motioncorr_core.dir/src/renderEER.cpp.o
[ 86%] Building CXX object CMakeFiles/motioncorr_core.dir/src/strings.cpp.o
[ 87%] Building CXX object CMakeFiles/motioncorr_core.dir/src/symmetries.cpp.o
[ 88%] Building CXX object CMakeFiles/motioncorr_core.dir/src/tabfuncs.cpp.o
[ 89%] Building CXX object CMakeFiles/motioncorr_core.dir/src/time.cpp.o
[ 91%] Building CXX object CMakeFiles/motioncorr_core.dir/src/transformations.cpp.o
/home/alex/MotionCorr-issue26-envelope/src/src/time.cpp: In function ‘void progress_bar(long int)’:
/home/alex/MotionCorr-issue26-envelope/src/src/time.cpp:191:20: warning: format not a string literal and no format arguments [-Wformat-security]
  191 |             fprintf(stdout, cheese);
      |             ~~~~~~~^~~~~~~~~~~~~~~~
[ 92%] Building CXX object CMakeFiles/motioncorr_core.dir/macros.cpp.o
[ 93%] Building CUDA object CMakeFiles/motioncorr_core.dir/src/acc/cuda/cuda_alignpatch.cu.o
[ 94%] Building CUDA object CMakeFiles/motioncorr_core.dir/src/acc/cuda/cuda_realspace_dw.cu.o
[ 95%] Building CUDA object CMakeFiles/motioncorr_core.dir/src/acc/cuda/cuda_fft_prep.cu.o
[ 96%] Building CUDA object CMakeFiles/motioncorr_core.dir/src/acc/cuda/cuda_movie_session.cu.o
/home/alex/MotionCorr-issue26-envelope/src/src/acc/cuda/cuda_fft_prep.cu(52): warning #550-D: variable "s_cached_bytes" was set but never used
  static size_t s_cached_bytes = 0;
                ^

Remark: The warnings can be suppressed with "-diag-suppress <warning-number>"

[ 97%] Linking CXX static library libmotioncorr_core.a
[ 97%] Built target motioncorr_core
[ 98%] Building CXX object CMakeFiles/motioncorr.dir/src/apps/run_motioncorr.cpp.o
[100%] Linking CXX executable motioncorr
[100%] Built target motioncorr
### DONE build-cuda 23:52:29
### CONFIGURE build-cuda-timing 23:52:29
-- The C compiler identification is GNU 13.3.0
-- The CXX compiler identification is GNU 13.3.0
-- Detecting C compiler ABI info
-- Detecting C compiler ABI info - done
-- Check for working C compiler: /usr/bin/cc - skipped
-- Detecting C compile features
-- Detecting C compile features - done
-- Detecting CXX compiler ABI info
-- Detecting CXX compiler ABI info - done
-- Check for working CXX compiler: /usr/bin/c++ - skipped
-- Detecting CXX compile features
-- Detecting CXX compile features - done
-- Found PkgConfig: /usr/bin/pkg-config (found version "1.8.1") 
-- Checking for module 'fftw3'
--   Found fftw3, version 3.3.10
-- Checking for module 'fftw3f'
--   Found fftw3f, version 3.3.10
-- Found OpenMP_CXX: -fopenmp (found version "4.5") 
-- Found OpenMP: TRUE (found version "4.5") found components: CXX 
-- Found TIFF: /usr/lib/x86_64-linux-gnu/libtiff.so (found version "4.5.1")  
-- Found ZLIB: /usr/lib/x86_64-linux-gnu/libz.so (found version "1.3")  
-- Found PNG: /usr/lib/x86_64-linux-gnu/libpng.so (found version "1.6.43") 
-- Found JPEG: /usr/lib/x86_64-linux-gnu/libjpeg.so (found version "80") 
-- The CUDA compiler identification is NVIDIA 12.8.61
-- Detecting CUDA compiler ABI info
-- Detecting CUDA compiler ABI info - done
-- Check for working CUDA compiler: /usr/local/cuda-12.8/bin/nvcc - skipped
-- Detecting CUDA compile features
-- Detecting CUDA compile features - done
-- Found CUDAToolkit: /usr/local/cuda-12.8/targets/x86_64-linux/include (found version "12.8.61") 
-- Performing Test CMAKE_HAVE_LIBC_PTHREAD
-- Performing Test CMAKE_HAVE_LIBC_PTHREAD - Success
-- Found Threads: TRUE  
-- Configuring done (5.9s)
-- Generating done (0.0s)
-- Build files have been written to: /home/alex/MotionCorr-issue26-envelope/build-cuda-timing
### BUILD build-cuda-timing 23:52:35
[  1%] Building CXX object CMakeFiles/motioncorr_core.dir/src/CPlot2D.cpp.o
[  3%] Building CXX object CMakeFiles/motioncorr_core.dir/src/args.cpp.o
[  3%] Building CXX object CMakeFiles/motioncorr_core.dir/src/backprojector.cpp.o
[  8%] Building CXX object CMakeFiles/motioncorr_core.dir/src/fftw.cpp.o
[  8%] Building CXX object CMakeFiles/motioncorr_core.dir/src/error.cpp.o
[  8%] Building CXX object CMakeFiles/motioncorr_core.dir/src/complex.cpp.o
[  8%] Building CXX object CMakeFiles/motioncorr_core.dir/src/ctf.cpp.o
[  8%] Building CXX object CMakeFiles/motioncorr_core.dir/src/euler.cpp.o
[ 10%] Building CXX object CMakeFiles/motioncorr_core.dir/src/filename.cpp.o
[ 11%] Building CXX object CMakeFiles/motioncorr_core.dir/src/funcs.cpp.o
[ 12%] Building CXX object CMakeFiles/motioncorr_core.dir/src/image.cpp.o
[ 13%] Building C object CMakeFiles/motioncorr_core.dir/src/jaz/d3x3/dsyev2.c.o
[ 14%] Building CXX object CMakeFiles/motioncorr_core.dir/src/jaz/image/radial_avg.cpp.o
[ 15%] Building CXX object CMakeFiles/motioncorr_core.dir/src/jaz/image/resampling.cpp.o
[ 16%] Building CXX object CMakeFiles/motioncorr_core.dir/src/jaz/image/stack_helper.cpp.o
[ 17%] Building CXX object CMakeFiles/motioncorr_core.dir/src/jaz/math/Zernike.cpp.o
[ 19%] Building CXX object CMakeFiles/motioncorr_core.dir/src/jaz/math/fft.cpp.o
[ 20%] Building CXX object CMakeFiles/motioncorr_core.dir/src/jaz/math/t_complex.cpp.o
[ 21%] Building CXX object CMakeFiles/motioncorr_core.dir/src/jaz/optics/damage.cpp.o
[ 22%] Building CXX object CMakeFiles/motioncorr_core.dir/src/jaz/optics/optics_data.cpp.o
[ 23%] Building CXX object CMakeFiles/motioncorr_core.dir/src/jaz/optimization/nelder_mead.cpp.o
[ 24%] Building CXX object CMakeFiles/motioncorr_core.dir/src/jaz/optimization/optimization.cpp.o
[ 25%] Building CXX object CMakeFiles/motioncorr_core.dir/src/jaz/single_particle/Fourier_helper.cpp.o
[ 26%] Building CXX object CMakeFiles/motioncorr_core.dir/src/jaz/single_particle/complex_io.cpp.o
[ 28%] Building CXX object CMakeFiles/motioncorr_core.dir/src/jaz/single_particle/ctf/tilt_helper.cpp.o
[ 29%] Building C object CMakeFiles/motioncorr_core.dir/src/jaz/single_particle/d3x3/dsyev2.c.o
[ 30%] Building C object CMakeFiles/motioncorr_core.dir/src/jaz/single_particle/d3x3/dsyevc3.c.o
[ 31%] Building C object CMakeFiles/motioncorr_core.dir/src/jaz/single_particle/d3x3/dsyevh3.c.o
[ 32%] Building C object CMakeFiles/motioncorr_core.dir/src/jaz/single_particle/d3x3/dsyevq3.c.o
[ 33%] Building C object CMakeFiles/motioncorr_core.dir/src/jaz/single_particle/d3x3/dsytrd3.c.o
[ 34%] Building CXX object CMakeFiles/motioncorr_core.dir/src/jaz/single_particle/image_log.cpp.o
[ 35%] Building CXX object CMakeFiles/motioncorr_core.dir/src/jaz/single_particle/img_proc/filter_helper.cpp.o
[ 37%] Building CXX object CMakeFiles/motioncorr_core.dir/src/jaz/single_particle/img_proc/image_op.cpp.o
[ 38%] Building CXX object CMakeFiles/motioncorr_core.dir/src/jaz/single_particle/interpolation.cpp.o
[ 39%] Building CXX object CMakeFiles/motioncorr_core.dir/src/jaz/single_particle/io/star_converter.cpp.o
[ 40%] Building CXX object CMakeFiles/motioncorr_core.dir/src/jaz/single_particle/jaz_config.cpp.o
[ 41%] Building CXX object CMakeFiles/motioncorr_core.dir/src/jaz/single_particle/new_ft.cpp.o
[ 42%] Building CXX object CMakeFiles/motioncorr_core.dir/src/jaz/single_particle/obs_model.cpp.o
[ 43%] Building CXX object CMakeFiles/motioncorr_core.dir/src/jaz/single_particle/parallel_ft.cpp.o
[ 44%] Building CXX object CMakeFiles/motioncorr_core.dir/src/jaz/single_particle/resampling_helper.cpp.o
[ 46%] Building CXX object CMakeFiles/motioncorr_core.dir/src/jaz/single_particle/slice_helper.cpp.o
[ 47%] Building CXX object CMakeFiles/motioncorr_core.dir/src/jaz/single_particle/t_complex.cpp.o
[ 48%] Building CXX object CMakeFiles/motioncorr_core.dir/src/jaz/single_particle/stack_helper.cpp.o
[ 49%] Building CXX object CMakeFiles/motioncorr_core.dir/src/jaz/single_particle/vtk_helper.cpp.o
[ 50%] Building CXX object CMakeFiles/motioncorr_core.dir/src/jaz/tomography/motion/Fourier_2D_deformation.cpp.o
[ 51%] Building CXX object CMakeFiles/motioncorr_core.dir/src/jaz/tomography/motion/linear_2D_deformation.cpp.o
[ 52%] Building CXX object CMakeFiles/motioncorr_core.dir/src/jaz/tomography/motion/modular_alignment/Fourier_2D_deformation_model.cpp.o
[ 53%] Building CXX object CMakeFiles/motioncorr_core.dir/src/jaz/tomography/motion/modular_alignment/linear_2D_deformation_model.cpp.o
[ 55%] Building CXX object CMakeFiles/motioncorr_core.dir/src/jaz/tomography/motion/modular_alignment/spline_2D_deformation_model.cpp.o
[ 56%] Building CXX object CMakeFiles/motioncorr_core.dir/src/jaz/tomography/motion/spline_2D_deformation.cpp.o
[ 57%] Building CXX object CMakeFiles/motioncorr_core.dir/src/jaz/tomography/motion/trajectory.cpp.o
[ 58%] Building CXX object CMakeFiles/motioncorr_core.dir/src/jaz/tomography/motion/trajectory_set.cpp.o
[ 59%] Building CXX object CMakeFiles/motioncorr_core.dir/src/jaz/tomography/particle_set.cpp.o
[ 60%] Building CXX object CMakeFiles/motioncorr_core.dir/src/jaz/tomography/projection_IO.cpp.o
[ 61%] Building CXX object CMakeFiles/motioncorr_core.dir/src/jaz/tomography/tomo_ctf_helper.cpp.o
[ 62%] Building CXX object CMakeFiles/motioncorr_core.dir/src/jaz/tomography/tomogram.cpp.o
[ 64%] Building CXX object CMakeFiles/motioncorr_core.dir/src/jaz/tomography/tomogram_set.cpp.o
[ 65%] Building CXX object CMakeFiles/motioncorr_core.dir/src/jaz/util/ansi_codes.cpp.o
[ 66%] Building CXX object CMakeFiles/motioncorr_core.dir/src/jaz/util/image_file_helper.cpp.o
[ 67%] Building CXX object CMakeFiles/motioncorr_core.dir/src/jaz/util/log.cpp.o
[ 68%] Building CXX object CMakeFiles/motioncorr_core.dir/src/jaz/util/zio.cpp.o
[ 69%] Building CXX object CMakeFiles/motioncorr_core.dir/src/mask.cpp.o
[ 70%] Building CXX object CMakeFiles/motioncorr_core.dir/src/matrix1d.cpp.o
[ 71%] Building CXX object CMakeFiles/motioncorr_core.dir/src/matrix2d.cpp.o
[ 73%] Building CXX object CMakeFiles/motioncorr_core.dir/src/memory.cpp.o
[ 74%] Building CXX object CMakeFiles/motioncorr_core.dir/src/metadata_container.cpp.o
[ 75%] Building CXX object CMakeFiles/motioncorr_core.dir/src/metadata_label.cpp.o
[ 76%] Building CXX object CMakeFiles/motioncorr_core.dir/src/metadata_table.cpp.o
[ 77%] Building CXX object CMakeFiles/motioncorr_core.dir/src/micrograph_model.cpp.o
[ 78%] Building CXX object CMakeFiles/motioncorr_core.dir/src/motioncorr_runner.cpp.o
[ 79%] Building CXX object CMakeFiles/motioncorr_core.dir/src/multidim_array.cpp.o
[ 80%] Building CXX object CMakeFiles/motioncorr_core.dir/src/numerical_recipes.cpp.o
[ 82%] Building CXX object CMakeFiles/motioncorr_core.dir/src/parallel.cpp.o
In file included from /home/alex/MotionCorr-issue26-envelope/src/src/numerical_recipes.h:48,
                 from /home/alex/MotionCorr-issue26-envelope/src/src/numerical_recipes.cpp:49:
In function ‘void free_Tvector(T*&, int, int) [with T = double]’,
    inlined from ‘double brent(double, double, double, double (*)(double*, void*), void*, double, double*, int, double*, double*)’ at /home/alex/MotionCorr-issue26-envelope/src/src/numerical_recipes.cpp:594:25:
/home/alex/MotionCorr-issue26-envelope/src/src/memory.h:74:13: warning: ‘void free(void*)’ called on pointer ‘xt’ with nonzero offset 8 [-Wfree-nonheap-object]
   74 |         free((char*)(v + nl));
      |         ~~~~^~~~~~~~~~~~~~~~~
/home/alex/MotionCorr-issue26-envelope/src/src/numerical_recipes.cpp: In function ‘double brent(double, double, double, double (*)(double*, void*), void*, double, double*, int, double*, double*)’:
/home/alex/MotionCorr-issue26-envelope/src/src/numerical_recipes.cpp:579:13: note: declared here
  579 |     RFLOAT *xt=NULL;
      |             ^~
In function ‘void free_Tvector(T*&, int, int) [with T = double]’,
    inlined from ‘void powell(double*, double*, int, double, int&, double&, double (*)(double*, void*), void*, bool)’ at /home/alex/MotionCorr-issue26-envelope/src/src/numerical_recipes.cpp:767:25:
/home/alex/MotionCorr-issue26-envelope/src/src/memory.h:74:13: warning: ‘void free(void*)’ called on pointer ‘xit’ with nonzero offset 8 [-Wfree-nonheap-object]
   74 |         free((char*)(v + nl));
      |         ~~~~^~~~~~~~~~~~~~~~~
/home/alex/MotionCorr-issue26-envelope/src/src/numerical_recipes.cpp: In function ‘void powell(double*, double*, int, double, int&, double&, double (*)(double*, void*), void*, bool)’:
/home/alex/MotionCorr-issue26-envelope/src/src/numerical_recipes.cpp:703:24: note: declared here
  703 |     RFLOAT *pt, *ptt, *xit;
      |                        ^~~
In function ‘void free_Tvector(T*&, int, int) [with T = double]’,
    inlined from ‘void powell(double*, double*, int, double, int&, double&, double (*)(double*, void*), void*, bool)’ at /home/alex/MotionCorr-issue26-envelope/src/src/numerical_recipes.cpp:768:25:
/home/alex/MotionCorr-issue26-envelope/src/src/memory.h:74:13: warning: ‘void free(void*)’ called on pointer ‘ptt’ with nonzero offset 8 [-Wfree-nonheap-object]
   74 |         free((char*)(v + nl));
      |         ~~~~^~~~~~~~~~~~~~~~~
/home/alex/MotionCorr-issue26-envelope/src/src/numerical_recipes.cpp: In function ‘void powell(double*, double*, int, double, int&, double&, double (*)(double*, void*), void*, bool)’:
/home/alex/MotionCorr-issue26-envelope/src/src/numerical_recipes.cpp:703:18: note: declared here
  703 |     RFLOAT *pt, *ptt, *xit;
      |                  ^~~
In function ‘void free_Tvector(T*&, int, int) [with T = double]’,
    inlined from ‘void powell(double*, double*, int, double, int&, double&, double (*)(double*, void*), void*, bool)’ at /home/alex/MotionCorr-issue26-envelope/src/src/numerical_recipes.cpp:769:25:
/home/alex/MotionCorr-issue26-envelope/src/src/memory.h:74:13: warning: ‘void free(void*)’ called on pointer ‘pt’ with nonzero offset 8 [-Wfree-nonheap-object]
   74 |         free((char*)(v + nl));
      |         ~~~~^~~~~~~~~~~~~~~~~
/home/alex/MotionCorr-issue26-envelope/src/src/numerical_recipes.cpp: In function ‘void powell(double*, double*, int, double, int&, double&, double (*)(double*, void*), void*, bool)’:
/home/alex/MotionCorr-issue26-envelope/src/src/numerical_recipes.cpp:703:13: note: declared here
  703 |     RFLOAT *pt, *ptt, *xit;
      |             ^~
[ 83%] Building CXX object CMakeFiles/motioncorr_core.dir/src/pipeline_control.cpp.o
[ 84%] Building CXX object CMakeFiles/motioncorr_core.dir/src/projector.cpp.o
[ 85%] Building CXX object CMakeFiles/motioncorr_core.dir/src/renderEER.cpp.o
[ 86%] Building CXX object CMakeFiles/motioncorr_core.dir/src/strings.cpp.o
[ 87%] Building CXX object CMakeFiles/motioncorr_core.dir/src/symmetries.cpp.o
[ 88%] Building CXX object CMakeFiles/motioncorr_core.dir/src/tabfuncs.cpp.o
[ 89%] Building CXX object CMakeFiles/motioncorr_core.dir/src/time.cpp.o
[ 91%] Building CXX object CMakeFiles/motioncorr_core.dir/src/transformations.cpp.o
/home/alex/MotionCorr-issue26-envelope/src/src/time.cpp: In function ‘void progress_bar(long int)’:
/home/alex/MotionCorr-issue26-envelope/src/src/time.cpp:191:20: warning: format not a string literal and no format arguments [-Wformat-security]
  191 |             fprintf(stdout, cheese);
      |             ~~~~~~~^~~~~~~~~~~~~~~~
[ 92%] Building CXX object CMakeFiles/motioncorr_core.dir/macros.cpp.o
[ 93%] Building CUDA object CMakeFiles/motioncorr_core.dir/src/acc/cuda/cuda_alignpatch.cu.o
[ 94%] Building CUDA object CMakeFiles/motioncorr_core.dir/src/acc/cuda/cuda_realspace_dw.cu.o
[ 95%] Building CUDA object CMakeFiles/motioncorr_core.dir/src/acc/cuda/cuda_fft_prep.cu.o
[ 96%] Building CUDA object CMakeFiles/motioncorr_core.dir/src/acc/cuda/cuda_movie_session.cu.o
/home/alex/MotionCorr-issue26-envelope/src/src/acc/cuda/cuda_fft_prep.cu(52): warning #550-D: variable "s_cached_bytes" was set but never used
  static size_t s_cached_bytes = 0;
                ^

Remark: The warnings can be suppressed with "-diag-suppress <warning-number>"

[ 97%] Linking CXX static library libmotioncorr_core.a
[ 97%] Built target motioncorr_core
[ 98%] Building CXX object CMakeFiles/motioncorr.dir/src/apps/run_motioncorr.cpp.o
[100%] Linking CXX executable motioncorr
[100%] Built target motioncorr
### DONE build-cuda-timing 23:53:06
=== BUILD END rc=0 2026-09-27T23:53:06Z ===
