{"images": 1, "stars": 2, "pixels": 14238980, "full_normalized_headers": "exact", "image_pixels": "exact", "STAR": "exact"}
{"images": 1, "stars": 2, "pixels": 14238980, "full_normalized_headers": "exact", "image_pixels": "exact", "STAR": "exact"}
{"images": 1, "stars": 2, "pixels": 14238980, "full_normalized_headers": "exact", "image_pixels": "exact", "STAR": "exact"}
{"images": 1, "stars": 2, "pixels": 14238980, "full_normalized_headers": "exact", "image_pixels": "exact", "STAR": "exact"}
{
  "status": "PASS",
  "production_ordinals": {
    "initialize": 2,
    "patch": 5
  },
  "runs": [
    {
      "name": "healthy",
      "command": [
        "/home/alex/mc-pr115-enumeration-20260929/build/motioncorr_faultinject",
        "--i",
        "/home/alex/MotionCorr-standalone/relion30_tutorial/Movies/20170629_00021_frameImage.tiff",
        "--use_own",
        "--gpu",
        "0",
        "--j",
        "4",
        "--max_io_threads",
        "2",
        "--patch_x",
        "3",
        "--patch_y",
        "3",
        "--bfactor",
        "150",
        "--seed",
        "1",
        "--max_iter",
        "1",
        "--dose_weighting",
        "--dose_per_frame",
        "1",
        "--voltage",
        "300",
        "--angpix",
        "0.885",
        "--o",
        "/home/alex/mc-pr115-enumeration-20260929/production-graded/healthy/"
      ],
      "ordinal": 0,
      "code": "zero-devices",
      "exit": 0,
      "images": 1,
      "joint_stars": 1
    },
    {
      "name": "discover-1",
      "command": [
        "/home/alex/mc-pr115-enumeration-20260929/build/motioncorr_faultinject",
        "--i",
        "/home/alex/MotionCorr-standalone/relion30_tutorial/Movies/20170629_00021_frameImage.tiff",
        "--use_own",
        "--gpu",
        "0",
        "--j",
        "4",
        "--max_io_threads",
        "2",
        "--patch_x",
        "3",
        "--patch_y",
        "3",
        "--bfactor",
        "150",
        "--seed",
        "1",
        "--max_iter",
        "1",
        "--dose_weighting",
        "--dose_per_frame",
        "1",
        "--voltage",
        "300",
        "--angpix",
        "0.885",
        "--o",
        "/home/alex/mc-pr115-enumeration-20260929/production-graded/discover-1/"
      ],
      "ordinal": 1,
      "code": "poison",
      "exit": 1,
      "images": 0,
      "joint_stars": 0
    },
    {
      "name": "discover-2",
      "command": [
        "/home/alex/mc-pr115-enumeration-20260929/build/motioncorr_faultinject",
        "--i",
        "/home/alex/MotionCorr-standalone/relion30_tutorial/Movies/20170629_00021_frameImage.tiff",
        "--use_own",
        "--gpu",
        "0",
        "--j",
        "4",
        "--max_io_threads",
        "2",
        "--patch_x",
        "3",
        "--patch_y",
        "3",
        "--bfactor",
        "150",
        "--seed",
        "1",
        "--max_iter",
        "1",
        "--dose_weighting",
        "--dose_per_frame",
        "1",
        "--voltage",
        "300",
        "--angpix",
        "0.885",
        "--o",
        "/home/alex/mc-pr115-enumeration-20260929/production-graded/discover-2/"
      ],
      "ordinal": 2,
      "code": "poison",
      "exit": 1,
      "images": 0,
      "joint_stars": 0
    },
    {
      "name": "discover-3",
      "command": [
        "/home/alex/mc-pr115-enumeration-20260929/build/motioncorr_faultinject",
        "--i",
        "/home/alex/MotionCorr-standalone/relion30_tutorial/Movies/20170629_00021_frameImage.tiff",
        "--use_own",
        "--gpu",
        "0",
        "--j",
        "4",
        "--max_io_threads",
        "2",
        "--patch_x",
        "3",
        "--patch_y",
        "3",
        "--bfactor",
        "150",
        "--seed",
        "1",
        "--max_iter",
        "1",
        "--dose_weighting",
        "--dose_per_frame",
        "1",
        "--voltage",
        "300",
        "--angpix",
        "0.885",
        "--o",
        "/home/alex/mc-pr115-enumeration-20260929/production-graded/discover-3/"
      ],
      "ordinal": 3,
      "code": "poison",
      "exit": 1,
      "images": 0,
      "joint_stars": 0
    },
    {
      "name": "discover-4",
      "command": [
        "/home/alex/mc-pr115-enumeration-20260929/build/motioncorr_faultinject",
        "--i",
        "/home/alex/MotionCorr-standalone/relion30_tutorial/Movies/20170629_00021_frameImage.tiff",
        "--use_own",
        "--gpu",
        "0",
        "--j",
        "4",
        "--max_io_threads",
        "2",
        "--patch_x",
        "3",
        "--patch_y",
        "3",
        "--bfactor",
        "150",
        "--seed",
        "1",
        "--max_iter",
        "1",
        "--dose_weighting",
        "--dose_per_frame",
        "1",
        "--voltage",
        "300",
        "--angpix",
        "0.885",
        "--o",
        "/home/alex/mc-pr115-enumeration-20260929/production-graded/discover-4/"
      ],
      "ordinal": 4,
      "code": "poison",
      "exit": 1,
      "images": 0,
      "joint_stars": 0
    },
    {
      "name": "discover-5",
      "command": [
        "/home/alex/mc-pr115-enumeration-20260929/build/motioncorr_faultinject",
        "--i",
        "/home/alex/MotionCorr-standalone/relion30_tutorial/Movies/20170629_00021_frameImage.tiff",
        "--use_own",
        "--gpu",
        "0",
        "--j",
        "4",
        "--max_io_threads",
        "2",
        "--patch_x",
        "3",
        "--patch_y",
        "3",
        "--bfactor",
        "150",
        "--seed",
        "1",
        "--max_iter",
        "1",
        "--dose_weighting",
        "--dose_per_frame",
        "1",
        "--voltage",
        "300",
        "--angpix",
        "0.885",
        "--o",
        "/home/alex/mc-pr115-enumeration-20260929/production-graded/discover-5/"
      ],
      "ordinal": 5,
      "code": "poison",
      "exit": 1,
      "images": 0,
      "joint_stars": 0
    },
    {
      "name": "initialize-recoverable",
      "command": [
        "/home/alex/mc-pr115-enumeration-20260929/build/motioncorr_faultinject",
        "--i",
        "/home/alex/MotionCorr-standalone/relion30_tutorial/Movies/20170629_00021_frameImage.tiff",
        "--use_own",
        "--gpu",
        "0",
        "--j",
        "4",
        "--max_io_threads",
        "2",
        "--patch_x",
        "3",
        "--patch_y",
        "3",
        "--bfactor",
        "150",
        "--seed",
        "1",
        "--max_iter",
        "1",
        "--dose_weighting",
        "--dose_per_frame",
        "1",
        "--voltage",
        "300",
        "--angpix",
        "0.885",
        "--o",
        "/home/alex/mc-pr115-enumeration-20260929/production-graded/initialize-recoverable/"
      ],
      "ordinal": 2,
      "code": "recoverable",
      "exit": 0,
      "images": 1,
      "joint_stars": 1,
      "parity": {
        "images": 1,
        "stars": 2,
        "pixels": 14238980,
        "full_normalized_headers": "exact",
        "image_pixels": "exact",
        "STAR": "exact"
      }
    },
    {
      "name": "initialize-zero-devices",
      "command": [
        "/home/alex/mc-pr115-enumeration-20260929/build/motioncorr_faultinject",
        "--i",
        "/home/alex/MotionCorr-standalone/relion30_tutorial/Movies/20170629_00021_frameImage.tiff",
        "--use_own",
        "--gpu",
        "0",
        "--j",
        "4",
        "--max_io_threads",
        "2",
        "--patch_x",
        "3",
        "--patch_y",
        "3",
        "--bfactor",
        "150",
        "--seed",
        "1",
        "--max_iter",
        "1",
        "--dose_weighting",
        "--dose_per_frame",
        "1",
        "--voltage",
        "300",
        "--angpix",
        "0.885",
        "--o",
        "/home/alex/mc-pr115-enumeration-20260929/production-graded/initialize-zero-devices/"
      ],
      "ordinal": 2,
      "code": "zero-devices",
      "exit": 0,
      "images": 1,
      "joint_stars": 1,
      "parity": {
        "images": 1,
        "stars": 2,
        "pixels": 14238980,
        "full_normalized_headers": "exact",
        "image_pixels": "exact",
        "STAR": "exact"
      }
    },
    {
      "name": "initialize-mutant",
      "command": [
        "/home/alex/mc-pr115-enumeration-20260929/binaries/initialize-mutant",
        "--i",
        "/home/alex/MotionCorr-standalone/relion30_tutorial/Movies/20170629_00021_frameImage.tiff",
        "--use_own",
        "--gpu",
        "0",
        "--j",
        "4",
        "--max_io_threads",
        "2",
        "--patch_x",
        "3",
        "--patch_y",
        "3",
        "--bfactor",
        "150",
        "--seed",
        "1",
        "--max_iter",
        "1",
        "--dose_weighting",
        "--dose_per_frame",
        "1",
        "--voltage",
        "300",
        "--angpix",
        "0.885",
        "--o",
        "/home/alex/mc-pr115-enumeration-20260929/production-graded/initialize-mutant/"
      ],
      "ordinal": 2,
      "code": "poison",
      "exit": 0,
      "images": 1,
      "joint_stars": 1
    },
    {
      "name": "patch-recoverable",
      "command": [
        "/home/alex/mc-pr115-enumeration-20260929/build/motioncorr_faultinject",
        "--i",
        "/home/alex/MotionCorr-standalone/relion30_tutorial/Movies/20170629_00021_frameImage.tiff",
        "--use_own",
        "--gpu",
        "0",
        "--j",
        "4",
        "--max_io_threads",
        "2",
        "--patch_x",
        "3",
        "--patch_y",
        "3",
        "--bfactor",
        "150",
        "--seed",
        "1",
        "--max_iter",
        "1",
        "--dose_weighting",
        "--dose_per_frame",
        "1",
        "--voltage",
        "300",
        "--angpix",
        "0.885",
        "--o",
        "/home/alex/mc-pr115-enumeration-20260929/production-graded/patch-recoverable/"
      ],
      "ordinal": 5,
      "code": "recoverable",
      "exit": 0,
      "images": 1,
      "joint_stars": 1,
      "parity": {
        "images": 1,
        "stars": 2,
        "pixels": 14238980,
        "full_normalized_headers": "exact",
        "image_pixels": "exact",
        "STAR": "exact"
      }
    },
    {
      "name": "patch-zero-devices",
      "command": [
        "/home/alex/mc-pr115-enumeration-20260929/build/motioncorr_faultinject",
        "--i",
        "/home/alex/MotionCorr-standalone/relion30_tutorial/Movies/20170629_00021_frameImage.tiff",
        "--use_own",
        "--gpu",
        "0",
        "--j",
        "4",
        "--max_io_threads",
        "2",
        "--patch_x",
        "3",
        "--patch_y",
        "3",
        "--bfactor",
        "150",
        "--seed",
        "1",
        "--max_iter",
        "1",
        "--dose_weighting",
        "--dose_per_frame",
        "1",
        "--voltage",
        "300",
        "--angpix",
        "0.885",
        "--o",
        "/home/alex/mc-pr115-enumeration-20260929/production-graded/patch-zero-devices/"
      ],
      "ordinal": 5,
      "code": "zero-devices",
      "exit": 0,
      "images": 1,
      "joint_stars": 1,
      "parity": {
        "images": 1,
        "stars": 2,
        "pixels": 14238980,
        "full_normalized_headers": "exact",
        "image_pixels": "exact",
        "STAR": "exact"
      }
    },
    {
      "name": "patch-mutant",
      "command": [
        "/home/alex/mc-pr115-enumeration-20260929/binaries/patch-mutant",
        "--i",
        "/home/alex/MotionCorr-standalone/relion30_tutorial/Movies/20170629_00021_frameImage.tiff",
        "--use_own",
        "--gpu",
        "0",
        "--j",
        "4",
        "--max_io_threads",
        "2",
        "--patch_x",
        "3",
        "--patch_y",
        "3",
        "--bfactor",
        "150",
        "--seed",
        "1",
        "--max_iter",
        "1",
        "--dose_weighting",
        "--dose_per_frame",
        "1",
        "--voltage",
        "300",
        "--angpix",
        "0.885",
        "--o",
        "/home/alex/mc-pr115-enumeration-20260929/production-graded/patch-mutant/"
      ],
      "ordinal": 5,
      "code": "poison",
      "exit": 0,
      "images": 1,
      "joint_stars": 1
    }
  ],
  "mutation_controls": "PASS",
  "scope": "Returned error-code injection with clean last-error slot; no real context poisoning"
}
