=== external finite-hard-limit control, corrected ===
2026-09-28T06:53:21+00:00
small-refmac-machine
 06:53:21 up 299 days, 20:51, 25 users,  load average: 8.35, 10.29, 6.68
-- why the first attempt was void: bash's 'ulimit -H -f N' leaves the soft
-- limit at infinity, so soft > hard and setrlimit returns EINVAL:
bash: line 1: ulimit: file size: cannot modify limit: Invalid argument
  rc=1
  resulting pair: (-1, -1)
-- 'ulimit -f N' sets BOTH, which is what the control needs:
  rc=0
  resulting pair: (8388608, 8388608)
-- payload cpuset/NUMA witness for the runs below:
Cpus_allowed_list:	32-63
Mems_allowed_list:	0-1
policy: default
preferred node: current
physcpubind: 32 33 34 35 36 37 38 39 40 41 42 43 44 45 46 47 48 49 50 51 52 53 54 55 56 57 58 59 60 61 62 63 
cpubind: 1 
### lock acquired
2026-09-28T06:56:05+00:00

===== candidate : ctest -V -R 'ImageWriteFaults|WriteFaults' under hard=soft=8388608 =====
exit=0
inherited by ctest: (8388608, 8388608)
14:   phase 1: a.mrc 1049600 B, sha256 a43c7f2384ccf29a
14:   phase 2: exit 1, b.mrc truncated to 600000 B, no b.star, a.mrc unchanged
14:   phase 3: exit 0, b.mrc 1049600 B, joint STAR lists both, a.mrc still sha256 a43c7f2384ccf29a
14:   phase 4: finite hard limit 8388608 B -> exit 1, MotionCorr reported the short write on c.mrc, c.mrc truncated to 600000 B, no c.star
1/2 Test #14: WriteFaults ......................   Passed    0.58 sec
15:   inherited RLIMIT_FSIZE: soft=8388608 hard=8388608
15:   inherited RLIMIT_FSIZE: soft=8388608 hard=8388608  (finite-hard-limit control child)
15:   finite-hard-limit control: suite passed with hard RLIMIT_FSIZE = 8388608 bytes
2/2 Test #15: ImageWriteFaults .................   Passed    0.02 sec
The following tests passed:
100% tests passed out of 2

===== predelta-tests : ctest -V -R 'ImageWriteFaults|WriteFaults' under hard=soft=8388608 =====
exit=8
inherited by ctest: (8388608, 8388608)
14:   phase 1: a.mrc 1049600 B, sha256 70b45a248ee1025c
14: Traceback (most recent call last):
14:     self._execute_child(args, executable, preexec_fn, close_fds,
14: subprocess.SubprocessError: Exception occurred in preexec_fn.
1/2 Test #14: WriteFaults ......................***Failed    0.19 sec
15:   what():  setrlimit(RLIMIT_FSIZE) failed
2/2 Test #15: ImageWriteFaults .................Subprocess aborted***Exception:   1.12 sec
0% tests passed, 2 tests failed out of 2

===== predelta-tests WITHOUT any finite hard limit (isolates the cause) =====
exit=0
100% tests passed out of 2
### load at end:
 06:56:08 up 299 days, 20:53, 23 users,  load average: 4.85, 7.86, 6.33
=== HL DONE rc=0 ===
2026-09-28T06:56:08+00:00
