in: in: in: ./src/rwTIFF_layout.h, line ./src/rwTIFF_layout.h, line 112
ERROR: 
/tmp/damaged_control.tiff: Corrupted TIFF directory structure: TIFFAdvanceDirectory: tif_dir.c:1904: /tmp/damaged_control.tiff: Error fetching directory count
==================
WARNING: ThreadSanitizer: data race (pid=47675)
  Read of size 4 at 0x0001edab9d08 by thread T2:
    #0 std::__1::_SentinelValueFill<std::__1::char_traits<char>>::__is_set[abi:nqe220106]() const ios:554 (tsan_baseline_control:arm64+0x10000d210)
    #1 std::__1::basic_ios<char, std::__1::char_traits<char>>::fill[abi:nqe220106]() const ios:701 (tsan_baseline_control:arm64+0x10000d210)
    #2 std::__1::basic_ostream<char, std::__1::char_traits<char>>& std::__1::__put_character_sequence[abi:nqe220106]<char, std::__1::char_traits<char>>(std::__1::basic_ostream<char, std::__1::char_traits<char>>&, char const*, unsigned long) put_character_sequence.h:43 (tsan_baseline_control:arm64+0x10000d210)
    #3 std::__1::basic_ostream<char, std::__1::char_traits<char>>& std::__1::operator<<[abi:nqe220106]<std::__1::char_traits<char>>(std::__1::basic_ostream<char, std::__1::char_traits<char>>&, char const*) basic_ostream.h:438 (tsan_baseline_control:arm64+0x100017f90)
    #4 RelionError::RelionError(std::__1::basic_string<char, std::__1::char_traits<char>, std::__1::allocator<char>> const&, std::__1::basic_string<char, std::__1::char_traits<char>, std::__1::allocator<char>> const&, long) error.cpp:66 (tsan_baseline_control:arm64+0x100017f90)
    #5 RelionError::RelionError(std::__1::basic_string<char, std::__1::char_traits<char>, std::__1::allocator<char>> const&, std::__1::basic_string<char, std::__1::char_traits<char>, std::__1::allocator<char>> const&, long) error.cpp:55 (tsan_baseline_control:arm64+0x100018174)
    #6 readTiffLayout(tiff*, TiffMovieLayout&, FileName const&, TiffErrorContext*) rwTIFF_layout.h:112 (tsan_baseline_control:arm64+0x10000b784)
    #7 Image<float>::readTIFF(tiff*, long, bool, bool, FileName const&, TiffErrorContext*) rwTIFF.h:234 (tsan_baseline_control:arm64+0x100006db0)
    #8 Image<float>::_read(FileName const&, fImageHandler&, bool, long, bool, bool) image.h:1673 (tsan_baseline_control:arm64+0x10000426c)
    #9 Image<float>::read(FileName const&, bool, long, bool, bool) image.h:737 (tsan_baseline_control:arm64+0x1000012e8)
    #10 main.omp_outlined_debug__ tsan_baseline_control.cpp:18 (tsan_baseline_control:arm64+0x1000011a0)
    #11 main.omp_outlined tsan_baseline_control.cpp:16 (tsan_baseline_control:arm64+0x1000011a0)
    #12 __kmp_invoke_microtask <null> (libomp.dylib:arm64+0x6b138)

  Previous write of size 4 at 0x0001edab9d08 by main thread:
    #0 std::__1::_SentinelValueFill<std::__1::char_traits<char>>::operator=[abi:nqe220106](int) ios:551 (tsan_baseline_control:arm64+0x10000d268)
    #1 std::__1::basic_ios<char, std::__1::char_traits<char>>::fill[abi:nqe220106]() const ios:702 (tsan_baseline_control:arm64+0x10000d268)
    #2 std::__1::basic_ostream<char, std::__1::char_traits<char>>& std::__1::__put_character_sequence[abi:nqe220106]<char, std::__1::char_traits<char>>(std::__1::basic_ostream<char, std::__1::char_traits<char>>&, char const*, unsigned long) put_character_sequence.h:43 (tsan_baseline_control:arm64+0x10000d268)
    #3 std::__1::basic_ostream<char, std::__1::char_traits<char>>& std::__1::operator<<[abi:nqe220106]<std::__1::char_traits<char>>(std::__1::basic_ostream<char, std::__1::char_traits<char>>&, char const*) basic_ostream.h:438 (tsan_baseline_control:arm64+0x100017f90)
    #4 RelionError::RelionError(std::__1::basic_string<char, std::__1::char_traits<char>, std::__1::allocator<char>> const&, std::__1::basic_string<char, std::__1::char_traits<char>, std::__1::allocator<char>> const&, long) error.cpp:66 (tsan_baseline_control:arm64+0x100017f90)
    #5 RelionError::RelionError(std::__1::basic_string<char, std::__1::char_traits<char>, std::__1::allocator<char>> const&, std::__1::basic_string<char, std::__1::char_traits<char>, std::__1::allocator<char>> const&, long) error.cpp:55 (tsan_baseline_control:arm64+0x100018174)
    #6 readTiffLayout(tiff*, TiffMovieLayout&, FileName const&, TiffErrorContext*) rwTIFF_layout.h:112 (tsan_baseline_control:arm64+0x10000b784)
    #7 Image<float>::readTIFF(tiff*, long, bool, bool, FileName const&, TiffErrorContext*) rwTIFF.h:234 (tsan_baseline_control:arm64+0x100006db0)
    #8 Image<float>::_read(FileName const&, fImageHandler&, bool, long, bool, bool) image.h:1673 (tsan_baseline_control:arm64+0x10000426c)
    #9 Image<float>::read(FileName const&, bool, long, bool, bool) image.h:737 (tsan_baseline_control:arm64+0x1000012e8)
    #10 main.omp_outlined_debug__ tsan_baseline_control.cpp:18 (tsan_baseline_control:arm64+0x1000011a0)
    #11 main.omp_outlined tsan_baseline_control.cpp:16 (tsan_baseline_control:arm64+0x1000011a0)
    #12 __kmp_invoke_microtask <null> (libomp.dylib:arm64+0x6b138)
    #13 start <null> (dyld:arm64e+0x204e0)

  Location is global 'std::__1::cerr' at 0x0001edab9c70 (libc++.1.dylib+0x6cb46d08)

  Thread T2 (tid=18140976, running) created by main thread at:
    #0 pthread_create <null> (libclang_rt.tsan_osx_dynamic.dylib:arm64e+0x33bac)
    #1 __kmp_create_worker <null> (libomp.dylib:arm64+0x50efc)
    #2 start <null> (dyld:arm64e+0x204e0)

SUMMARY: ThreadSanitizer: data race ios:554 in std::__1::_SentinelValueFill<std::__1::char_traits<char>>::__is_set[abi:nqe220106]() const
==================
112in: in: 
==================
WARNING: ThreadSanitizer: data race (pid=47675)
  Write of size 8 at 0x0001edab9c90 by main thread:
    #0 std::__1::ios_base::width[abi:nqe220106](long) ios:501 (tsan_baseline_control:arm64+0x10000d54c)
    #1 std::__1::ostreambuf_iterator<char, std::__1::char_traits<char>> std::__1::__pad_and_output[abi:nqe220106]<char, std::__1::char_traits<char>>(std::__1::ostreambuf_iterator<char, std::__1::char_traits<char>>, char const*, char const*, char const*, std::__1::ios_base&, char) pad_and_output.h:79 (tsan_baseline_control:arm64+0x10000d54c)
    #2 std::__1::basic_ostream<char, std::__1::char_traits<char>>& std::__1::__put_character_sequence[abi:nqe220106]<char, std::__1::char_traits<char>>(std::__1::basic_ostream<char, std::__1::char_traits<char>>&, char const*, unsigned long) put_character_sequence.h:37 (tsan_baseline_control:arm64+0x10000d290)
    #3 std::__1::basic_ostream<char, std::__1::char_traits<char>>& std::__1::operator<<[abi:nqe220106]<std::__1::char_traits<char>>(std::__1::basic_ostream<char, std::__1::char_traits<char>>&, char const*) basic_ostream.h:438 (tsan_baseline_control:arm64+0x100017f90)
    #4 RelionError::RelionError(std::__1::basic_string<char, std::__1::char_traits<char>, std::__1::allocator<char>> const&, std::__1::basic_string<char, std::__1::char_traits<char>, std::__1::allocator<char>> const&, long) error.cpp:66 (tsan_baseline_control:arm64+0x100017f90)
    #5 RelionError::RelionError(std::__1::basic_string<char, std::__1::char_traits<char>, std::__1::allocator<char>> const&, std::__1::basic_string<char, std::__1::char_traits<char>, std::__1::allocator<char>> const&, long) error.cpp:55 (tsan_baseline_control:arm64+0x100018174)
    #6 readTiffLayout(tiff*, TiffMovieLayout&, FileName const&, TiffErrorContext*) rwTIFF_layout.h:112 (tsan_baseline_control:arm64+0x10000b784)
    #7 Image<float>::readTIFF(tiff*, long, bool, bool, FileName const&, TiffErrorContext*) rwTIFF.h:234 (tsan_baseline_control:arm64+0x100006db0)
    #8 Image<float>::_read(FileName const&, fImageHandler&, bool, long, bool, bool) image.h:1673 (tsan_baseline_control:arm64+0x10000426c)
    #9 Image<float>::read(FileName const&, bool, long, bool, bool) image.h:737 (tsan_baseline_control:arm64+0x1000012e8)
    #10 main.omp_outlined_debug__ tsan_baseline_control.cpp:18 (tsan_baseline_control:arm64+0x1000011a0)
    #11 main.omp_outlined tsan_baseline_control.cpp:16 (tsan_baseline_control:arm64+0x1000011a0)
    #12 __kmp_invoke_microtask <null> (libomp.dylib:arm64+0x6b138)
    #13 start <null> (dyld:arm64e+0x204e0)

  Previous read of size 8 at 0x0001edab9c90 by thread T3:
    #0 std::__1::ios_base::width[abi:nqe220106]() const ios:497 (tsan_baseline_control:arm64+0x10000d3b0)
    #1 std::__1::ostreambuf_iterator<char, std::__1::char_traits<char>> std::__1::__pad_and_output[abi:nqe220106]<char, std::__1::char_traits<char>>(std::__1::ostreambuf_iterator<char, std::__1::char_traits<char>>, char const*, char const*, char const*, std::__1::ios_base&, char) pad_and_output.h:53 (tsan_baseline_control:arm64+0x10000d3b0)
    #2 std::__1::basic_ostream<char, std::__1::char_traits<char>>& std::__1::__put_character_sequence[abi:nqe220106]<char, std::__1::char_traits<char>>(std::__1::basic_ostream<char, std::__1::char_traits<char>>&, char const*, unsigned long) put_character_sequence.h:37 (tsan_baseline_control:arm64+0x10000d290)
    #3 std::__1::basic_ostream<char, std::__1::char_traits<char>>& std::__1::operator<<[abi:nqe220106]<std::__1::char_traits<char>>(std::__1::basic_ostream<char, std::__1::char_traits<char>>&, char const*) basic_ostream.h:438 (tsan_baseline_control:arm64+0x100017f90)
    #4 RelionError::RelionError(std::__1::basic_string<char, std::__1::char_traits<char>, std::__1::allocator<char>> const&, std::__1::basic_string<char, std::__1::char_traits<char>, std::__1::allocator<char>> const&, long) error.cpp:66 (tsan_baseline_control:arm64+0x100017f90)
    #5 RelionError::RelionError(std::__1::basic_string<char, std::__1::char_traits<char>, std::__1::allocator<char>> const&, std::__1::basic_string<char, std::__1::char_traits<char>, std::__1::allocator<char>> const&, long) error.cpp:55 (tsan_baseline_control:arm64+0x100018174)
    #6 readTiffLayout(tiff*, TiffMovieLayout&, FileName const&, TiffErrorContext*) rwTIFF_layout.h:112 (tsan_baseline_control:arm64+0x10000b784)
    #7 Image<float>::readTIFF(tiff*, long, bool, bool, FileName const&, TiffErrorContext*) rwTIFF.h:234 (tsan_baseline_control:arm64+0x100006db0)
    #8 Image<float>::_read(FileName const&, fImageHandler&, bool, long, bool, bool) image.h:1673 (tsan_baseline_control:arm64+0x10000426c)
    #9 Image<float>::read(FileName const&, bool, long, bool, bool) image.h:737 (tsan_baseline_control:arm64+0x1000012e8)
    #10 main.omp_outlined_debug__ tsan_baseline_control.cpp:18 (tsan_baseline_control:arm64+0x1000011a0)
    #11 main.omp_outlined tsan_baseline_control.cpp:16 (tsan_baseline_control:arm64+0x1000011a0)
    #12 __kmp_invoke_microtask <null> (libomp.dylib:arm64+0x6b138)

  Location is global 'std::__1::cerr' at 0x0001edab9c70 (libc++.1.dylib+0x6cb46c90)

  Thread T3 (tid=18140977, running) created by main thread at:
    #0 pthread_create <null> (libclang_rt.tsan_osx_dynamic.dylib:arm64e+0x33bac)
    #1 __kmp_create_worker <null> (libomp.dylib:arm64+0x50efc)
    #2 start <null> (dyld:arm64e+0x204e0)

SUMMARY: ThreadSanitizer: data race ios:501 in std::__1::ios_base::width[abi:nqe220106](long)
==================
./src/rwTIFF_layout.hERROR: 
/tmp/damaged_control.tiff: Corrupted TIFF directory structure: TIFFAdvanceDirectory: tif_dir.c:1904: /tmp/damaged_control.tiff: Error fetching directory count./src/rwTIFF_layout.h
, line , line 112
ERROR: 
/tmp/damaged_control.tiff: Corrupted TIFF directory structure: TIFFAdvanceDirectory: tif_dir.c:1904: /tmp/damaged_control.tiff: Error fetching directory count
112
ERROR: 
/tmp/damaged_control.tiff: Corrupted TIFF directory structure: TIFFAdvanceDirectory: tif_dir.c:1904: /tmp/damaged_control.tiff: Error fetching directory count
==================
WARNING: ThreadSanitizer: data race (pid=47675)
  Write of size 8 at 0x0001edab9c90 by thread T2:
    #0 std::__1::ios_base::width[abi:nqe220106](long) ios:501 (tsan_baseline_control:arm64+0x10000d54c)
    #1 std::__1::ostreambuf_iterator<char, std::__1::char_traits<char>> std::__1::__pad_and_output[abi:nqe220106]<char, std::__1::char_traits<char>>(std::__1::ostreambuf_iterator<char, std::__1::char_traits<char>>, char const*, char const*, char const*, std::__1::ios_base&, char) pad_and_output.h:79 (tsan_baseline_control:arm64+0x10000d54c)
in: ./src/rwTIFF_layout.h, line 112
ERROR: 
/tmp/damaged_control.tiff: Corrupted TIFF directory structure: TIFFAdvanceDirectory: tif_dir.c:1904: /tmp/damaged_control.tiff: Error fetching directory count
    #2 std::__1::basic_ostream<char, std::__1::char_traits<char>>& std::__1::__put_character_sequence[abi:nqe220106]<char, std::__1::char_traits<char>>(std::__1::basic_ostream<char, std::__1::char_traits<char>>&, char const*, unsigned long) put_character_sequence.h:37 (tsan_baseline_control:arm64+0x10000d290)
    #3 std::__1::basic_ostream<char, std::__1::char_traits<char>>& std::__1::operator<<[abi:nqe220106]<std::__1::char_traits<char>>(std::__1::basic_ostream<char, std::__1::char_traits<char>>&, char const*) basic_ostream.h:438 (tsan_baseline_control:arm64+0x100017f90)
    #4 RelionError::RelionError(std::__1::basic_string<char, std::__1::char_traits<char>, std::__1::allocator<char>> const&, std::__1::basic_string<char, std::__1::char_traits<char>, std::__1::allocator<char>> const&, long) error.cpp:66 (tsan_baseline_control:arm64+0x100017f90)
    #5 RelionError::RelionError(std::__1::basic_string<char, std::__1::char_traits<char>, std::__1::allocator<char>> const&, std::__1::basic_string<char, std::__1::char_traits<char>, std::__1::allocator<char>> const&, long) error.cpp:55 (tsan_baseline_control:arm64+0x100018174)
    #6 readTiffLayout(tiff*, TiffMovieLayout&, FileName const&, TiffErrorContext*) rwTIFF_layout.h:112 (tsan_baseline_control:arm64+0x10000b784)
    #7 Image<float>::readTIFF(tiff*, long, bool, bool, FileName const&, TiffErrorContext*) rwTIFF.h:234 (tsan_baseline_control:arm64+0x100006db0)
    #8 Image<float>::_read(FileName const&, fImageHandler&, bool, long, bool, bool) image.h:1673 (tsan_baseline_control:arm64+0x10000426c)
    #9 Image<float>::read(FileName const&, bool, long, bool, bool) image.h:737 (tsan_baseline_control:arm64+0x1000012e8)
    #10 main.omp_outlined_debug__ tsan_baseline_control.cpp:18 (tsan_baseline_control:arm64+0x1000011a0)
    #11 main.omp_outlined tsan_baseline_control.cpp:16 (tsan_baseline_control:arm64+0x1000011a0)
    #12 __kmp_invoke_microtask <null> (libomp.dylib:arm64+0x6b138)

  Previous write of size 8 at 0x0001edab9c90 by thread T1:
    #0 std::__1::ios_base::width[abi:nqe220106](long) ios:501 (tsan_baseline_control:arm64+0x10000d54c)
    #1 std::__1::ostreambuf_iterator<char, std::__1::char_traits<char>> std::__1::__pad_and_output[abi:nqe220106]<char, std::__1::char_traits<char>>(std::__1::ostreambuf_iterator<char, std::__1::char_traits<char>>, char const*, char const*, char const*, std::__1::ios_base&, char) pad_and_output.h:79 (tsan_baseline_control:arm64+0x10000d54c)
    #2 std::__1::basic_ostream<char, std::__1::char_traits<char>>& std::__1::__put_character_sequence[abi:nqe220106]<char, std::__1::char_traits<char>>(std::__1::basic_ostream<char, std::__1::char_traits<char>>&, char const*, unsigned long) put_character_sequence.h:37 (tsan_baseline_control:arm64+0x10000d290)
    #3 std::__1::basic_ostream<char, std::__1::char_traits<char>>& std::__1::operator<<[abi:nqe220106]<std::__1::char_traits<char>>(std::__1::basic_ostream<char, std::__1::char_traits<char>>&, char const*) basic_ostream.h:438 (tsan_baseline_control:arm64+0x100017f90)
    #4 RelionError::RelionError(std::__1::basic_string<char, std::__1::char_traits<char>, std::__1::allocator<char>> const&, std::__1::basic_string<char, std::__1::char_traits<char>, std::__1::allocator<char>> const&, long) error.cpp:66 (tsan_baseline_control:arm64+0x100017f90)
    #5 RelionError::RelionError(std::__1::basic_string<char, std::__1::char_traits<char>, std::__1::allocator<char>> const&, std::__1::basic_string<char, std::__1::char_traits<char>, std::__1::allocator<char>> const&, long) error.cpp:55 (tsan_baseline_control:arm64+0x100018174)
    #6 readTiffLayout(tiff*, TiffMovieLayout&, FileName const&, TiffErrorContext*) rwTIFF_layout.h:112 (tsan_baseline_control:arm64+0x10000b784)
    #7 Image<float>::readTIFF(tiff*, long, bool, bool, FileName const&, TiffErrorContext*) rwTIFF.h:234 (tsan_baseline_control:arm64+0x100006db0)
    #8 Image<float>::_read(FileName const&, fImageHandler&, bool, long, bool, bool) image.h:1673 (tsan_baseline_control:arm64+0x10000426c)
    #9 Image<float>::read(FileName const&, bool, long, bool, bool) image.h:737 (tsan_baseline_control:arm64+0x1000012e8)
    #10 main.omp_outlined_debug__ tsan_baseline_control.cpp:18 (tsan_baseline_control:arm64+0x1000011a0)
    #11 main.omp_outlined tsan_baseline_control.cpp:16 (tsan_baseline_control:arm64+0x1000011a0)
    #12 __kmp_invoke_microtask <null> (libomp.dylib:arm64+0x6b138)

  Location is global 'std::__1::cerr' at 0x0001edab9c70 (libc++.1.dylib+0x6cb46c90)

  Thread T2 (tid=18140976, running) created by main thread at:
    #0 pthread_create <null> (libclang_rt.tsan_osx_dynamic.dylib:arm64e+0x33bac)
    #1 __kmp_create_worker <null> (libomp.dylib:arm64+0x50efc)
    #2 start <null> (dyld:arm64e+0x204e0)

  Thread T1 (tid=18140975, running) created by main thread at:
    #0 pthread_create <null> (libclang_rt.tsan_osx_dynamic.dylib:arm64e+0x33bac)
    #1 __kmp_create_worker <null> (libomp.dylib:arm64+0x50efc)
    #2 start <null> (dyld:arm64e+0x204e0)

SUMMARY: ThreadSanitizer: data race ios:501 in std::__1::ios_base::width[abi:nqe220106](long)
==================
./src/rwTIFF_layout.h, line 112
ERROR: 
/tmp/damaged_control.tiff: Corrupted TIFF directory structure: TIFFAdvanceDirectory: tif_dir.c:1904: /tmp/damaged_control.tiff: Error fetching directory count
==================
WARNING: ThreadSanitizer: data race (pid=47675)
  Read of size 8 at 0x00010dc06738 by main thread:
    #0 std::exception_ptr::operator bool[abi:nqe220106]() const exception_ptr.h:97 (tsan_baseline_control:arm64+0x100000d48)
    #1 main tsan_baseline_control.cpp:22 (tsan_baseline_control:arm64+0x100000d48)

  Previous write of size 8 at 0x00010dc06738 by thread T1:
    #0 std::__1::enable_if<is_move_constructible<void*>::value && is_move_assignable<void*>::value, void>::type std::__1::swap[abi:nqe220106]<void*>(void*&, void*&) swap.h:45 (tsan_baseline_control:arm64+0x100001214)
    #1 std::swap[abi:nqe220106](std::exception_ptr&, std::exception_ptr&) exception_ptr.h:114 (tsan_baseline_control:arm64+0x100001214)
    #2 std::exception_ptr::operator=[abi:nqe220106](std::exception_ptr&&) exception_ptr.h:92 (tsan_baseline_control:arm64+0x100001214)
    #3 main.omp_outlined_debug__ tsan_baseline_control.cpp:19 (tsan_baseline_control:arm64+0x100001214)
    #4 main.omp_outlined tsan_baseline_control.cpp:16 (tsan_baseline_control:arm64+0x100001214)
    #5 __kmp_invoke_microtask <null> (libomp.dylib:arm64+0x6b138)

  Location is heap block of size 48 at 0x00010dc06720 allocated by main thread:
    #0 operator new(unsigned long) <null> (libclang_rt.tsan_osx_dynamic.dylib:arm64e+0x91ad0)
    #1 std::exception_ptr* std::__1::__libcpp_allocate[abi:nqe220106]<std::exception_ptr>(std::__1::__element_count, unsigned long) allocate.h:60 (tsan_baseline_control:arm64+0x100000c9c)
    #2 std::__1::allocator<std::exception_ptr>::allocate[abi:nqe220106](unsigned long) allocator.h:92 (tsan_baseline_control:arm64+0x100000c9c)
    #3 std::__1::__allocation_result<std::__1::allocator_traits<std::__1::allocator<std::exception_ptr>>::pointer, std::__1::allocator_traits<std::__1::allocator<std::exception_ptr>>::size_type> std::__1::__allocate_at_least[abi:nqe220106]<std::__1::allocator<std::exception_ptr>, std::__1::allocator_traits<std::__1::allocator<std::exception_ptr>>>(std::__1::allocator<std::exception_ptr>&, unsigned long) allocate_at_least.h:46 (tsan_baseline_control:arm64+0x100000c9c)
    #4 std::__1::vector<std::exception_ptr, std::__1::allocator<std::exception_ptr>>::__vallocate[abi:nqe220106](unsigned long) vector.h:597 (tsan_baseline_control:arm64+0x100000c9c)
    #5 std::__1::vector<std::exception_ptr, std::__1::allocator<std::exception_ptr>>::vector[abi:nqe220106](unsigned long) vector.h:150 (tsan_baseline_control:arm64+0x100000c9c)
    #6 std::__1::vector<std::exception_ptr, std::__1::allocator<std::exception_ptr>>::vector[abi:nqe220106](unsigned long) vector.h:147 (tsan_baseline_control:arm64+0x100000c9c)
    #7 main tsan_baseline_control.cpp:15 (tsan_baseline_control:arm64+0x100000c9c)

  Thread T1 (tid=18140975, running) created by main thread at:
    #0 pthread_create <null> (libclang_rt.tsan_osx_dynamic.dylib:arm64e+0x33bac)
    #1 __kmp_create_worker <null> (libomp.dylib:arm64+0x50efc)
    #2 start <null> (dyld:arm64e+0x204e0)

SUMMARY: ThreadSanitizer: data race exception_ptr.h:97 in std::exception_ptr::operator bool[abi:nqe220106]() const
==================
baseline control: 6/6 frames failed
==================
WARNING: ThreadSanitizer: data race (pid=47675)
  Write of size 8 at 0x00016b732cc0 by main thread:
    #0 std::__1::vector<Image<float>, std::__1::allocator<Image<float>>>::__destroy_vector::__destroy_vector[abi:nqe220106](std::__1::vector<Image<float>, std::__1::allocator<Image<float>>>&) vector.h:247 (tsan_baseline_control:arm64+0x100000e64)
    #1 std::__1::vector<Image<float>, std::__1::allocator<Image<float>>>::__destroy_vector::__destroy_vector[abi:nqe220106](std::__1::vector<Image<float>, std::__1::allocator<Image<float>>>&) vector.h:247 (tsan_baseline_control:arm64+0x100000e64)
    #2 std::__1::vector<Image<float>, std::__1::allocator<Image<float>>>::~vector[abi:nqe220106]() vector.h:262 (tsan_baseline_control:arm64+0x100000e64)
    #3 std::__1::vector<Image<float>, std::__1::allocator<Image<float>>>::~vector[abi:nqe220106]() vector.h:262 (tsan_baseline_control:arm64+0x100000e64)
    #4 main tsan_baseline_control.cpp:25 (tsan_baseline_control:arm64+0x100000e64)

  Previous read of size 8 at 0x00016b732cc0 by thread T3:
    #0 std::__1::vector<std::exception_ptr, std::__1::allocator<std::exception_ptr>>::operator[][abi:nqe220106](unsigned long) vector.h:415 (tsan_baseline_control:arm64+0x1000011dc)
    #1 main.omp_outlined_debug__ tsan_baseline_control.cpp:19 (tsan_baseline_control:arm64+0x1000011dc)
    #2 main.omp_outlined tsan_baseline_control.cpp:16 (tsan_baseline_control:arm64+0x1000011dc)
    #3 __kmp_invoke_microtask <null> (libomp.dylib:arm64+0x6b138)

  Location is stack of main thread.

  Thread T3 (tid=18140977, running) created by main thread at:
    #0 pthread_create <null> (libclang_rt.tsan_osx_dynamic.dylib:arm64e+0x33bac)
    #1 __kmp_create_worker <null> (libomp.dylib:arm64+0x50efc)
    #2 start <null> (dyld:arm64e+0x204e0)

SUMMARY: ThreadSanitizer: data race vector.h:247 in std::__1::vector<Image<float>, std::__1::allocator<Image<float>>>::__destroy_vector::__destroy_vector[abi:nqe220106](std::__1::vector<Image<float>, std::__1::allocator<Image<float>>>&)
==================
ThreadSanitizer: reported 5 warnings
