[faultinject] cudaGetDeviceCount #1
Using CUDA acceleration on GPU device 0 for global alignment.
 Using our own implementation based on MOTIONCOR2 algorithm
 to correct beam-induced motion for the following micrographs: 
  * /home/alex/MotionCorr-standalone/relion30_tutorial/Movies/20170629_00021_frameImage.tiff
 Correcting beam-induced motions using our own implementation ...
000/??? sec ~~(,_,">                                                          [oo][faultinject] cudaGetDeviceCount #2
[faultinject] INJECTING cudaErrorIllegalAddress at cudaGetDeviceCount #2; last-error clean
in: /home/alex/mc118-preprocess-20260929T1311/source/src/motioncorr_runner.cpp, line 1575
ERROR: 
CUDA device became unusable during session initialization for /home/alex/MotionCorr-standalone/relion30_tutorial/Movies/20170629_00021_frameImage.tiff: an illegal memory access was encountered (recorded at initialize:314). First failure at initialize:314. Refusing CPU fallback after a fatal device error.
=== Backtrace  ===
/home/alex/mc118-preprocess-20260929T1311/build/motioncorr_faultinject(_ZN11RelionErrorC2ERKNSt7__cxx1112basic_stringIcSt11char_traitsIcESaIcEEES7_l+0x77) [0x58e9eb70f357]
/home/alex/mc118-preprocess-20260929T1311/build/motioncorr_faultinject(+0x3fd87) [0x58e9eb6d7d87]
/home/alex/mc118-preprocess-20260929T1311/build/motioncorr_faultinject(_ZN16MotioncorrRunner26executeOwnMotionCorrectionER10Micrographi+0x675c) [0x58e9eb7bf61c]
/home/alex/mc118-preprocess-20260929T1311/build/motioncorr_faultinject(_ZN16MotioncorrRunner3runEv+0x210) [0x58e9eb7c40b0]
/home/alex/mc118-preprocess-20260929T1311/build/motioncorr_faultinject(main+0x53) [0x58e9eb7045c3]
/lib/x86_64-linux-gnu/libc.so.6(+0x2a1ca) [0x746d9ec2a1ca]
/lib/x86_64-linux-gnu/libc.so.6(__libc_start_main+0x8b) [0x746d9ec2a28b]
/home/alex/mc118-preprocess-20260929T1311/build/motioncorr_faultinject(_start+0x25) [0x58e9eb704ca5]
==================
ERROR: 
CUDA device became unusable during session initialization for /home/alex/MotionCorr-standalone/relion30_tutorial/Movies/20170629_00021_frameImage.tiff: an illegal memory access was encountered (recorded at initialize:314). First failure at initialize:314. Refusing CPU fallback after a fatal device error.
Continuing with the remaining movies.
   0/   0 sec ............................................................~~(,_,"> yum!
in: /home/alex/mc118-preprocess-20260929T1311/source/src/motioncorr_runner.cpp, line 700
ERROR: 
Motion correction failed for 1 movie(s): /home/alex/MotionCorr-standalone/relion30_tutorial/Movies/20170629_00021_frameImage.tiff. Successful per-movie outputs were retained; joint output was not generated.
=== Backtrace  ===
/home/alex/mc118-preprocess-20260929T1311/build/motioncorr_faultinject(_ZN11RelionErrorC2ERKNSt7__cxx1112basic_stringIcSt11char_traitsIcESaIcEEES7_l+0x77) [0x58e9eb70f357]
/home/alex/mc118-preprocess-20260929T1311/build/motioncorr_faultinject(+0x4dbd5) [0x58e9eb6e5bd5]
/home/alex/mc118-preprocess-20260929T1311/build/motioncorr_faultinject(main+0x53) [0x58e9eb7045c3]
/lib/x86_64-linux-gnu/libc.so.6(+0x2a1ca) [0x746d9ec2a1ca]
/lib/x86_64-linux-gnu/libc.so.6(__libc_start_main+0x8b) [0x746d9ec2a28b]
/home/alex/mc118-preprocess-20260929T1311/build/motioncorr_faultinject(_start+0x25) [0x58e9eb704ca5]
==================
ERROR: 
Motion correction failed for 1 movie(s): /home/alex/MotionCorr-standalone/relion30_tutorial/Movies/20170629_00021_frameImage.tiff. Successful per-movie outputs were retained; joint output was not generated.
[faultinject] remaining-owned=0 stale-releases=0
