cpu-bind=MASK - cn062, task  0  0 [1397568]: mask 0xcf300000cf300000 set
slurmstepd: error: Unable to create TMPDIR [/scratch/scarf1415/relion-container-tests/tmp]: No such file or directory
slurmstepd: error: Setting TMPDIR to /tmp
=== provenance ===
2026-09-29T15:34:14+01:00
cn062.scarf.rl.ac.uk
16
Cpus_allowed_list:	20-21,24-27,30-31,52-53,56-59,62-63
source-head: e3ba4f87750a2f59a4a2a964d3230ca901973680
Cuda compilation tools, release 12.8, V12.8.61
Build cuda_12.8.r12.8/compiler.35404655_0
=== configure (Release, CUDA sm80, BUILD_TESTING=ON) ===
configure rc=0
=== build ===
build rc=0
=== binaries ===
21a07802e8ca98738a4889e26750a04e109da883cafab1a1998930ab1f1f01c5  motioncorr
866e4e7608473413c1ea8641b9e4701a69843e02ce78cc9bf76dafd22c14ba68  motioncorr_faultinject
a032569800830e4bdc530a94351acfacbe47dd9d982b020be4b99a886974a63a  motioncorr_retry_caller
3686c2c13f8ecc028630a2cf336eef92b1532ece53b7e22db204a96dbb427290  cuda_u16_staging_equivalence
2dbd08591a4816d96f248f44a597bb6086f7d4f9382fed5f24664c43010b5dc1  cuda_fault_matrix
72e513580db43253ad5ec4de53642a5bc1fa1772d87cae4bb6069a51e0c4bbab  cuda_error_class
0b27f30d0a100140b3e339156d6c0d841e36c122b2cc619129da89ec481032cf  cuda_wrapper_upload_failure
ba6ae02ee7072a83951fa2f1c5b1576b86cf9631da93a14c0067604a1e760aa8  runner_numerics
37fa1e3d2b296cf5648a5b650afc93c7bca4d36271cb37d5363c577b53da147c  patch_retry_state
9e5ff191d682928f70e6f75c37f3e9542cc2e30743c7d1f9a78aed60ace20f06  defect_parser
a600cf6ff634029746ab36d36be4b6ba7d5625a779c830a7c5d9eb3c5df597ec  image_write_faults
=== registered tests ===
collection-validate rc=0
    - CudaFaultMatrix                [ADDITIVE]
    - CudaPreprocessingFailurePaths  [ADDITIVE]
    - CudaErrorClass                 [ADDITIVE]
2026-09-29T15:35:20+01:00
=== BUILD JOB DONE ===
