cpu-bind=MASK - gn3001, task  0  0 [409163]: mask 0xffffffffffffffff set
slurmstepd: error: Unable to create TMPDIR [/scratch/scarf1415/relion-container-tests/tmp]: No such file or directory
slurmstepd: error: Setting TMPDIR to /tmp
################ ALLOCATION AND HOST ################
2026-09-28T08:21:14+01:00
gn3001.scarf.rl.ac.uk
SLURM_JOB_ID=3511135 NODELIST=gn3001
JobId=3511135 JobName=pr110-native-baseline
   NumNodes=1 NumCPUs=64 NumTasks=1 CPUs/Task=8 ReqB:S:C:T=0:0:*:*
   ReqTRES=cpu=8,mem=32000M,node=1,billing=1000,gres/gpu=1
   AllocTRES=cpu=64,mem=250G,node=1,billing=4000,gres/gpu=4,gres/gpu:a100=4
   OverSubscribe=NO Contiguous=0 Licenses=(null) Network=(null)
--- actual inherited cpuset / mems ---
Cpus_allowed_list:	0-63
Mems_allowed_list:	0-7
--- topology ---
CPU(s):                                  64
Model name:                              AMD EPYC 7302 16-Core Processor
Thread(s) per core:                      2
Core(s) per socket:                      16
Socket(s):                               2
CPU(s) scaling MHz:                      89%
NUMA node(s):                            8
NUMA node0 CPU(s):                       0-3,32-35
NUMA node1 CPU(s):                       4-7,36-39
NUMA node2 CPU(s):                       8-11,40-43
NUMA node3 CPU(s):                       12-15,44-47
NUMA node4 CPU(s):                       16-19,48-51
NUMA node5 CPU(s):                       20-23,52-55
NUMA node6 CPU(s):                       24-27,56-59
NUMA node7 CPU(s):                       28-31,60-63
--- NUMA policy and memory ---
policy: default
physcpubind: 0 1 2 3 4 5 6 7 8 9 10 11 12 13 14 15 16 17 18 19 20 21 22 23 24 25 26 27 28 29 30 31 32 33 34 35 36 37 38 39 40 41 42 43 44 45 46 47 48 49 50 51 52 53 54 55 56 57 58 59 60 61 62 63 
nodebind: 0 1 2 3 4 5 6 7 
membind: 0 1 2 3 4 5 6 7 
node 0 size: 31549 MB
node 0 free: 1778 MB
node 1 size: 32253 MB
node 1 free: 234 MB
node 2 size: 32207 MB
node 2 free: 7078 MB
node 3 size: 32241 MB
node 3 free: 28609 MB
node 4 size: 32253 MB
node 4 free: 2372 MB
node 5 size: 32253 MB
node 5 free: 132 MB
node 6 size: 32253 MB
node 6 free: 142 MB
node 7 size: 32249 MB
node 7 free: 13960 MB
               total        used        free      shared  buff/cache   available
Mem:             251          11          53           0         188         239
--- load at start ---
0.00 0.00 0.00 1/1834 409188
 08:21:14 up 17 days,  8:20,  0 users,  load average: 0.00, 0.00, 0.00
--- DEVICE IDENTITY (UUID, never ordinal) ---
index, uuid, name, memory.total [MiB], memory.used [MiB], utilization.gpu [%]
0, GPU-c7b9c523-f18f-6873-d6d1-d080c2489e8f, NVIDIA A100-SXM4-40GB, 40960 MiB, 0 MiB, 0 %
1, GPU-579f1c79-be4d-c66c-454b-9d073b550e55, NVIDIA A100-SXM4-40GB, 40960 MiB, 0 MiB, 0 %
2, GPU-1f0c1e56-53e0-7257-fb1e-d1486ee5c7b9, NVIDIA A100-SXM4-40GB, 40960 MiB, 0 MiB, 0 %
3, GPU-53bf8dd8-e6a0-3fa2-2c45-73a8efdad998, NVIDIA A100-SXM4-40GB, 40960 MiB, 0 MiB, 0 %
CUDA_VISIBLE_DEVICES=0,1,2,3
--- compute apps before (must be empty: exclusive allocation) ---
--- toolchain ---
Cuda compilation tools, release 12.8, V12.8.61
Build cuda_12.8.r12.8/compiler.35404655_0
g++ (GCC) 11.5.0 20240719 (Red Hat 11.5.0-14)
cmake version 3.31.8
Python 3.9.25
numpy 1.22.4

################ SOURCE AND INPUT IDENTITY ################
289d0d34fa19d5d2559c156fb978dce1c2db8f3b9c1c2699de9b3ad5e0368e5e  /work4/scd/scarf1415/motioncorr/pr110-baseline/source.bundle
candidate head : 07a6a7770709d0fcc63275faeb8033cb8bcfacc2
candidate tree : dc94ba66d9f6eba94def91b5d62c7fff625f0f46
main base      : 4c952b3f54479653512c4d208e09c9a8c02f3726
main tree      : 2a0b2201f71a43c76bd64bf8ed01b54d9cbf126c
candidate dirty: 0   main dirty: 0
--- input payload identity ---
fb998f70b375a4eb8d6972cf3964813c2c10fdfae039ec70c4e5365bf9cf0041  /work4/scd/scarf1415/motioncorr/pr110-baseline/data/movies.star
movie digest-of-digests: 240fefa2297e0c5622931f8f5574b1eccb8892fc9d66ae2fbf39ad2a995ef452  -
8919cdc7bf0f481cdb3dd5bcb20d83c29e0263b2fcc78b212c74b33a81b1acd1  /work4/scd/scarf1415/motioncorr/pr110-baseline/data/Movies/gain.mrc
movies: 24

################ BUILDS (CUDA=ON, sm80, Release) ################
[main 4c952b3f54479653512c4d208e09c9a8c02f3726]
  configure exit=0
  build exit=0  errors=0
d24a6e382b9d73e4ebd46b30bc586fbea01f871187dccbeae4650450f25fe429  /work4/scd/scarf1415/motioncorr/pr110-baseline/run-3511135/main/build/motioncorr
  	libcudart.so.12 => /apps20/sw/easybuilt/rocky/9/amd/zen2/software/CUDA/12.8.0/lib/libcudart.so.12 (0x000014cbf3200000)
  	libcufft.so.11 => /apps20/sw/easybuilt/rocky/9/amd/zen2/software/CUDA/12.8.0/lib/libcufft.so.11 (0x000014cbe2000000)
  ELF file    1: motioncorr.1.sm_80.cubin
  ELF file    2: motioncorr.2.sm_80.cubin
  ELF file    3: motioncorr.3.sm_80.cubin
[candidate 07a6a7770709d0fcc63275faeb8033cb8bcfacc2]
  configure exit=0
  build exit=0  errors=0
25e27ced399148a722255b9ac83333d176bb563eb600ab9989830a35ad1f0dbe  /work4/scd/scarf1415/motioncorr/pr110-baseline/run-3511135/cand/build/motioncorr
  	libcudart.so.12 => /apps20/sw/easybuilt/rocky/9/amd/zen2/software/CUDA/12.8.0/lib/libcudart.so.12 (0x000014f365e00000)
  	libcufft.so.11 => /apps20/sw/easybuilt/rocky/9/amd/zen2/software/CUDA/12.8.0/lib/libcufft.so.11 (0x000014f354c00000)
  ELF file    1: motioncorr.1.sm_80.cubin
  ELF file    2: motioncorr.2.sm_80.cubin
  ELF file    3: motioncorr.3.sm_80.cubin

################ NATIVE CUDA ALL-24, BOTH ARMS ################
--- main-4c952b3f54479653512c4d208e09c9a8c02f3726 ---
  exit=0
  	Elapsed (wall clock) time (h:mm:ss or m:ss): 0:28.14
  	Maximum resident set size (kbytes): 1610960
  mrc products: 24
--- cand-07a6a7770709d0fcc63275faeb8033cb8bcfacc2 ---
  exit=0
  	Elapsed (wall clock) time (h:mm:ss or m:ss): 0:27.92
  	Maximum resident set size (kbytes): 1609476
  mrc products: 24
--- device witness captured during execution ---
--- compute-apps witness DURING the run ---
pid, process_name, used_gpu_memory [MiB], gpu_uuid
410748, /work4/scd/scarf1415/motioncorr/pr110-baseline/run-3511135/cand/build/motioncorr, 428 MiB, GPU-c7b9c523-f18f-6873-d6d1-d080c2489e8f
GPU-c7b9c523-f18f-6873-d6d1-d080c2489e8f, 30 %, 439 MiB
GPU-579f1c79-be4d-c66c-454b-9d073b550e55, 0 %, 4 MiB
GPU-1f0c1e56-53e0-7257-fb1e-d1486ee5c7b9, 0 %, 4 MiB
GPU-53bf8dd8-e6a0-3fa2-2c45-73a8efdad998, 0 %, 4 MiB

################ COMPLETE PRODUCT COMPARISON ################
{
  "only_in_main": [],
  "only_in_cand": [],
  "artifacts_total": 109,
  "artifacts_fail": 78,
  "images_compared": 24,
  "star_compared": 25,
  "auxiliary_compared": 60,
  "total_pixels_compared": 0
}
FAILING: ['Movies/20170629_00021_frameImage.log', 'Movies/20170629_00021_frameImage.mrc', 'Movies/20170629_00021_frameImage_shifts.eps', 'Movies/20170629_00022_frameImage.log', 'Movies/20170629_00022_frameImage.mrc', 'Movies/20170629_00022_frameImage_shifts.eps', 'Movies/20170629_00023_frameImage.log', 'Movies/20170629_00023_frameImage.mrc', 'Movies/20170629_00023_frameImage_shifts.eps', 'Movies/20170629_00024_frameImage.log', 'Movies/20170629_00024_frameImage.mrc', 'Movies/20170629_00024_frameImage_shifts.eps', 'Movies/20170629_00025_frameImage.log', 'Movies/20170629_00025_frameImage.mrc', 'Movies/20170629_00025_frameImage_shifts.eps', 'Movies/20170629_00026_frameImage.log', 'Movies/20170629_00026_frameImage.mrc', 'Movies/20170629_00026_frameImage_shifts.eps', 'Movies/20170629_00027_frameImage.log', 'Movies/20170629_00027_frameImage.mrc', 'Movies/20170629_00027_frameImage_shifts.eps', 'Movies/20170629_00028_frameImage.log', 'Movies/20170629_00028_frameImage.mrc', 'Movies/20170629_00028_frameImage_shifts.eps', 'Movies/20170629_00029_frameImage.log', 'Movies/20170629_00029_frameImage.mrc', 'Movies/20170629_00029_frameImage_shifts.eps', 'Movies/20170629_00030_frameImage.log', 'Movies/20170629_00030_frameImage.mrc', 'Movies/20170629_00030_frameImage_shifts.eps', 'Movies/20170629_00031_frameImage.log', 'Movies/20170629_00031_frameImage.mrc', 'Movies/20170629_00031_frameImage_shifts.eps', 'Movies/20170629_00035_frameImage.log', 'Movies/20170629_00035_frameImage.mrc', 'Movies/20170629_00035_frameImage_shifts.eps', 'Movies/20170629_00036_frameImage.log', 'Movies/20170629_00036_frameImage.mrc', 'Movies/20170629_00036_frameImage_shifts.eps', 'Movies/20170629_00037_frameImage.log', 'Movies/20170629_00037_frameImage.mrc', 'Movies/20170629_00037_frameImage_shifts.eps', 'Movies/20170629_00039_frameImage.log', 'Movies/20170629_00039_frameImage.mrc', 'Movies/20170629_00039_frameImage_shifts.eps', 'Movies/20170629_00040_frameImage.log', 'Movies/20170629_00040_frameImage.mrc', 'Movies/20170629_00040_frameImage_shifts.eps', 'Movies/20170629_00042_frameImage.log', 'Movies/20170629_00042_frameImage.mrc', 'Movies/20170629_00042_frameImage_shifts.eps', 'Movies/20170629_00043_frameImage.log', 'Movies/20170629_00043_frameImage.mrc', 'Movies/20170629_00043_frameImage_shifts.eps', 'Movies/20170629_00044_frameImage.log', 'Movies/20170629_00044_frameImage.mrc', 'Movies/20170629_00044_frameImage_shifts.eps', 'Movies/20170629_00045_frameImage.log', 'Movies/20170629_00045_frameImage.mrc', 'Movies/20170629_00045_frameImage_shifts.eps', 'Movies/20170629_00046_frameImage.log', 'Movies/20170629_00046_frameImage.mrc', 'Movies/20170629_00046_frameImage_shifts.eps', 'Movies/20170629_00047_frameImage.log', 'Movies/20170629_00047_frameImage.mrc', 'Movies/20170629_00047_frameImage_shifts.eps', 'Movies/20170629_00048_frameImage.log', 'Movies/20170629_00048_frameImage.mrc', 'Movies/20170629_00048_frameImage_shifts.eps', 'Movies/20170629_00049_frameImage.log', 'Movies/20170629_00049_frameImage.mrc', 'Movies/20170629_00049_frameImage_shifts.eps', 'all_batches.pdf', 'batch.pdf', 'batch.pdf.lst', 'header.pdf', 'header.pdf.lst', 'logfile.pdf']

################ DECODED-READER / FAILURE / RESUME CONTROLS (native) ################
--- C1 decoded-reader: same movie, both arms, byte-identical decoded product ---
  main j1 exit=0 products=24
  cand j1 exit=0 products=24
  j1 vs j8 candidate product equality (thread-count invariance):
    DIFFER: 20170629_00021_frameImage.mrc
    DIFFER: 20170629_00022_frameImage.mrc
    DIFFER: 20170629_00023_frameImage.mrc
    DIFFER: 20170629_00024_frameImage.mrc
    DIFFER: 20170629_00025_frameImage.mrc
    DIFFER: 20170629_00026_frameImage.mrc
    DIFFER: 20170629_00027_frameImage.mrc
    DIFFER: 20170629_00028_frameImage.mrc
    DIFFER: 20170629_00029_frameImage.mrc
    DIFFER: 20170629_00030_frameImage.mrc
    DIFFER: 20170629_00031_frameImage.mrc
    DIFFER: 20170629_00035_frameImage.mrc
    DIFFER: 20170629_00036_frameImage.mrc
    DIFFER: 20170629_00037_frameImage.mrc
    DIFFER: 20170629_00039_frameImage.mrc
    DIFFER: 20170629_00040_frameImage.mrc
    DIFFER: 20170629_00042_frameImage.mrc
    DIFFER: 20170629_00043_frameImage.mrc
    DIFFER: 20170629_00044_frameImage.mrc
    DIFFER: 20170629_00045_frameImage.mrc
    DIFFER: 20170629_00046_frameImage.mrc
    DIFFER: 20170629_00047_frameImage.mrc
    DIFFER: 20170629_00048_frameImage.mrc
    DIFFER: 20170629_00049_frameImage.mrc
    (no DIFFER lines above = identical)
--- C2 failure: truncated TIFF must fail the movie, name it, and publish no joint product ---
  exit=1 (must be nonzero)
  damaged movie named in output: 5
  healthy product retained:      1
  joint STAR withheld:           YES_WITHHELD
    /work4/scd/scarf1415/motioncorr/pr110-baseline/run-3511135/cand/build/motioncorr() [0x453b55]
    ==================
    ERROR: 
    Motion correction failed for 23 movie(s): Movies/20170629_00022_frameImage.tiff Movies/20170629_00023_frameImage.tiff Movies/20170629_00024_frameImage.tiff Movies/20170629_00025_frameImage.tiff Movies/20170629_00026_frameImage.tiff Movies/20170629_00027_frameImage.tiff Movies/20170629_00028_frameImage.tiff Movies/20170629_00029_frameImage.tiff Movies/20170629_00030_frameImage.tiff Movies/20170629_00031_frameImage.tiff Movies/20170629_00035_frameImage.tiff Movies/20170629_00036_frameImage.tiff Movies/20170629_00037_frameImage.tiff Movies/20170629_00039_frameImage.tiff Movies/20170629_00040_frameImage.tiff Movies/20170629_00042_frameImage.tiff Movies/20170629_00043_frameImage.tiff Movies/20170629_00044_frameImage.tiff Movies/20170629_00045_frameImage.tiff Movies/20170629_00046_frameImage.tiff Movies/20170629_00047_frameImage.tiff Movies/20170629_00048_frameImage.tiff Movies/20170629_00049_frameImage.tiff. Successful per-movie outputs were retained; joint output was not generated.
--- C3 resume: repair the damaged movie, rerun with --only_do_unfinished ---
  exit=1 (must be 0)
  products now: 2 of 2
  joint STAR now present: NO
  healthy movie untouched by the resume:
    20170629_00021_frameImage.mrc  full-run=41b0b5de25ff0aac  resumed=7338f294fcd1527f

################ CLOSE-OUT ################
compute apps after:
GPU-c7b9c523-f18f-6873-d6d1-d080c2489e8f, 0 MiB, 6 %
GPU-579f1c79-be4d-c66c-454b-9d073b550e55, 0 MiB, 0 %
GPU-1f0c1e56-53e0-7257-fb1e-d1486ee5c7b9, 0 MiB, 0 %
GPU-53bf8dd8-e6a0-3fa2-2c45-73a8efdad998, 0 MiB, 0 %
8.7G	/work4/scd/scarf1415/motioncorr/pr110-baseline/run-3511135
2026-09-28T08:26:34+01:00
DONE pr110 native baseline
