cpu-bind=MASK - gn0003, task  0  0 [2490469]: mask 0x1e0000001e0 set
slurmstepd: error: Unable to create TMPDIR [/scratch/scarf1415/relion-container-tests/tmp]: No such file or directory
slurmstepd: error: Setting TMPDIR to /tmp
=== allocation identity ===
2026-09-29T16:05:52+01:00
job=3514089 node=gn0003.scarf.rl.ac.uk partition=gpu
source-head: 98ac8c4
Cpus_allowed_list:	5-8,37-40
8
index, uuid, name, driver_version, memory.total [MiB], memory.used [MiB]
0, GPU-6ddab9a9-0eec-0c3f-e70e-faa553e35a8b, NVIDIA A100-SXM4-40GB, 580.178.04, 40960 MiB, 0 MiB
pid, gpu_uuid, used_gpu_memory [MiB]
21a07802e8ca98738a4889e26750a04e109da883cafab1a1998930ab1f1f01c5  /work4/scd/scarf1415/mc-issue83/src/build-cuda/motioncorr
60a648c2a4e8bd8985d1310fc856bc0189f4dd58115a0d88b0a6be8e4ad09a55  /work4/scd/scarf1415/mc-issue83/src/tests/run_compact_ingest_support_matrix.py
682b4e18515bd6766ebc7369f7bcfa3c7affee48b949dd1b69b8702de14fe6d3  /work4/scd/scarf1415/mc-issue83/src/tests/compact_ingest_fixtures.py
b5d5d9986bcc928dfaa3ca32f0329061094eeaaf60233bd9fd3864df20441732  /work4/scd/scarf1415/mc-issue83/src/docs/issue85_laneC/compare_output_trees.py
selected device: GPU-6ddab9a9-0eec-0c3f-e70e-faa553e35a8b
matrix rc=0
[case] base_gain: gain applied, compact ingest on the primary geometry
  PASS
[case] base_nogain: no gain: the U16 kernel's unconditional d_Iframes store
  PASS
[case] save_nodw: --dose_weighting --save_noDW keeps both sums and associates the noDW image
  PASS
[case] power_spectrum: --grouping_for_ps/--ps_size writes a _PS.mrc at its own geometry
  PASS
[case] even_odd: --even_odd_split writes _EVN/_ODD and records no association outside tomography
  PASS
[case] all_output_modes: noDW + even/odd + power spectrum together
  PASS
[case] selected_unequal_groups: --first_frame_sum 2 --last_frame_sum 8 --group_frames 2 over 8 frames: groups 2,2,3
  PASS
[case] second_geometry: a second, differently shaped nonsquare movie
  PASS
[case] successive_same_geometry: three movies of one geometry in one process
  PASS
[case] successive_mixed_geometry: consecutive movies of different geometry in one process
  PASS
[case] gain_geometry_mismatch: a gain reference that does not match the second movie fails closed
  PASS
[case] repeat_all_output_modes: repeat of the full output-mode run must be byte-exact
  PASS
[case] resume_non_prefix: --only_do_unfinished after deleting a middle movie's products
  PASS
[case] ineligible_float_tiff: float32 TIFF never enters the compact path
  PASS
[case] ineligible_early_binning: --bin_factor 2 with early binning leaves a uint16 TIFF on the float path
  PASS
[case] damaged_movie_named: a truncated uint16 movie beside healthy ones fails closed and is named
  PASS

compact-ingest support matrix: {'selected': 16, 'passed': 16, 'failed': 0}
pid, gpu_uuid, used_gpu_memory [MiB]
2026-09-29T16:06:38+01:00
=== MATRIX JOB DONE rc=0 ===
