-- The C compiler identification is GNU 11.5.0
-- The CXX compiler identification is GNU 11.5.0
-- Detecting C compiler ABI info
-- Detecting C compiler ABI info - done
-- Check for working C compiler: /usr/bin/cc - skipped
-- Detecting C compile features
-- Detecting C compile features - done
-- Detecting CXX compiler ABI info
-- Detecting CXX compiler ABI info - done
-- Check for working CXX compiler: /usr/bin/c++ - skipped
-- Detecting CXX compile features
-- Detecting CXX compile features - done
-- Found PkgConfig: /usr/bin/pkg-config (found version "1.7.3")
-- Checking for module 'fftw3'
--   Found fftw3, version 3.3.8
-- Checking for module 'fftw3f'
--   Found fftw3f, version 3.3.8
-- Found OpenMP_CXX: -fopenmp (found version "4.5")
-- Found OpenMP: TRUE (found version "4.5") found components: CXX
-- Found TIFF: /usr/lib64/libtiff.so (found version "4.4.0")
-- Found ZLIB: /usr/lib64/libz.so (found version "1.2.11")
-- Found PNG: /usr/lib64/libpng.so (found version "1.6.37")
-- Found JPEG: /usr/lib64/libjpeg.so (found version "62")
-- The CUDA compiler identification is NVIDIA 12.8.61 with host compiler GNU 11.5.0
-- Detecting CUDA compiler ABI info
-- Detecting CUDA compiler ABI info - done
-- Check for working CUDA compiler: /apps20/sw/easybuilt/rocky/9/amd/zen2/software/CUDA/12.8.0/bin/nvcc - skipped
-- Detecting CUDA compile features
-- Detecting CUDA compile features - done
-- Found CUDAToolkit: /apps20/sw/easybuilt/rocky/9/amd/zen2/software/CUDA/12.8.0/targets/x86_64-linux/include (found version "12.8.61")
-- Performing Test CMAKE_HAVE_LIBC_PTHREAD
-- Performing Test CMAKE_HAVE_LIBC_PTHREAD - Success
-- Found Threads: TRUE
-- Found Python3: /usr/bin/python3.9 (found version "3.9.25") found components: Interpreter
-- Configuring done (8.9s)
-- Generating done (1.8s)
-- Build files have been written to: /home/vol05/scarf1415/mc-issue74-base/build-cuda
