
################ ARM A: baseline, 5x5 patches, default (unbound) affinity ################
2026-09-25T00:32:27Z
[2026-09-25T00:32:27Z] === A_patch5x5_unbound: threads=[1, 2, 4, 8, 16] reps=3 ===
[2026-09-25T00:32:27Z] --- rep 1/3, order=[1, 2, 4, 8, 16] ---
[2026-09-25T00:32:28Z] settle: OK after 0.5s (load1=3.06, procs=0)
[2026-09-25T00:33:07Z] j=1 rep=1 wall=38.35s user=34.63 rss=2.73GiB foreign=2.05/3.67 cores rc=0
[2026-09-25T00:33:08Z] settle: OK after 0.6s (load1=3.19, procs=0)
[2026-09-25T00:33:28Z] j=2 rep=1 wall=20.34s user=35.06 rss=2.78GiB foreign=2.71/5.01 cores rc=0
[2026-09-25T00:33:29Z] settle: OK after 0.5s (load1=3.48, procs=0)
[2026-09-25T00:33:47Z] j=4 rep=1 wall=16.96s user=48.69 rss=2.94GiB foreign=2.01/2.01 cores rc=0
[2026-09-25T00:33:47Z] settle: OK after 0.6s (load1=3.76, procs=0)
[2026-09-25T00:33:58Z] j=8 rep=1 wall=9.46s user=50.12 rss=3.18GiB foreign=2.08/2.25 cores rc=0
[2026-09-25T00:33:58Z] settle: OK after 0.6s (load1=4.03, procs=0)
[2026-09-25T00:34:06Z] j=16 rep=1 wall=6.94s user=64.49 rss=3.64GiB foreign=2.02/2.03 cores rc=0
[2026-09-25T00:34:06Z] --- rep 2/3, order=[16, 8, 4, 2, 1] ---
[2026-09-25T00:34:14Z] settle: OK after 8.2s (load1=4.20, procs=0)
[2026-09-25T00:34:22Z] j=16 rep=2 wall=7.01s user=63.93 rss=3.64GiB foreign=2.02/2.02 cores rc=0
[2026-09-25T00:34:25Z] settle: OK after 3.1s (load1=4.16, procs=0)
[2026-09-25T00:34:35Z] j=8 rep=2 wall=9.54s user=56.72 rss=3.18GiB foreign=2.76/5.28 cores rc=0
[2026-09-25T00:34:59Z] settle: OK after 23.3s (load1=4.11, procs=0)
[2026-09-25T00:35:11Z] j=4 rep=2 wall=11.83s user=37.28 rss=2.94GiB foreign=2.01/2.01 cores rc=0
[2026-09-25T00:35:14Z] settle: OK after 3.1s (load1=4.20, procs=0)
[2026-09-25T00:35:35Z] j=2 rep=2 wall=20.59s user=35.23 rss=2.77GiB foreign=2.01/2.01 cores rc=0
[2026-09-25T00:35:38Z] settle: OK after 3.0s (load1=4.04, procs=0)
[2026-09-25T00:36:18Z] j=1 rep=2 wall=38.59s user=34.83 rss=2.73GiB foreign=2.04/3.15 cores rc=0
[2026-09-25T00:36:18Z] --- rep 3/3, order=[1, 2, 4, 8, 16] ---
[2026-09-25T00:36:18Z] settle: OK after 0.6s (load1=3.50, procs=0)
[2026-09-25T00:36:58Z] j=1 rep=3 wall=38.59s user=34.84 rss=2.73GiB foreign=2.01/2.01 cores rc=0
[2026-09-25T00:36:58Z] settle: OK after 0.6s (load1=3.22, procs=0)
[2026-09-25T00:37:20Z] j=2 rep=3 wall=21.11s user=35.65 rss=2.77GiB foreign=2.07/3.21 cores rc=0
[2026-09-25T00:37:21Z] settle: OK after 0.5s (load1=3.44, procs=0)
[2026-09-25T00:37:39Z] j=4 rep=3 wall=16.89s user=48.98 rss=2.94GiB foreign=2.01/2.01 cores rc=0
[2026-09-25T00:37:39Z] settle: OK after 0.6s (load1=3.94, procs=0)
[2026-09-25T00:37:48Z] j=8 rep=3 wall=7.67s user=42.22 rss=3.18GiB foreign=2.01/2.01 cores rc=0
[2026-09-25T00:37:53Z] settle: OK after 5.7s (load1=4.12, procs=0)
[2026-09-25T00:38:01Z] j=16 rep=3 wall=7.01s user=59.84 rss=3.64GiB foreign=2.16/3.01 cores rc=0
[2026-09-25T00:38:01Z] === done -> /home/ubuntu/mc-issue26/results/A_patch5x5_unbound.json ===

################ ARM B: baseline, 5x5 patches, OMP_PROC_BIND=spread OMP_PLACES=cores ################
2026-09-25T00:38:01Z
[2026-09-25T00:38:01Z] === B_patch5x5_spread: threads=[1, 2, 4, 8, 16] reps=3 ===
[2026-09-25T00:38:01Z] --- rep 1/3, order=[1, 2, 4, 8, 16] ---
[2026-09-25T00:38:29Z] settle: OK after 28.5s (load1=4.03, procs=0)
[2026-09-25T00:39:09Z] j=1 rep=1 wall=39.06s user=35.25 rss=2.73GiB foreign=2.09/4.01 cores rc=0
[2026-09-25T00:39:09Z] settle: OK after 0.6s (load1=3.69, procs=0)
[2026-09-25T00:39:33Z] j=2 rep=1 wall=23.05s user=37.45 rss=2.77GiB foreign=2.55/7.47 cores rc=0
[2026-09-25T00:39:34Z] settle: OK after 0.5s (load1=3.64, procs=0)
[2026-09-25T00:39:46Z] j=4 rep=1 wall=11.75s user=37.3 rss=2.94GiB foreign=2.01/2.01 cores rc=0
[2026-09-25T00:39:47Z] settle: OK after 0.6s (load1=4.07, procs=0)
[2026-09-25T00:39:54Z] j=8 rep=1 wall=6.85s user=40.64 rss=3.18GiB foreign=2.44/5.01 cores rc=0
[2026-09-25T00:40:10Z] settle: OK after 16.0s (load1=4.14, procs=0)
[2026-09-25T00:40:16Z] j=16 rep=1 wall=5.16s user=48.21 rss=3.64GiB foreign=2.61/5.01 cores rc=0
[2026-09-25T00:40:16Z] --- rep 2/3, order=[16, 8, 4, 2, 1] ---
[2026-09-25T00:40:34Z] settle: OK after 18.7s (load1=4.05, procs=0)
[2026-09-25T00:40:41Z] j=16 rep=2 wall=5.31s user=49.0 rss=3.64GiB foreign=2.19/3.09 cores rc=0
[2026-09-25T00:41:04Z] settle: OK after 23.6s (load1=4.09, procs=0)
[2026-09-25T00:41:12Z] j=8 rep=2 wall=6.74s user=40.02 rss=3.18GiB foreign=2.23/3.51 cores rc=0
[2026-09-25T00:41:20Z] settle: OK after 8.3s (load1=4.11, procs=0)
[2026-09-25T00:41:33Z] j=4 rep=2 wall=11.88s user=37.88 rss=2.94GiB foreign=2.01/2.04 cores rc=0
[2026-09-25T00:41:38Z] settle: OK after 5.7s (load1=4.09, procs=0)
[2026-09-25T00:42:01Z] j=2 rep=2 wall=22.40s user=37.15 rss=2.77GiB foreign=2.1/4.01 cores rc=0
[2026-09-25T00:42:02Z] settle: OK after 0.6s (load1=4.07, procs=0)
[2026-09-25T00:42:41Z] j=1 rep=2 wall=38.52s user=34.61 rss=2.73GiB foreign=2.16/5.01 cores rc=0
[2026-09-25T00:42:41Z] --- rep 3/3, order=[1, 2, 4, 8, 16] ---
[2026-09-25T00:42:42Z] settle: OK after 0.5s (load1=3.65, procs=0)
[2026-09-25T00:43:21Z] j=1 rep=3 wall=38.41s user=34.72 rss=2.73GiB foreign=2.04/3.01 cores rc=0
[2026-09-25T00:43:22Z] settle: OK after 0.5s (load1=3.41, procs=0)
[2026-09-25T00:43:45Z] j=2 rep=3 wall=22.35s user=36.8 rss=2.79GiB foreign=2.15/5.01 cores rc=0
[2026-09-25T00:43:45Z] settle: OK after 0.6s (load1=3.82, procs=0)
[2026-09-25T00:43:58Z] j=4 rep=3 wall=11.90s user=37.64 rss=2.94GiB foreign=2.01/2.01 cores rc=0
[2026-09-25T00:43:58Z] settle: OK after 0.6s (load1=4.07, procs=0)
[2026-09-25T00:44:06Z] j=8 rep=3 wall=6.70s user=39.9 rss=3.18GiB foreign=2.01/2.01 cores rc=0
[2026-09-25T00:44:14Z] settle: OK after 8.3s (load1=4.15, procs=0)
[2026-09-25T00:44:19Z] j=16 rep=3 wall=5.18s user=48.32 rss=3.64GiB foreign=2.01/2.01 cores rc=0
[2026-09-25T00:44:19Z] === done -> /home/ubuntu/mc-issue26/results/B_patch5x5_spread.json ===

################ ARM C: baseline, global-only (1x1), default affinity ################
2026-09-25T00:44:19Z
[2026-09-25T00:44:19Z] === C_global_unbound: threads=[1, 2, 4, 8, 16] reps=2 ===
[2026-09-25T00:44:19Z] --- rep 1/2, order=[1, 2, 4, 8, 16] ---
[2026-09-25T00:44:50Z] settle: OK after 30.4s (load1=4.14, procs=0)
[2026-09-25T00:45:21Z] j=1 rep=1 wall=30.16s user=26.36 rss=2.73GiB foreign=2.08/4.01 cores rc=0
[2026-09-25T00:45:22Z] settle: OK after 0.5s (load1=3.69, procs=0)
[2026-09-25T00:45:39Z] j=2 rep=1 wall=16.78s user=27.24 rss=2.80GiB foreign=2.01/2.01 cores rc=0
[2026-09-25T00:45:40Z] settle: OK after 0.5s (load1=3.78, procs=0)
[2026-09-25T00:45:53Z] j=4 rep=1 wall=13.34s user=36.35 rss=2.89GiB foreign=2.01/2.02 cores rc=0
[2026-09-25T00:45:54Z] settle: OK after 0.5s (load1=3.88, procs=0)
[2026-09-25T00:46:02Z] j=8 rep=1 wall=7.52s user=39.6 rss=3.12GiB foreign=2.26/4.01 cores rc=0
[2026-09-25T00:46:15Z] settle: OK after 13.0s (load1=4.13, procs=0)
[2026-09-25T00:46:21Z] j=16 rep=1 wall=5.03s user=36.81 rss=3.57GiB foreign=2.01/2.01 cores rc=0
[2026-09-25T00:46:21Z] --- rep 2/2, order=[16, 8, 4, 2, 1] ---
[2026-09-25T00:46:44Z] settle: OK after 23.5s (load1=4.13, procs=0)
[2026-09-25T00:46:51Z] j=16 rep=2 wall=5.56s user=39.16 rss=3.57GiB foreign=2.34/4.01 cores rc=0
[2026-09-25T00:46:51Z] settle: OK after 0.5s (load1=4.20, procs=0)
[2026-09-25T00:46:59Z] j=8 rep=2 wall=6.98s user=31.71 rss=3.12GiB foreign=2.01/2.01 cores rc=0
[2026-09-25T00:47:15Z] settle: OK after 15.9s (load1=4.03, procs=0)
[2026-09-25T00:47:29Z] j=4 rep=2 wall=13.80s user=37.67 rss=2.89GiB foreign=2.01/2.01 cores rc=0
[2026-09-25T00:47:30Z] settle: OK after 0.6s (load1=4.16, procs=0)
[2026-09-25T00:47:48Z] j=2 rep=2 wall=16.82s user=27.51 rss=2.80GiB foreign=2.01/2.01 cores rc=0
[2026-09-25T00:47:48Z] settle: OK after 0.6s (load1=3.96, procs=0)
[2026-09-25T00:48:19Z] j=1 rep=2 wall=30.27s user=26.65 rss=2.73GiB foreign=2.01/2.01 cores rc=0
[2026-09-25T00:48:19Z] === done -> /home/ubuntu/mc-issue26/results/C_global_unbound.json ===

################ ARM D: baseline, 5x5, numactl --cpunodebind=0 --membind=0 (single NUMA node) ################
2026-09-25T00:48:19Z
[2026-09-25T00:48:19Z] === D_patch5x5_numalocal: threads=[8, 16] reps=2 ===
[2026-09-25T00:48:19Z] --- rep 1/2, order=[8, 16] ---
[2026-09-25T00:48:20Z] settle: OK after 0.6s (load1=3.65, procs=0)
[2026-09-25T00:48:30Z] j=8 rep=1 wall=9.32s user=57.42 rss=3.18GiB foreign=2.01/2.01 cores rc=0
[2026-09-25T00:48:38Z] settle: OK after 8.2s (load1=4.08, procs=0)
[2026-09-25T00:48:46Z] j=16 rep=1 wall=6.79s user=66.25 rss=3.64GiB foreign=2.01/2.01 cores rc=0
[2026-09-25T00:48:46Z] --- rep 2/2, order=[16, 8] ---
[2026-09-25T00:49:09Z] settle: OK after 23.3s (load1=4.11, procs=0)
[2026-09-25T00:49:16Z] j=16 rep=2 wall=6.71s user=63.52 rss=3.64GiB foreign=2.01/2.01 cores rc=0
[2026-09-25T00:49:25Z] settle: OK after 8.2s (load1=4.18, procs=0)
[2026-09-25T00:49:35Z] j=8 rep=2 wall=9.46s user=62.52 rss=3.18GiB foreign=2.71/5.16 cores rc=0
[2026-09-25T00:49:35Z] === done -> /home/ubuntu/mc-issue26/results/D_patch5x5_numalocal.json ===

################ ARM E: paired base-vs-candidate, global-only, j=1 ################
2026-09-25T00:49:35Z
pair 1 order=base-first base=30.31 cand=22.21 delta=-8.10s load1=5.5
pair 2 order=cand-first base=30.10 cand=22.57 delta=-7.53s load1=4.1
pair 3 order=base-first base=30.32 cand=22.05 delta=-8.27s load1=3.5
pair 4 order=cand-first base=29.78 cand=21.92 delta=-7.86s load1=3.3
pair 5 order=base-first base=30.07 cand=22.14 delta=-7.93s load1=3.1
pair 6 order=cand-first base=30.35 cand=22.33 delta=-8.02s load1=3.2
{
  "base_median": 30.205,
  "cand_median": 22.175,
  "base_mean": 30.155,
  "cand_mean": 22.203,
  "mean_delta_s": -7.952,
  "sd_delta_s": 0.251,
  "pct_change": -26.37,
  "n_pairs_cand_faster": 6,
  "n_pairs": 6,
  "delta_base_first_mean": -8.1,
  "delta_cand_first_mean": -7.803,
  "positional_bias_P_s": -0.148,
  "distinct_pixel_digests": [
    "ed33b6299dfc54782aa7f44c4d62c62b0727c6a0218ba8a96b18822942aaaeb1"
  ],
  "bit_exact_across_all_runs": true
}

################ ARM F: paired base-vs-candidate, global-only, j=8 ################
2026-09-25T00:54:51Z
pair 1 order=base-first base=7.50 cand=5.90 delta=-1.60s load1=3.2
pair 2 order=cand-first base=7.42 cand=5.91 delta=-1.51s load1=4.4
pair 3 order=base-first base=7.52 cand=5.49 delta=-2.03s load1=5.0
pair 4 order=cand-first base=7.17 cand=5.82 delta=-1.35s load1=5.4
pair 5 order=base-first base=7.49 cand=5.58 delta=-1.91s load1=5.9
pair 6 order=cand-first base=7.46 cand=5.82 delta=-1.64s load1=5.5
{
  "base_median": 7.475,
  "cand_median": 5.82,
  "base_mean": 7.427,
  "cand_mean": 5.753,
  "mean_delta_s": -1.673,
  "sd_delta_s": 0.253,
  "pct_change": -22.53,
  "n_pairs_cand_faster": 6,
  "n_pairs": 6,
  "delta_base_first_mean": -1.847,
  "delta_cand_first_mean": -1.5,
  "positional_bias_P_s": -0.173,
  "distinct_pixel_digests": [
    "ed33b6299dfc54782aa7f44c4d62c62b0727c6a0218ba8a96b18822942aaaeb1"
  ],
  "bit_exact_across_all_runs": true
}

################ ARM G: paired base-vs-candidate, 5x5 (change must be a no-op), j=8 ################
2026-09-25T00:56:12Z
pair 1 order=base-first base=9.53 cand=7.73 delta=-1.80s load1=6.2
pair 2 order=cand-first base=8.89 cand=9.53 delta=+0.64s load1=7.2
pair 3 order=base-first base=8.67 cand=9.69 delta=+1.02s load1=7.5
pair 4 order=cand-first base=9.89 cand=9.69 delta=-0.20s load1=8.1
{
  "base_median": 9.21,
  "cand_median": 9.61,
  "base_mean": 9.245,
  "cand_mean": 9.16,
  "mean_delta_s": -0.085,
  "sd_delta_s": 1.252,
  "pct_change": -0.92,
  "n_pairs_cand_faster": 2,
  "n_pairs": 4,
  "delta_base_first_mean": -0.39,
  "delta_cand_first_mean": 0.22,
  "positional_bias_P_s": -0.305,
  "distinct_pixel_digests": [
    "bf738254a4d9c218ddc723a3ec595c999c3ad27a01a56b97c2d903046a0f77b0"
  ],
  "bit_exact_across_all_runs": true
}

################ ARM H: whole-dataset throughput, baseline, global-only, 16-core budget ################
2026-09-25T00:57:27Z
24 movies
  1x16   (1 proc x 16 thr) wall=  121.8s  11.83 movies/min  5.07 s/movie  outputs=24 rc={0}
  2x8    (2 proc x 8 thr) wall=   91.5s  15.74 movies/min  3.81 s/movie  outputs=24 rc={0}
  4x4    (4 proc x 4 thr) wall=   84.2s  17.10 movies/min  3.51 s/movie  outputs=24 rc={0}
  8x2    (8 proc x 2 thr) wall=   86.0s  16.75 movies/min  3.58 s/movie  outputs=24 rc={0}

################ ARM I: whole-dataset throughput, candidate, global-only, 16-core budget ################
2026-09-25T01:04:04Z
24 movies
  1x16   (1 proc x 16 thr) wall=   96.7s  14.89 movies/min  4.03 s/movie  outputs=24 rc={0}
  4x4    (4 proc x 4 thr) wall=   62.0s  23.21 movies/min  2.58 s/movie  outputs=24 rc={0}

################ ARM J: whole-dataset throughput, baseline, 5x5, 16-core budget ################
2026-09-25T01:06:49Z
24 movies
  1x16   (1 proc x 16 thr) wall=  171.3s  8.41 movies/min  7.14 s/movie  outputs=24 rc={0}
  4x4    (4 proc x 4 thr) wall=  108.3s  13.29 movies/min  4.51 s/movie  outputs=24 rc={0}

################ ARM K: throughput with affinity, baseline, global-only ################
2026-09-25T01:11:34Z
24 movies
  1x16   (1 proc x 16 thr) wall=  115.4s  12.48 movies/min  4.81 s/movie  outputs=24 rc={0}
  4x4    (4 proc x 4 thr) wall=  255.0s  5.65 movies/min  10.62 s/movie  outputs=24 rc={0}

################ SERIES COMPLETE ################
2026-09-25T01:17:51Z
