Working on /home/alex/MotionCorr-standalone/relion30_tutorial/Movies/20170629_00029_frameImage.tiff with 4 thread(s).

Movie size: X = 3710 Y = 3838 N = 24
Frames to be used: 1 2 3 4 5 6 7 8 9 10 11 12 13 14 15 16 17 18 19 20 21 22 23 24
Frame grouping: n_frames = 24, requested group size = 1
 | 1 | 2 | 3 | 4 | 5 | 6 | 7 | 8 | 9 | 10 | 11 | 12 | 13 | 14 | 15 | 16 | 17 | 18 | 19 | 20 | 21 | 22 | 23 | 24 | 
interpolate_shifts = 0

Movie FFT: batch=1 R2C work=56986624 C2R work=56986624 shared work=56986624 inverse tile=56986624 bytes
In unaligned sum, Mean = 25.9374 Std = 5.178 Hotpixel threshold = 57.0054
Detected 73 hot pixels to be corrected.
Fixed hot pixels.
Computing full-frame Fourier transforms (CUDA in-VRAM)...

Global alignment:
 Iteration 1: RMSD = 8.36294 px
 Iteration 2: RMSD = 1.34895 px
 Iteration 3: RMSD = 0.139105 px
 [CUDA Global Alignment Profile]
   Host-to-Device transfer time: 0.00 ms (Resident VRAM)
   Custom kernel execution time: 5.94 ms
   cuFFT execution time:         1.24 ms
   Device-to-Host transfer time: 0.16 ms
   Total GPU alignment time:     10.63 ms
   Buffer VRAM:                  1482.91 MiB
   cuFFT workspace VRAM:         86.68 MiB
   Peak GPU memory allocated:    1569.59 MiB
 [CUDA Global Alignment] completed; converged=yes
Reconstructing globally aligned frames (CUDA in-VRAM)...

Local alignments:
Patches: X = 5 Y = 5
Patch (1, 1): 1 / 25, X range = [0, 742), Y range = [0, 766), Center = (370, 382)
 Iteration 1: RMSD = 1.25 px
 Iteration 2: RMSD = 0.29 px
 [CUDA Patch Alignment Profile]
   Host-to-Device transfer time: 0.00 ms (Resident VRAM)
   Custom kernel execution time: 0.34 ms
   cuFFT execution time:         0.06 ms
   Device-to-Host transfer time: 0.10 ms
   Total GPU alignment time:     1.31 ms
   Buffer VRAM:                  59.17 MiB
   cuFFT workspace VRAM:         3.41 MiB
   Peak GPU memory allocated:    62.59 MiB
 [CUDA Patch Alignment] completed; converged=yes
Patch (1, 2): 2 / 25, X range = [742, 1484), Y range = [0, 766), Center = (1112, 382)
 Iteration 1: RMSD = 1.49 px
 Iteration 2: RMSD = 0.09 px
 [CUDA Patch Alignment Profile]
   Host-to-Device transfer time: 0.00 ms (Resident VRAM)
   Custom kernel execution time: 0.24 ms
   cuFFT execution time:         0.05 ms
   Device-to-Host transfer time: 0.16 ms
   Total GPU alignment time:     1.21 ms
   Buffer VRAM:                  59.17 MiB
   cuFFT workspace VRAM:         3.41 MiB
   Peak GPU memory allocated:    62.59 MiB
 [CUDA Patch Alignment] completed; converged=yes
Patch (1, 3): 3 / 25, X range = [1484, 2226), Y range = [0, 766), Center = (1854, 382)
 Iteration 1: RMSD = 1.00 px
 Iteration 2: RMSD = 0.15 px
 [CUDA Patch Alignment Profile]
   Host-to-Device transfer time: 0.00 ms (Resident VRAM)
   Custom kernel execution time: 0.23 ms
   cuFFT execution time:         0.05 ms
   Device-to-Host transfer time: 0.09 ms
   Total GPU alignment time:     1.14 ms
   Buffer VRAM:                  59.17 MiB
   cuFFT workspace VRAM:         3.41 MiB
   Peak GPU memory allocated:    62.59 MiB
 [CUDA Patch Alignment] completed; converged=yes
Patch (1, 4): 4 / 25, X range = [2226, 2968), Y range = [0, 766), Center = (2596, 382)
 Iteration 1: RMSD = 0.68 px
 Iteration 2: RMSD = 0.07 px
 [CUDA Patch Alignment Profile]
   Host-to-Device transfer time: 0.00 ms (Resident VRAM)
   Custom kernel execution time: 0.23 ms
   cuFFT execution time:         0.05 ms
   Device-to-Host transfer time: 0.09 ms
   Total GPU alignment time:     1.10 ms
   Buffer VRAM:                  59.17 MiB
   cuFFT workspace VRAM:         3.41 MiB
   Peak GPU memory allocated:    62.59 MiB
 [CUDA Patch Alignment] completed; converged=yes
Patch (1, 5): 5 / 25, X range = [2968, 3710), Y range = [0, 766), Center = (3338, 382)
 Iteration 1: RMSD = 5.03 px
 Iteration 2: RMSD = 0.72 px
 Iteration 3: RMSD = 0.26 px
 [CUDA Patch Alignment Profile]
   Host-to-Device transfer time: 0.00 ms (Resident VRAM)
   Custom kernel execution time: 0.35 ms
   cuFFT execution time:         0.08 ms
   Device-to-Host transfer time: 0.15 ms
   Total GPU alignment time:     1.55 ms
   Buffer VRAM:                  59.17 MiB
   cuFFT workspace VRAM:         3.41 MiB
   Peak GPU memory allocated:    62.59 MiB
 [CUDA Patch Alignment] completed; converged=yes
Patch (2, 1): 6 / 25, X range = [0, 742), Y range = [767, 1533), Center = (370, 1149)
 Iteration 1: RMSD = 1.98 px
 Iteration 2: RMSD = 0.09 px
 [CUDA Patch Alignment Profile]
   Host-to-Device transfer time: 0.00 ms (Resident VRAM)
   Custom kernel execution time: 0.25 ms
   cuFFT execution time:         0.06 ms
   Device-to-Host transfer time: 0.11 ms
   Total GPU alignment time:     1.20 ms
   Buffer VRAM:                  59.17 MiB
   cuFFT workspace VRAM:         3.41 MiB
   Peak GPU memory allocated:    62.59 MiB
 [CUDA Patch Alignment] completed; converged=yes
Patch (2, 2): 7 / 25, X range = [742, 1484), Y range = [767, 1533), Center = (1112, 1149)
 Iteration 1: RMSD = 0.78 px
 Iteration 2: RMSD = 0.07 px
 [CUDA Patch Alignment Profile]
   Host-to-Device transfer time: 0.00 ms (Resident VRAM)
   Custom kernel execution time: 0.23 ms
   cuFFT execution time:         0.06 ms
   Device-to-Host transfer time: 0.10 ms
   Total GPU alignment time:     1.15 ms
   Buffer VRAM:                  59.17 MiB
   cuFFT workspace VRAM:         3.41 MiB
   Peak GPU memory allocated:    62.59 MiB
 [CUDA Patch Alignment] completed; converged=yes
Patch (2, 3): 8 / 25, X range = [1484, 2226), Y range = [767, 1533), Center = (1854, 1149)
 Iteration 1: RMSD = 0.72 px
 Iteration 2: RMSD = 0.07 px
 [CUDA Patch Alignment Profile]
   Host-to-Device transfer time: 0.00 ms (Resident VRAM)
   Custom kernel execution time: 0.23 ms
   cuFFT execution time:         0.05 ms
   Device-to-Host transfer time: 0.09 ms
   Total GPU alignment time:     1.23 ms
   Buffer VRAM:                  59.17 MiB
   cuFFT workspace VRAM:         3.41 MiB
   Peak GPU memory allocated:    62.59 MiB
 [CUDA Patch Alignment] completed; converged=yes
Patch (2, 4): 9 / 25, X range = [2226, 2968), Y range = [767, 1533), Center = (2596, 1149)
 Iteration 1: RMSD = 0.94 px
 Iteration 2: RMSD = 0.14 px
 [CUDA Patch Alignment Profile]
   Host-to-Device transfer time: 0.00 ms (Resident VRAM)
   Custom kernel execution time: 0.23 ms
   cuFFT execution time:         0.05 ms
   Device-to-Host transfer time: 0.09 ms
   Total GPU alignment time:     1.13 ms
   Buffer VRAM:                  59.17 MiB
   cuFFT workspace VRAM:         3.41 MiB
   Peak GPU memory allocated:    62.59 MiB
 [CUDA Patch Alignment] completed; converged=yes
Patch (2, 5): 10 / 25, X range = [2968, 3710), Y range = [767, 1533), Center = (3338, 1149)
 Iteration 1: RMSD = 1.00 px
 Iteration 2: RMSD = 0.13 px
 [CUDA Patch Alignment Profile]
   Host-to-Device transfer time: 0.00 ms (Resident VRAM)
   Custom kernel execution time: 0.25 ms
   cuFFT execution time:         0.06 ms
   Device-to-Host transfer time: 0.09 ms
   Total GPU alignment time:     1.17 ms
   Buffer VRAM:                  59.17 MiB
   cuFFT workspace VRAM:         3.41 MiB
   Peak GPU memory allocated:    62.59 MiB
 [CUDA Patch Alignment] completed; converged=yes
Patch (3, 1): 11 / 25, X range = [0, 742), Y range = [1534, 2300), Center = (370, 1916)
 Iteration 1: RMSD = 2.08 px
 Iteration 2: RMSD = 0.11 px
 [CUDA Patch Alignment Profile]
   Host-to-Device transfer time: 0.00 ms (Resident VRAM)
   Custom kernel execution time: 0.23 ms
   cuFFT execution time:         0.05 ms
   Device-to-Host transfer time: 0.11 ms
   Total GPU alignment time:     1.15 ms
   Buffer VRAM:                  59.17 MiB
   cuFFT workspace VRAM:         3.41 MiB
   Peak GPU memory allocated:    62.59 MiB
 [CUDA Patch Alignment] completed; converged=yes
Patch (3, 2): 12 / 25, X range = [742, 1484), Y range = [1534, 2300), Center = (1112, 1916)
 Iteration 1: RMSD = 1.18 px
 Iteration 2: RMSD = 0.15 px
 [CUDA Patch Alignment Profile]
   Host-to-Device transfer time: 0.00 ms (Resident VRAM)
   Custom kernel execution time: 0.23 ms
   cuFFT execution time:         0.05 ms
   Device-to-Host transfer time: 0.09 ms
   Total GPU alignment time:     1.14 ms
   Buffer VRAM:                  59.17 MiB
   cuFFT workspace VRAM:         3.41 MiB
   Peak GPU memory allocated:    62.59 MiB
 [CUDA Patch Alignment] completed; converged=yes
Patch (3, 3): 13 / 25, X range = [1484, 2226), Y range = [1534, 2300), Center = (1854, 1916)
 Iteration 1: RMSD = 0.70 px
 Iteration 2: RMSD = 0.10 px
 [CUDA Patch Alignment Profile]
   Host-to-Device transfer time: 0.00 ms (Resident VRAM)
   Custom kernel execution time: 0.23 ms
   cuFFT execution time:         0.05 ms
   Device-to-Host transfer time: 0.10 ms
   Total GPU alignment time:     1.14 ms
   Buffer VRAM:                  59.17 MiB
   cuFFT workspace VRAM:         3.41 MiB
   Peak GPU memory allocated:    62.59 MiB
 [CUDA Patch Alignment] completed; converged=yes
Patch (3, 4): 14 / 25, X range = [2226, 2968), Y range = [1534, 2300), Center = (2596, 1916)
 Iteration 1: RMSD = 1.17 px
 Iteration 2: RMSD = 0.13 px
 [CUDA Patch Alignment Profile]
   Host-to-Device transfer time: 0.00 ms (Resident VRAM)
   Custom kernel execution time: 0.30 ms
   cuFFT execution time:         0.05 ms
   Device-to-Host transfer time: 0.10 ms
   Total GPU alignment time:     1.13 ms
   Buffer VRAM:                  59.17 MiB
   cuFFT workspace VRAM:         3.41 MiB
   Peak GPU memory allocated:    62.59 MiB
 [CUDA Patch Alignment] completed; converged=yes
Patch (3, 5): 15 / 25, X range = [2968, 3710), Y range = [1534, 2300), Center = (3338, 1916)
 Iteration 1: RMSD = 0.78 px
 Iteration 2: RMSD = 0.09 px
 [CUDA Patch Alignment Profile]
   Host-to-Device transfer time: 0.00 ms (Resident VRAM)
   Custom kernel execution time: 0.24 ms
   cuFFT execution time:         0.05 ms
   Device-to-Host transfer time: 0.14 ms
   Total GPU alignment time:     1.16 ms
   Buffer VRAM:                  59.17 MiB
   cuFFT workspace VRAM:         3.41 MiB
   Peak GPU memory allocated:    62.59 MiB
 [CUDA Patch Alignment] completed; converged=yes
Patch (4, 1): 16 / 25, X range = [0, 742), Y range = [2301, 3067), Center = (370, 2683)
 Iteration 1: RMSD = 0.90 px
 Iteration 2: RMSD = 0.15 px
 [CUDA Patch Alignment Profile]
   Host-to-Device transfer time: 0.00 ms (Resident VRAM)
   Custom kernel execution time: 0.24 ms
   cuFFT execution time:         0.05 ms
   Device-to-Host transfer time: 0.09 ms
   Total GPU alignment time:     1.14 ms
   Buffer VRAM:                  59.17 MiB
   cuFFT workspace VRAM:         3.41 MiB
   Peak GPU memory allocated:    62.59 MiB
 [CUDA Patch Alignment] completed; converged=yes
Patch (4, 2): 17 / 25, X range = [742, 1484), Y range = [2301, 3067), Center = (1112, 2683)
 Iteration 1: RMSD = 1.13 px
 Iteration 2: RMSD = 0.17 px
 [CUDA Patch Alignment Profile]
   Host-to-Device transfer time: 0.00 ms (Resident VRAM)
   Custom kernel execution time: 0.24 ms
   cuFFT execution time:         0.05 ms
   Device-to-Host transfer time: 0.09 ms
   Total GPU alignment time:     1.13 ms
   Buffer VRAM:                  59.17 MiB
   cuFFT workspace VRAM:         3.41 MiB
   Peak GPU memory allocated:    62.59 MiB
 [CUDA Patch Alignment] completed; converged=yes
Patch (4, 3): 18 / 25, X range = [1484, 2226), Y range = [2301, 3067), Center = (1854, 2683)
 Iteration 1: RMSD = 0.80 px
 Iteration 2: RMSD = 0.13 px
 [CUDA Patch Alignment Profile]
   Host-to-Device transfer time: 0.00 ms (Resident VRAM)
   Custom kernel execution time: 0.23 ms
   cuFFT execution time:         0.06 ms
   Device-to-Host transfer time: 0.11 ms
   Total GPU alignment time:     1.16 ms
   Buffer VRAM:                  59.17 MiB
   cuFFT workspace VRAM:         3.41 MiB
   Peak GPU memory allocated:    62.59 MiB
 [CUDA Patch Alignment] completed; converged=yes
Patch (4, 4): 19 / 25, X range = [2226, 2968), Y range = [2301, 3067), Center = (2596, 2683)
 Iteration 1: RMSD = 1.18 px
 Iteration 2: RMSD = 0.16 px
 [CUDA Patch Alignment Profile]
   Host-to-Device transfer time: 0.00 ms (Resident VRAM)
   Custom kernel execution time: 0.24 ms
   cuFFT execution time:         0.05 ms
   Device-to-Host transfer time: 0.09 ms
   Total GPU alignment time:     1.07 ms
   Buffer VRAM:                  59.17 MiB
   cuFFT workspace VRAM:         3.41 MiB
   Peak GPU memory allocated:    62.59 MiB
 [CUDA Patch Alignment] completed; converged=yes
Patch (4, 5): 20 / 25, X range = [2968, 3710), Y range = [2301, 3067), Center = (3338, 2683)
 Iteration 1: RMSD = 1.29 px
 Iteration 2: RMSD = 0.19 px
 [CUDA Patch Alignment Profile]
   Host-to-Device transfer time: 0.00 ms (Resident VRAM)
   Custom kernel execution time: 0.23 ms
   cuFFT execution time:         0.05 ms
   Device-to-Host transfer time: 0.09 ms
   Total GPU alignment time:     1.13 ms
   Buffer VRAM:                  59.17 MiB
   cuFFT workspace VRAM:         3.41 MiB
   Peak GPU memory allocated:    62.59 MiB
 [CUDA Patch Alignment] completed; converged=yes
Patch (5, 1): 21 / 25, X range = [0, 742), Y range = [3068, 3834), Center = (370, 3450)
 Iteration 1: RMSD = 1.33 px
 Iteration 2: RMSD = 0.10 px
 [CUDA Patch Alignment Profile]
   Host-to-Device transfer time: 0.00 ms (Resident VRAM)
   Custom kernel execution time: 0.23 ms
   cuFFT execution time:         0.05 ms
   Device-to-Host transfer time: 0.16 ms
   Total GPU alignment time:     1.13 ms
   Buffer VRAM:                  59.17 MiB
   cuFFT workspace VRAM:         3.41 MiB
   Peak GPU memory allocated:    62.59 MiB
 [CUDA Patch Alignment] completed; converged=yes
Patch (5, 2): 22 / 25, X range = [742, 1484), Y range = [3068, 3834), Center = (1112, 3450)
 Iteration 1: RMSD = 1.22 px
 Iteration 2: RMSD = 0.10 px
 [CUDA Patch Alignment Profile]
   Host-to-Device transfer time: 0.00 ms (Resident VRAM)
   Custom kernel execution time: 0.24 ms
   cuFFT execution time:         0.05 ms
   Device-to-Host transfer time: 0.16 ms
   Total GPU alignment time:     1.22 ms
   Buffer VRAM:                  59.17 MiB
   cuFFT workspace VRAM:         3.41 MiB
   Peak GPU memory allocated:    62.59 MiB
 [CUDA Patch Alignment] completed; converged=yes
Patch (5, 3): 23 / 25, X range = [1484, 2226), Y range = [3068, 3834), Center = (1854, 3450)
 Iteration 1: RMSD = 1.09 px
 Iteration 2: RMSD = 0.10 px
 [CUDA Patch Alignment Profile]
   Host-to-Device transfer time: 0.00 ms (Resident VRAM)
   Custom kernel execution time: 0.23 ms
   cuFFT execution time:         0.06 ms
   Device-to-Host transfer time: 0.10 ms
   Total GPU alignment time:     1.13 ms
   Buffer VRAM:                  59.17 MiB
   cuFFT workspace VRAM:         3.41 MiB
   Peak GPU memory allocated:    62.59 MiB
 [CUDA Patch Alignment] completed; converged=yes
Patch (5, 4): 24 / 25, X range = [2226, 2968), Y range = [3068, 3834), Center = (2596, 3450)
 Iteration 1: RMSD = 1.11 px
 Iteration 2: RMSD = 0.24 px
 [CUDA Patch Alignment Profile]
   Host-to-Device transfer time: 0.00 ms (Resident VRAM)
   Custom kernel execution time: 0.30 ms
   cuFFT execution time:         0.05 ms
   Device-to-Host transfer time: 0.09 ms
   Total GPU alignment time:     1.14 ms
   Buffer VRAM:                  59.17 MiB
   cuFFT workspace VRAM:         3.41 MiB
   Peak GPU memory allocated:    62.59 MiB
 [CUDA Patch Alignment] completed; converged=yes
Patch (5, 5): 25 / 25, X range = [2968, 3710), Y range = [3068, 3834), Center = (3338, 3450)
 Iteration 1: RMSD = 1.59 px
 Iteration 2: RMSD = 0.19 px
 [CUDA Patch Alignment Profile]
   Host-to-Device transfer time: 0.00 ms (Resident VRAM)
   Custom kernel execution time: 0.24 ms
   cuFFT execution time:         0.05 ms
   Device-to-Host transfer time: 0.10 ms
   Total GPU alignment time:     1.14 ms
   Buffer VRAM:                  59.17 MiB
   cuFFT workspace VRAM:         3.41 MiB
   Peak GPU memory allocated:    62.59 MiB
 [CUDA Patch Alignment] completed; converged=yes

Polynomial fit RMSD: X = 0.92 px Y = 0.86 px
Pre-exposure: = 0.00
Dose weighting and summing frames (CUDA in-VRAM)...
 [CUDA Dose-Weighted Reconstruction Profile (Resident VRAM)]
  Device: 0, Frames: 24, Size: 3710x3838
  Peak VRAM: 217.33 MiB
  Dose Weighting Kernel: 9.26 ms
  cuFFT C2R Execution:   19.98 ms
  Interpolation & Accum: 4.24 ms
  Total DW Reconstruction Time: 46.95 ms
Written aligned and dose-weighted sum to /home/alex/mc-pr115-ownership-20260929/final-v5-24//home/alex/MotionCorr-standalone/relion30_tutorial/Movies/20170629_00029_frameImage.mrc
Full movie wall time: 1.128 s
