Working on Movies/20170629_00021_frameImage.tiff with 1 thread(s).

Movie size: X = 3710 Y = 3838 N = 24
Frames to be used: 1 2 3 4 5 6 7 8 9 10 11 12 13 14 15 16 17 18 19 20 21 22 23 24
Frame grouping: n_frames = 24, requested group size = 1
 | 1 | 2 | 3 | 4 | 5 | 6 | 7 | 8 | 9 | 10 | 11 | 12 | 13 | 14 | 15 | 16 | 17 | 18 | 19 | 20 | 21 | 22 | 23 | 24 | 
interpolate_shifts = 0

In unaligned sum, Mean = 22.9369 Std = 4.88806 Hotpixel threshold = 52.2653
Detected 67 hot pixels to be corrected.
Fixed hot pixels.

Global alignment:
 Iteration 1: RMSD = 10.2116 px
 Iteration 2: RMSD = 0.486926 px
 [CUDA Global Alignment Profile]
   Host-to-Device transfer time: 219.25 ms
   Custom kernel execution time: 4.16 ms
   cuFFT execution time:         0.96 ms
   Device-to-Host transfer time: 219.72 ms
   Total GPU alignment time:     8038.70 ms
   Buffer VRAM:                  1482.91 MiB
   cuFFT workspace VRAM:         86.68 MiB
   Peak GPU memory allocated:    1569.59 MiB

Local alignments:
Patches: X = 5 Y = 5
Patch (1, 1): 1 / 25, X range = [0, 742), Y range = [0, 766), Center = (370, 382)
 Iteration 1: RMSD = 1.54 px
 Iteration 2: RMSD = 0.07 px
Patch (1, 2): 2 / 25, X range = [742, 1484), Y range = [0, 766), Center = (1112, 382)
 Iteration 1: RMSD = 1.21 px
 Iteration 2: RMSD = 0.09 px
Patch (1, 3): 3 / 25, X range = [1484, 2226), Y range = [0, 766), Center = (1854, 382)
 Iteration 1: RMSD = 0.92 px
 Iteration 2: RMSD = 0.11 px
Patch (1, 4): 4 / 25, X range = [2226, 2968), Y range = [0, 766), Center = (2596, 382)
 Iteration 1: RMSD = 0.79 px
 Iteration 2: RMSD = 0.10 px
Patch (1, 5): 5 / 25, X range = [2968, 3710), Y range = [0, 766), Center = (3338, 382)
 Iteration 1: RMSD = 5.08 px
 Iteration 2: RMSD = 0.35 px
Patch (2, 1): 6 / 25, X range = [0, 742), Y range = [767, 1533), Center = (370, 1149)
 Iteration 1: RMSD = 1.38 px
 Iteration 2: RMSD = 0.08 px
Patch (2, 2): 7 / 25, X range = [742, 1484), Y range = [767, 1533), Center = (1112, 1149)
 Iteration 1: RMSD = 1.09 px
 Iteration 2: RMSD = 0.10 px
Patch (2, 3): 8 / 25, X range = [1484, 2226), Y range = [767, 1533), Center = (1854, 1149)
 Iteration 1: RMSD = 1.23 px
 Iteration 2: RMSD = 0.10 px
Patch (2, 4): 9 / 25, X range = [2226, 2968), Y range = [767, 1533), Center = (2596, 1149)
 Iteration 1: RMSD = 0.94 px
 Iteration 2: RMSD = 0.08 px
Patch (2, 5): 10 / 25, X range = [2968, 3710), Y range = [767, 1533), Center = (3338, 1149)
 Iteration 1: RMSD = 1.24 px
 Iteration 2: RMSD = 0.09 px
Patch (3, 1): 11 / 25, X range = [0, 742), Y range = [1534, 2300), Center = (370, 1916)
 Iteration 1: RMSD = 1.71 px
 Iteration 2: RMSD = 0.09 px
Patch (3, 2): 12 / 25, X range = [742, 1484), Y range = [1534, 2300), Center = (1112, 1916)
 Iteration 1: RMSD = 0.67 px
 Iteration 2: RMSD = 0.09 px
Patch (3, 3): 13 / 25, X range = [1484, 2226), Y range = [1534, 2300), Center = (1854, 1916)
 Iteration 1: RMSD = 0.76 px
 Iteration 2: RMSD = 0.09 px
Patch (3, 4): 14 / 25, X range = [2226, 2968), Y range = [1534, 2300), Center = (2596, 1916)
 Iteration 1: RMSD = 0.82 px
 Iteration 2: RMSD = 0.06 px
Patch (3, 5): 15 / 25, X range = [2968, 3710), Y range = [1534, 2300), Center = (3338, 1916)
 Iteration 1: RMSD = 1.11 px
 Iteration 2: RMSD = 0.04 px
Patch (4, 1): 16 / 25, X range = [0, 742), Y range = [2301, 3067), Center = (370, 2683)
 Iteration 1: RMSD = 1.38 px
 Iteration 2: RMSD = 0.18 px
Patch (4, 2): 17 / 25, X range = [742, 1484), Y range = [2301, 3067), Center = (1112, 2683)
 Iteration 1: RMSD = 2.14 px
 Iteration 2: RMSD = 0.10 px
Patch (4, 3): 18 / 25, X range = [1484, 2226), Y range = [2301, 3067), Center = (1854, 2683)
 Iteration 1: RMSD = 1.40 px
 Iteration 2: RMSD = 0.09 px
Patch (4, 4): 19 / 25, X range = [2226, 2968), Y range = [2301, 3067), Center = (2596, 2683)
 Iteration 1: RMSD = 1.01 px
 Iteration 2: RMSD = 0.09 px
Patch (4, 5): 20 / 25, X range = [2968, 3710), Y range = [2301, 3067), Center = (3338, 2683)
 Iteration 1: RMSD = 0.76 px
 Iteration 2: RMSD = 0.08 px
Patch (5, 1): 21 / 25, X range = [0, 742), Y range = [3068, 3834), Center = (370, 3450)
 Iteration 1: RMSD = 1.96 px
 Iteration 2: RMSD = 0.13 px
Patch (5, 2): 22 / 25, X range = [742, 1484), Y range = [3068, 3834), Center = (1112, 3450)
 Iteration 1: RMSD = 2.35 px
 Iteration 2: RMSD = 0.09 px
Patch (5, 3): 23 / 25, X range = [1484, 2226), Y range = [3068, 3834), Center = (1854, 3450)
 Iteration 1: RMSD = 0.96 px
 Iteration 2: RMSD = 0.06 px
Patch (5, 4): 24 / 25, X range = [2226, 2968), Y range = [3068, 3834), Center = (2596, 3450)
 Iteration 1: RMSD = 1.88 px
 Iteration 2: RMSD = 0.09 px
Patch (5, 5): 25 / 25, X range = [2968, 3710), Y range = [3068, 3834), Center = (3338, 3450)
 Iteration 1: RMSD = 1.59 px
 Iteration 2: RMSD = 0.11 px

Polynomial fit RMSD: X = 0.92 px Y = 0.78 px
Pre-exposure: = 0.00
Summing frames after dose weighting: ........................ done
Written aligned and dose-weighted sum to /home/alex/MotionCorr-issue36-diagnostics-build/validation/release_00021_cuda/output/Movies/20170629_00021_frameImage.mrc
Full movie wall time: 106.739 s
