Working on Movies/20170629_00021_frameImage.tiff with 1 thread(s).

Movie size: X = 3710 Y = 3838 N = 24
Frames to be used: 1 2 3 4 5 6 7 8 9 10 11 12 13 14 15 16 17 18 19 20 21 22 23 24
Frame grouping: n_frames = 24, requested group size = 1
 | 1 | 2 | 3 | 4 | 5 | 6 | 7 | 8 | 9 | 10 | 11 | 12 | 13 | 14 | 15 | 16 | 17 | 18 | 19 | 20 | 21 | 22 | 23 | 24 | 
interpolate_shifts = 0

In unaligned sum, Mean = 22.9369 Std = 4.88806 Hotpixel threshold = 52.2653
Detected 67 hot pixels to be corrected.
Fixed hot pixels.

Global alignment:
 Iteration 1: RMSD = 10.2054 px
 Iteration 2: RMSD = 0.486604 px

Local alignments:
Patches: X = 5 Y = 5
Patch (1, 1): 1 / 25, X range = [0, 742), Y range = [0, 766), Center = (370, 382)
 Iteration 1: RMSD = 1.5366 px
 Iteration 2: RMSD = 0.0748785 px
Patch (1, 2): 2 / 25, X range = [742, 1484), Y range = [0, 766), Center = (1112, 382)
 Iteration 1: RMSD = 1.20764 px
 Iteration 2: RMSD = 0.0847405 px
Patch (1, 3): 3 / 25, X range = [1484, 2226), Y range = [0, 766), Center = (1854, 382)
 Iteration 1: RMSD = 0.926944 px
 Iteration 2: RMSD = 0.112536 px
Patch (1, 4): 4 / 25, X range = [2226, 2968), Y range = [0, 766), Center = (2596, 382)
 Iteration 1: RMSD = 0.793857 px
 Iteration 2: RMSD = 0.0941865 px
Patch (1, 5): 5 / 25, X range = [2968, 3710), Y range = [0, 766), Center = (3338, 382)
 Iteration 1: RMSD = 5.08202 px
 Iteration 2: RMSD = 0.352217 px
Patch (2, 1): 6 / 25, X range = [0, 742), Y range = [767, 1533), Center = (370, 1149)
 Iteration 1: RMSD = 1.38337 px
 Iteration 2: RMSD = 0.0754536 px
Patch (2, 2): 7 / 25, X range = [742, 1484), Y range = [767, 1533), Center = (1112, 1149)
 Iteration 1: RMSD = 1.08412 px
 Iteration 2: RMSD = 0.0962742 px
Patch (2, 3): 8 / 25, X range = [1484, 2226), Y range = [767, 1533), Center = (1854, 1149)
 Iteration 1: RMSD = 1.23586 px
 Iteration 2: RMSD = 0.10169 px
Patch (2, 4): 9 / 25, X range = [2226, 2968), Y range = [767, 1533), Center = (2596, 1149)
 Iteration 1: RMSD = 0.941356 px
 Iteration 2: RMSD = 0.0800116 px
Patch (2, 5): 10 / 25, X range = [2968, 3710), Y range = [767, 1533), Center = (3338, 1149)
 Iteration 1: RMSD = 1.24439 px
 Iteration 2: RMSD = 0.0869705 px
Patch (3, 1): 11 / 25, X range = [0, 742), Y range = [1534, 2300), Center = (370, 1916)
 Iteration 1: RMSD = 1.70983 px
 Iteration 2: RMSD = 0.0926158 px
Patch (3, 2): 12 / 25, X range = [742, 1484), Y range = [1534, 2300), Center = (1112, 1916)
 Iteration 1: RMSD = 0.667291 px
 Iteration 2: RMSD = 0.090663 px
Patch (3, 3): 13 / 25, X range = [1484, 2226), Y range = [1534, 2300), Center = (1854, 1916)
 Iteration 1: RMSD = 0.755977 px
 Iteration 2: RMSD = 0.088124 px
Patch (3, 4): 14 / 25, X range = [2226, 2968), Y range = [1534, 2300), Center = (2596, 1916)
 Iteration 1: RMSD = 0.824236 px
 Iteration 2: RMSD = 0.0579524 px
Patch (3, 5): 15 / 25, X range = [2968, 3710), Y range = [1534, 2300), Center = (3338, 1916)
 Iteration 1: RMSD = 1.11339 px
 Iteration 2: RMSD = 0.0431972 px
Patch (4, 1): 16 / 25, X range = [0, 742), Y range = [2301, 3067), Center = (370, 2683)
 Iteration 1: RMSD = 1.37721 px
 Iteration 2: RMSD = 0.182258 px
Patch (4, 2): 17 / 25, X range = [742, 1484), Y range = [2301, 3067), Center = (1112, 2683)
 Iteration 1: RMSD = 2.14319 px
 Iteration 2: RMSD = 0.0964242 px
Patch (4, 3): 18 / 25, X range = [1484, 2226), Y range = [2301, 3067), Center = (1854, 2683)
 Iteration 1: RMSD = 1.40136 px
 Iteration 2: RMSD = 0.0868999 px
Patch (4, 4): 19 / 25, X range = [2226, 2968), Y range = [2301, 3067), Center = (2596, 2683)
 Iteration 1: RMSD = 1.00966 px
 Iteration 2: RMSD = 0.0918772 px
Patch (4, 5): 20 / 25, X range = [2968, 3710), Y range = [2301, 3067), Center = (3338, 2683)
 Iteration 1: RMSD = 0.763763 px
 Iteration 2: RMSD = 0.080434 px
Patch (5, 1): 21 / 25, X range = [0, 742), Y range = [3068, 3834), Center = (370, 3450)
 Iteration 1: RMSD = 1.95779 px
 Iteration 2: RMSD = 0.131033 px
Patch (5, 2): 22 / 25, X range = [742, 1484), Y range = [3068, 3834), Center = (1112, 3450)
 Iteration 1: RMSD = 2.34797 px
 Iteration 2: RMSD = 0.0920653 px
Patch (5, 3): 23 / 25, X range = [1484, 2226), Y range = [3068, 3834), Center = (1854, 3450)
 Iteration 1: RMSD = 0.956817 px
 Iteration 2: RMSD = 0.0606925 px
Patch (5, 4): 24 / 25, X range = [2226, 2968), Y range = [3068, 3834), Center = (2596, 3450)
 Iteration 1: RMSD = 1.87818 px
 Iteration 2: RMSD = 0.0933905 px
Patch (5, 5): 25 / 25, X range = [2968, 3710), Y range = [3068, 3834), Center = (3338, 3450)
 Iteration 1: RMSD = 1.58936 px
 Iteration 2: RMSD = 0.107394 px

Polynomial fit RMSD: X = 0.91536 px Y = 0.7815 px
Pre-exposure: = 0
Summing frames after dose weighting: ........................ done
Written aligned and dose-weighted sum to /home/alex/MotionCorr-issue36-diagnostics-build/validation/release_00021_cpu/output/Movies/20170629_00021_frameImage.mrc
Full movie wall time: 104.198 s
