### MPS CAMPAIGN ###
2026-10-01T00:08:35+00:00

---- TIMING: 5 interleaved reps, MPS off then on ----
MPSARM mps=off gpu=2 rep=1 rc=0 wall=7.468 verdict=PASS mrc=24
MPSARM mps=off gpu=4 rep=1 rc=0 wall=5.207 verdict=PASS mrc=24
MPSARM mps=off gpu=1 rep=1 rc=0 wall=13.121 verdict=PASS mrc=24
MPSARM mps=off gpu=4 rep=2 rc=0 wall=5.258 verdict=PASS mrc=24
MPSARM mps=off gpu=1 rep=2 rc=0 wall=12.890 verdict=PASS mrc=24
MPSARM mps=off gpu=2 rep=2 rc=0 wall=7.361 verdict=PASS mrc=24
MPSARM mps=off gpu=1 rep=3 rc=0 wall=13.094 verdict=PASS mrc=24
MPSARM mps=off gpu=2 rep=3 rc=0 wall=7.401 verdict=PASS mrc=24
MPSARM mps=off gpu=4 rep=3 rc=0 wall=5.483 verdict=PASS mrc=24
MPSARM mps=off gpu=2 rep=4 rc=0 wall=7.422 verdict=PASS mrc=24
MPSARM mps=off gpu=4 rep=4 rc=0 wall=5.531 verdict=PASS mrc=24
MPSARM mps=off gpu=1 rep=4 rc=0 wall=12.814 verdict=PASS mrc=24
MPSARM mps=off gpu=4 rep=5 rc=0 wall=5.218 verdict=PASS mrc=24
MPSARM mps=off gpu=1 rep=5 rc=0 wall=12.965 verdict=PASS mrc=24
MPSARM mps=off gpu=2 rep=5 rc=0 wall=7.322 verdict=PASS mrc=24
MPSARM mps=on gpu=2 rep=1 rc=0 wall=7.312 verdict=PASS mrc=24
MPSARM mps=on gpu=4 rep=1 rc=0 wall=4.746 verdict=PASS mrc=24
MPSARM mps=on gpu=1 rep=1 rc=0 wall=12.983 verdict=PASS mrc=24
MPSARM mps=on gpu=4 rep=2 rc=0 wall=4.821 verdict=PASS mrc=24
MPSARM mps=on gpu=1 rep=2 rc=0 wall=12.789 verdict=PASS mrc=24
MPSARM mps=on gpu=2 rep=2 rc=0 wall=7.211 verdict=PASS mrc=24
MPSARM mps=on gpu=1 rep=3 rc=0 wall=12.914 verdict=PASS mrc=24
MPSARM mps=on gpu=2 rep=3 rc=0 wall=7.296 verdict=PASS mrc=24
MPSARM mps=on gpu=4 rep=3 rc=0 wall=4.903 verdict=PASS mrc=24
MPSARM mps=on gpu=2 rep=4 rc=0 wall=7.499 verdict=PASS mrc=24
MPSARM mps=on gpu=4 rep=4 rc=0 wall=4.858 verdict=PASS mrc=24
MPSARM mps=on gpu=1 rep=4 rc=0 wall=12.817 verdict=PASS mrc=24
MPSARM mps=on gpu=4 rep=5 rc=0 wall=4.888 verdict=PASS mrc=24
MPSARM mps=on gpu=1 rep=5 rc=0 wall=12.959 verdict=PASS mrc=24
MPSARM mps=on gpu=2 rep=5 rc=0 wall=7.206 verdict=PASS mrc=24
/tmp/mps_campaign.sh: line 56: syntax error near unexpected token `)'
/tmp/mps_campaign.sh: line 56: `.%N)'
