[faultinject] cudaGetDeviceCount #1
Using CUDA acceleration on GPU device 0 for global alignment.
 Using our own implementation based on MOTIONCOR2 algorithm
 to correct beam-induced motion for the following micrographs: 
  * /home/alex/MotionCorr-standalone/relion30_tutorial/Movies/20170629_00021_frameImage.tiff
 Correcting beam-induced motions using our own implementation ...
000/??? sec ~~(,_,">                                                          [oo][faultinject] cudaGetDeviceCount #2
[faultinject] INJECTING cudaErrorIllegalAddress at cudaGetDeviceCount #2; last-error clean
in: /home/alex/mc118-preprocess-20260929T1311/source/src/motioncorr_runner.cpp, line 1575
ERROR: 
CUDA device became unusable during session initialization for /home/alex/MotionCorr-standalone/relion30_tutorial/Movies/20170629_00021_frameImage.tiff: an illegal memory access was encountered (recorded at initialize:314). First failure at initialize:314. Refusing CPU fallback after a fatal device error.
=== Backtrace  ===
/home/alex/mc118-preprocess-20260929T1311/build/motioncorr_faultinject(_ZN11RelionErrorC2ERKNSt7__cxx1112basic_stringIcSt11char_traitsIcESaIcEEES7_l+0x77) [0x5af158174417]
/home/alex/mc118-preprocess-20260929T1311/build/motioncorr_faultinject(+0x3fe57) [0x5af15813ce57]
/home/alex/mc118-preprocess-20260929T1311/build/motioncorr_faultinject(_ZN16MotioncorrRunner26executeOwnMotionCorrectionER10Micrographi+0x673c) [0x5af1582248ac]
/home/alex/mc118-preprocess-20260929T1311/build/motioncorr_faultinject(_ZN16MotioncorrRunner3runEv+0x210) [0x5af158229350]
/home/alex/mc118-preprocess-20260929T1311/build/motioncorr_faultinject(main+0x53) [0x5af158169683]
/lib/x86_64-linux-gnu/libc.so.6(+0x2a1ca) [0x7e3da442a1ca]
/lib/x86_64-linux-gnu/libc.so.6(__libc_start_main+0x8b) [0x7e3da442a28b]
/home/alex/mc118-preprocess-20260929T1311/build/motioncorr_faultinject(_start+0x25) [0x5af158169d65]
==================
ERROR: 
CUDA device became unusable during session initialization for /home/alex/MotionCorr-standalone/relion30_tutorial/Movies/20170629_00021_frameImage.tiff: an illegal memory access was encountered (recorded at initialize:314). First failure at initialize:314. Refusing CPU fallback after a fatal device error.
Continuing with the remaining movies.
   1/   1 sec ............................................................~~(,_,"> yum!
in: /home/alex/mc118-preprocess-20260929T1311/source/src/motioncorr_runner.cpp, line 700
ERROR: 
Motion correction failed for 1 movie(s): /home/alex/MotionCorr-standalone/relion30_tutorial/Movies/20170629_00021_frameImage.tiff. Successful per-movie outputs were retained; joint output was not generated.
=== Backtrace  ===
/home/alex/mc118-preprocess-20260929T1311/build/motioncorr_faultinject(_ZN11RelionErrorC2ERKNSt7__cxx1112basic_stringIcSt11char_traitsIcESaIcEEES7_l+0x77) [0x5af158174417]
/home/alex/mc118-preprocess-20260929T1311/build/motioncorr_faultinject(+0x4dc97) [0x5af15814ac97]
/home/alex/mc118-preprocess-20260929T1311/build/motioncorr_faultinject(main+0x53) [0x5af158169683]
/lib/x86_64-linux-gnu/libc.so.6(+0x2a1ca) [0x7e3da442a1ca]
/lib/x86_64-linux-gnu/libc.so.6(__libc_start_main+0x8b) [0x7e3da442a28b]
/home/alex/mc118-preprocess-20260929T1311/build/motioncorr_faultinject(_start+0x25) [0x5af158169d65]
==================
ERROR: 
Motion correction failed for 1 movie(s): /home/alex/MotionCorr-standalone/relion30_tutorial/Movies/20170629_00021_frameImage.tiff. Successful per-movie outputs were retained; joint output was not generated.
[faultinject] remaining-owned=0 stale-releases=0
