START 2026-09-28T01:11:52+00:00 host=4-gpu-vm
pid 1170521's current affinity list: 96-103
Cuda compilation tools, release 12.8, V12.8.61
Build cuda_12.8.r12.8/compiler.35404655_0
0, GPU-eddb42fe-4f9a-adde-76d3-b924e14add54, NVIDIA A100 80GB PCIe
1, GPU-cd5b9f86-26e6-0a03-bdd2-effcfa0fe42d, NVIDIA A100 80GB PCIe
2, GPU-063e5232-7fc5-f1e6-7a0d-260577c4e598, NVIDIA A100 80GB PCIe
3, GPU-b2cb2c39-8524-17fb-73a8-80cd61dbf83d, NVIDIA A100 80GB PCIe
configure=0
CXX_FLAGS = -O3 -DNDEBUG -std=gnu++17 -fopenmp
build=0
(no warnings in changed files)
--- all build warnings, pre-existing ---
5
/home/alex/MotionCorr-i69/build/cuda_error_class
/home/alex/MotionCorr-i69/build/cuda_fault_matrix
/home/alex/MotionCorr-i69/build/cuda_wrapper_upload_failure
/home/alex/MotionCorr-i69/build/motioncorr
/home/alex/MotionCorr-i69/build/patch_retry_state
14
DONE 2026-09-28T01:12:35+00:00

=== all build warnings, all pre-existing ===
79:/home/alex/MotionCorr-i69/src/memory.h:74:13: warning: ‘void free(void*)’ called on pointer ‘xt’ with nonzero offset 8 [-Wfree-nonheap-object]
88:/home/alex/MotionCorr-i69/src/memory.h:74:13: warning: ‘void free(void*)’ called on pointer ‘xit’ with nonzero offset 8 [-Wfree-nonheap-object]
97:/home/alex/MotionCorr-i69/src/memory.h:74:13: warning: ‘void free(void*)’ called on pointer ‘ptt’ with nonzero offset 8 [-Wfree-nonheap-object]
106:/home/alex/MotionCorr-i69/src/memory.h:74:13: warning: ‘void free(void*)’ called on pointer ‘pt’ with nonzero offset 8 [-Wfree-nonheap-object]
121:/home/alex/MotionCorr-i69/src/time.cpp:191:20: warning: format not a string literal and no format arguments [-Wformat-security]
