=== provenance ===
4-gpu-vm
pid 1171727's current affinity list: 96-103
/user.slice
Cuda compilation tools, release 12.8, V12.8.61
Build cuda_12.8.r12.8/compiler.35404655_0
CXX_FLAGS = -O3 -DNDEBUG -std=gnu++17 -fopenmp
0, GPU-eddb42fe-4f9a-adde-76d3-b924e14add54, NVIDIA A100 80GB PCIe
1, GPU-cd5b9f86-26e6-0a03-bdd2-effcfa0fe42d, NVIDIA A100 80GB PCIe
2, GPU-063e5232-7fc5-f1e6-7a0d-260577c4e598, NVIDIA A100 80GB PCIe
3, GPU-b2cb2c39-8524-17fb-73a8-80cd61dbf83d, NVIDIA A100 80GB PCIe
NOTE: compile and read-only disassembly only. Nothing was executed on a device.

=== device-free classifier unit test (creates no CUDA context) ===
21 cases (13 poisoning, 8 recoverable), 0 failures  [CUDART_VERSION 12080]
PASS classifier separates poisoned-context codes from recoverable ones.
     This covers the predicate only; no real poisoned context is
     synthesised anywhere in this suite.
exit=0

=== relocation-level interposition check ===
disassembled /home/alex/MotionCorr-i69/build/cuda_fault_matrix -> 142158 lines
cudaAlignPatchDevice  (the F1 site):
  in cudaAlignPatchDevice(float2*, int, int, int, double, std::vector<double, std::allocator<double> >&, std::vector<double, std::allocator<double> >&, int, double, int, std::ostream&, bool)
       8 x __wrap_cudaEventCreate
       1 x __wrap_cudaEventDestroy
       1 x __wrap_cudaFree
       8 x __wrap_cudaMalloc
       4 x __wrap_cudaMemcpy
       1 x __wrap_cufftDestroy
       1 x __wrap_cufftExecC2R
       1 x __wrap_cufftPlanMany
  in cudaAlignPatchDevice(float2*, int, int, int, double, std::vector<double, std::allocator<double> >&, std::vector<double, std::allocator<double> >&, int, double, int, std::ostream&, bool) [clone .cold]
       1 x __wrap_cudaEventDestroy
       1 x __wrap_cufftDestroy

cudaAlignPatch  (the F2 wrapper):
  in cudaAlignPatch(std::vector<MultidimArray<tComplex<float> >, std::allocator<MultidimArray<tComplex<float> > > >&, int, int, double, std::vector<double, std::allocator<double> >&, std::vector<double, std::allocator<double> >&, int, double, int, std::ostream&, bool)
       1 x __wrap_cudaFree
       1 x __wrap_cudaMalloc
       2 x __wrap_cudaMemcpy

CudaMovieSession::preparePatchInVram  (the F3 site):
  in CudaMovieSession::preparePatchInVram(int, int, int, int, int, int const*, int const*, float2*)
       4 x __wrap_cudaFree
       3 x __wrap_cudaMalloc
       2 x __wrap_cudaMemcpy
       1 x __wrap_cufftDestroy
       1 x __wrap_cufftExecR2C
       1 x __wrap_cufftPlanMany

motioncorr_core call sites routed through __wrap_*: 179
motioncorr_core call sites still reaching a bare interposed symbol
  (direct call/jmp to a @plt entry) -- must be 0: 0

negative control -- same filter with the test-own exemption removed, must be >0: 14
  __wrap_cudaDeviceSynchronize       1 x cudaDeviceSynchronize@plt  (__real_ forward)
  __wrap_cudaEventCreate             1 x cudaEventCreate@plt  (__real_ forward)
  __wrap_cudaEventDestroy            1 x cudaEventDestroy@plt  (__real_ forward)
  __wrap_cudaFree                    1 x cudaFree@plt  (__real_ forward)
  __wrap_cudaMalloc                  1 x cudaMalloc@plt  (__real_ forward)
  __wrap_cudaMemcpy                  1 x cudaMemcpy@plt  (__real_ forward)
  __wrap_cudaMemset                  1 x cudaMemset@plt  (__real_ forward)
  __wrap_cufftCreate                 1 x cufftCreate@plt  (__real_ forward)
  __wrap_cufftDestroy                1 x cufftDestroy@plt  (__real_ forward)
  __wrap_cufftExecC2R                1 x cufftExecC2R@plt  (__real_ forward)
  __wrap_cufftExecR2C                1 x cufftExecR2C@plt  (__real_ forward)
  __wrap_cufftMakePlanMany           1 x cufftMakePlanMany@plt  (__real_ forward)
  __wrap_cufftPlanMany               1 x cufftPlanMany@plt  (__real_ forward)
  __wrap_cufftSetWorkArea            1 x cufftSetWorkArea@plt  (__real_ forward)

PASS interposition reaches every matched production call site, and the check demonstrably can fail
exit=0

=== hashes ===
b972a06c8482a7e08a814bfa193256bd59ee954b3f8c56e3fe262c1700381fab  /home/alex/MotionCorr-i69/build/motioncorr
dbd3fa034b0b5621ac9476593c931548dbde9f79cff3cea06a1b0015c9d119e0  /home/alex/MotionCorr-i69/build/cuda_fault_matrix
b845beb0d7ebb69d635ce20a7642f2311445acb0f601ea958d3239ac3fd13cea  /home/alex/MotionCorr-i69/build/cuda_error_class
00d3b2504f608ebc9f394287ea825232dead436a4d6119437e1251553d73171d  src/acc/cuda/cuda_alignpatch.cu
718eb848d377b7776d4da67d71b8ad7c09360e94518dc44c95e4e7e70c2af50c  src/acc/cuda/cuda_movie_session.cu
6eb6aa5178dfad3a0208e3ce29687f8258f30eb07a118e462728a32c79025349  src/acc/cuda/cuda_error_class.h
10e65c1100cfa61f1417d91482bc9f70ee168a1e037198e6c0c8293c66363f77  src/motioncorr_runner.cpp
0a22d17792926db69be74ae0dc166d8ad35a72796c525dbd599eba556b8ca6bc  src/motioncorr_runner.h
3a42ca39015f642b93bd5d7b21203e6072b53f4470383513d77b2d44f3cf8b69  tests/cuda_fault_matrix.cpp
8de83f94a781d3d11253bf840e2572bab72be7dc0f2aba50280896847f10792f  tests/cuda_error_class.cpp
0a0fdf80d3ef31b067a0d8e0c771f1c342c5c3ca0dae0526592b5dca9e604637  tests/test_patch_retry_state.cpp
8838d94a1295bc96df12aeeb6dcde6bffbc324c86daae40b5c478473d20dfd99  CMakeLists.txt
