=== provenance ===
2026-09-28T09:01:27+01:00
gn3000.scarf.rl.ac.uk
7ba584eaf5eae28661d80880fdf220c130c235dc
?? evidence-native/
?? i83-native.sbatch
?? slurm-3511139.out
index, name, uuid, driver_version, memory.total [MiB]
0, NVIDIA A100-SXM4-40GB, GPU-c6c43d6a-aa2e-af46-022c-aa4a4735638d, 580.178.04, 40960 MiB
1, NVIDIA A100-SXM4-40GB, GPU-2e1b6776-2dce-cad6-5e4c-9d0d58849616, 580.178.04, 40960 MiB
2, NVIDIA A100-SXM4-40GB, GPU-69bdbeb9-d502-8487-0f78-98e7d4b6c73a, 580.178.04, 40960 MiB
3, NVIDIA A100-SXM4-40GB, GPU-0ade54fe-adbf-ca88-2135-90cbf33b2cbb, 580.178.04, 40960 MiB
CUDA_VISIBLE_DEVICES=0,1,2,3
SLURM_JOB_ID=3511139 SLURM_JOB_NODELIST=gn3000
Cpus_allowed_list:	0-63
Mems_allowed_list:	0-7
 09:01:28 up 17 days,  9:00,  0 users,  load average: 3.06, 2.47, 2.75
8
available: 8 nodes (0-7)
node 0 cpus: 0 1 2 3 32 33 34 35
node 0 size: 31549 MB
node 0 free: 1332 MB
node 1 cpus: 4 5 6 7 36 37 38 39
=== build (CUDA Release sm80, 8 jobs) ===
0c5246675175ba4dc52e1c95a99046711a5d67e8e1eb1d829c33fb09e4335b0e  build-cuda/motioncorr
=== fixtures (NumPy 2.x toolchain) ===
generator python: /usr/bin/python3
numpy 1.22.4
=== (a) verify_fixtures against the committed manifest ===
MISMATCH  km_global_hisnr
          MISMATCH  movie
                    expected f9da46682b8466c70c6d8814ca944ae073f8fd4f20d040efc490963f648ad990
                    observed 4e8666c13b4b845972becc7167ad2c8905fca69bcf4f07aeefa052bff1e56012
          MISMATCH  ground_truth
                    expected ce4a8df71201c933e340b458ea4a81adeae45a787181e88aea86303a5493b2a3
                    observed 32ae3dc6c343d6910fb00ac8e27968dbeeeb69b8fea5d4a92a53509599c088cb
                    drifted: /movie_sha256
MISMATCH  km_local_hisnr
          MISMATCH  movie
                    expected 2ae3c87938545aafae71e3e51d7f9040e8f3de6e1cd8a1f14e1c27980272d092
                    observed 3c5081f2b90534e486b2933cd836b34ee785f54306d1474063ec58f0348c1011
          MISMATCH  ground_truth
                    expected e76efb9e009aa89cead2620db99a945e59c17a70550e8ddb83543d9b78e0174c
                    observed 3c002caf9aa39642776d706f475af3b44eef3d7413829749a86b49edc15d8d93
                    drifted: /movie_sha256
MISMATCH  km_local_noisy
          MISMATCH  movie
                    expected 98930a070a9da7b172c940a2e6bcf95044dcd2070f4637dba2e8b3635ac6a668
                    observed 1d2b594624ff28095447ee7f8b140aa3f5ea85683fbdac39bdf02f5a5e7bd994
          MISMATCH  ground_truth
                    expected bd4cf8ebe1dfbb6ba41aab47bc5a77230f50b45f9dd04d53af71933f4a70c4c7
                    observed b05989a0a19dedd1b8880816ec7147837664cf3ef6c00c07c408c8251c9ac22c
                    drifted: /movie_sha256
MISMATCH  km_local_nonsquare
          MISMATCH  movie
                    expected 9ef410b8cf70bfafddd1659bfc3fae5c17ef802ea57d301f93434f1f89a598d8
                    observed 96ab30c1c73f746ba869ee635de2993737c98166e4702d8f849279874bf21d8e
          MISMATCH  ground_truth
                    expected 88d04b9dc4ee99e3764fc6d7c286c2a4e3ad17c1da84ba6e78e46e8139f50f59
                    observed 569c6fce7e3503095cfce2cd4ffcb86c84c7bb52a6db7226d7a63349a05465c4
                    drifted: /movie_sha256
MISMATCH  km_local_realscale
          MISMATCH  movie
                    expected 886b277be567e8ae310f3ec3b7bca95cb4e1776a71217e862e9abe0ef162abf7
                    observed 67c29274ceb9b7a1d47f24ceb4667240ace0c1899865373a318316cead4182ef
          MISMATCH  ground_truth
                    expected 3482147587e020ccaf36e8274d939cce87a9a7fb4f58d8f3aea5fc979491d242
                    observed 1cd7b5c122fee02e8c45d1fe6ffc73cf0ebea931e6abdd09d6dbb95eebd8d118
                    drifted: /movie_sha256
verifier numpy 1.22.4; manifest from HEAD (e07fdec235d38f152356b136fb7038394eb8c919)
NOT VERIFIED
--- verify_fixtures exit=1
=== (b) negative controls WITH real fixtures ===
  FAILED  ground_truth_mutation  -- positive control failed: unmodified fixtures did not verify, so a later NOT VERIFIED would not be attributable to the mutation
    pass  ps_wrong_dimension
    pass  resume_native_witness
    pass  witness_is_consumed
    pass  report_renders_witness
    pass  partial_schedules
    pass  input_hashes
    pass  cross_row_consumed
    pass  provenance_allowance
    pass  truth_provenance
{
  "pass": 9,
  "skipped": 0,
  "failed": 1
}
--- negative_controls exit=1
=== (c) motion truth gates (separate verdict, existing tool) ===
--- truth exit=0
=== (d) declared matrix, native CUDA on device 0 ===
--- run_matrix exit=0
[issue83] defect_detect: pass
[issue83] defect_file ...
[issue83] defect_file: pass
[issue83] dose_off ...
[issue83] dose_off: pass
[issue83] dose_on ...
[issue83] dose_on: pass
[issue83] dose_on_savenoDW ...
[issue83] dose_on_savenoDW: pass
[issue83] dose_on_preexposure ...
[issue83] dose_on_preexposure: pass
[issue83] evenodd ...
[issue83] evenodd: pass
[issue83] evenodd_dose_noDW ...
[issue83] evenodd_dose_noDW: pass
[issue83] frames_subset ...
[issue83] frames_subset: pass
[issue83] group_frames_2 ...
[issue83] group_frames_2: pass
[issue83] group_frames_invalid ...
[issue83] group_frames_invalid: pass
[issue83] threads_invalid ...
[issue83] threads_invalid: pass
[issue83] bin1 ...
[issue83] bin1: pass
[issue83] early_bin2 ...
[issue83] early_bin2: pass
[issue83] late_bin2 ...
[issue83] late_bin2: pass
[issue83] power_spectrum ...
[issue83] power_spectrum: pass
[issue83] realscale_local ...
[issue83] realscale_local: pass
{
  "declared": 25,
  "attempted": 25,
  "pass": 25,
  "fail": 0,
  "error": 0
}
=== (e) all-24 tutorial schedules, native CUDA on device 0 ===
--- run_all24 exit=0
{
  "all24_equal": true,
  "partial_screen": false,
  "schedules_passed": [
    "batch",
    "repeat",
    "resume"
  ],
  "missing_required_schedules": [],
  "errors": []
}
--- recorder exit=0
=== (f) report ===
wrote /work4/scd/scarf1415/motioncorr/mc-i83b/evidence-native/support-report.md
--- report exit=0
2026-09-28T09:14:38+01:00
=== DONE ===
