
=== synthetic 128x128 8f, 3x3 patches -- DEFAULT-OFF EXACTNESS CONTROL: syn-base-off vs syn-fixed-off   [expect EQUAL] ===
  EQUAL   corrected_micrographs.star: STAR identical ignoring path lines (23 value lines)
  EQUAL   synthetic_128x128_8frames.mrc: pixel payload IDENTICAL (65536 bytes, mode 2)
  EQUAL   synthetic_128x128_8frames.star: STAR byte-identical (164 lines)
  --> EQUAL (as expected)

=== synthetic 128x128 8f, 3x3 patches -- INTENTIONAL OPTION-ON BUGFIX CHANGE: syn-base-on vs syn-fixed-on   [expect DIFFERENT] ===
  EQUAL   corrected_micrographs.star: STAR identical ignoring path lines (23 value lines)
  DIFFER  synthetic_128x128_8frames.mrc: pixel payload DIFFERS: 16243/16384 px (99.139%), max|d|=11.9294, mean|d|=0.25329, range=428.696, relmax=2.783e-02
  DIFFER  synthetic_128x128_8frames.star: STAR DIFFERS in 99/163 value lines. e.g. 0     0.030874 -> 0     0.024578 | 1     -0.00962 -> 1     -0.00796 | 2 4.998201e-04 -> 2 3.705826e-04 | 3     0.149213 -> 3     0.201560
  --> DIFFERENT (as expected)

=== synthetic 128x128 8f, 3x3 patches -- informational: two different modes, not a control: syn-fixed-off vs syn-fixed-on   [expect DIFFERENT] ===
  EQUAL   corrected_micrographs.star: STAR identical ignoring path lines (23 value lines)
  DIFFER  synthetic_128x128_8frames.mrc: pixel payload DIFFERS: 16199/16384 px (98.871%), max|d|=6.21082, mean|d|=0.0410583, range=428.202, relmax=1.450e-02
  DIFFER  synthetic_128x128_8frames.star: STAR DIFFERS in 108/163 value lines. e.g. 0     0.026903 -> 0     0.024578 | 1     -0.00893 -> 1     -0.00796 | 2 4.697862e-04 -> 2 3.705826e-04 | 3     0.187561 -> 3     0.201560
  --> DIFFERENT (as expected)

=== real movie 20170629_00026, 5x5 patches -- DEFAULT-OFF EXACTNESS CONTROL: mov-base-off vs mov-fixed-off   [expect EQUAL] ===
  EQUAL   20170629_00026_frameImage.mrc: pixel payload IDENTICAL (56955920 bytes, mode 2)
  EQUAL   20170629_00026_frameImage.star: STAR byte-identical (779 lines)
  EQUAL   corrected_micrographs.star: STAR identical ignoring path lines (23 value lines)
  --> EQUAL (as expected)

=== real movie 20170629_00026, 5x5 patches -- INTENTIONAL OPTION-ON BUGFIX CHANGE: mov-base-on vs mov-fixed-on   [expect DIFFERENT] ===
  DIFFER  20170629_00026_frameImage.mrc: pixel payload DIFFERS: 14236598/14238980 px (99.983%), max|d|=22.5567, mean|d|=1.32428, range=51.4246, relmax=4.386e-01
  DIFFER  20170629_00026_frameImage.star: STAR DIFFERS in 611/777 value lines. e.g. 0     0.136231 -> 0     0.187684 | 1     -0.00896 -> 1     -0.01334 | 2 2.462481e-04 -> 2 3.548301e-04 | 3     -0.74075 -> 3     -1.06312
  EQUAL   corrected_micrographs.star: STAR identical ignoring path lines (23 value lines)
  --> DIFFERENT (as expected)

=== real movie 20170629_00026, 5x5 patches -- informational: two different modes, not a control: mov-fixed-off vs mov-fixed-on   [expect DIFFERENT] ===
  DIFFER  20170629_00026_frameImage.mrc: pixel payload DIFFERS: 14230161/14238980 px (99.938%), max|d|=11.6251, mean|d|=0.11809, range=50.5046, relmax=2.302e-01
  DIFFER  20170629_00026_frameImage.star: STAR DIFFERS in 635/777 value lines. e.g. 0     0.187200 -> 0     0.187684 | 1     -0.01320 -> 1     -0.01334 | 2 3.486594e-04 -> 2 3.548301e-04 | 3     -1.05544 -> 3     -1.06312
  EQUAL   corrected_micrographs.star: STAR identical ignoring path lines (23 value lines)
  --> DIFFERENT (as expected)

================ SUMMARY ================
  syn: option-OFF base vs fixed        as expected
  syn: option-ON  base vs fixed        as expected
  mov: option-OFF base vs fixed        as expected
  mov: option-ON  base vs fixed        as expected

GATE: PASS
