############ START 2026-09-28T15:27:54+00:00 ############
[lock] waiting for the shared CPU validation lock ...
[lock] acquired after 0s at 2026-09-28T15:27:54+00:00
===== PROVENANCE =====
small-refmac-machine
 15:27:54 up 300 days,  5:25, 26 users,  load average: 3.17, 3.58, 3.28
--- full-machine run: Alex authorised all 64 cores for CPU work ---
--- topology ---
CPU(s):                               64
Model name:                           AMD EPYC 7763 64-Core Processor
Thread(s) per core:                   1
Core(s) per socket:                   32
Socket(s):                            2
NUMA node(s):                         2
NUMA node0 CPU(s):                    0-31
NUMA node1 CPU(s):                    32-63
available: 2 nodes (0-1)
node 0 cpus: 0 1 2 3 4 5 6 7 8 9 10 11 12 13 14 15 16 17 18 19 20 21 22 23 24 25 26 27 28 29 30 31
node 0 size: 115839 MB
node 0 free: 24742 MB
node 1 cpus: 32 33 34 35 36 37 38 39 40 41 42 43 44 45 46 47 48 49 50 51 52 53 54 55 56 57 58 59 60 61 62 63
node 1 size: 115862 MB
node 1 free: 31954 MB
node distances:
--- this shell's inherited affinity ---
Cpus_allowed_list:	0-63
--- memory policy ---
policy: default
nodebind: 0 1 
membind: 0 1 
NOTE: this run spans BOTH NUMA nodes. That is acceptable here because this is a
      bit-exactness A/B and NO timing claim is made from it.
--- interference at start ---
    PID USER     %CPU PSR COMMAND
1156942 ubuntu   99.9   1 ctffind
1635429 ubuntu   99.9  11 ctffind
3527719 ubuntu   99.7  48 tiff_reader_ben
3.17 3.58 3.28 4/7982 3528681

===== SOURCE STAGING (two separate trees) =====
[base] HEAD=8323c55faf1c4ddbe35dd36c5cd1266d48f25c38  dirty=0
7d458c27dc69adcc9b99162c756420092afeaa55b7f7221b92d60bec75948090  /home/ubuntu/mc-issue97-postmerge/src-base/src/motioncorr_runner.cpp
60547115ded0ce1445a925e47551924500f21bd2d20385046ec4136bb302b11e  /home/ubuntu/mc-issue97-postmerge/src-base/src/motioncorr_runner.h
[fixed] HEAD=95c0cfb86e967ed25bed3fdd7ea8e5cf882f5971  dirty=0
a1a071b8ac4bdbb0e01feed7c0f85f079987307a2e6700d803a3f0b7646b38d4  /home/ubuntu/mc-issue97-postmerge/src-fixed/src/motioncorr_runner.cpp
c2e3135e1f17788fbeac11224cae6d8c1fc90ecc60f83275905f84e73894d41d  /home/ubuntu/mc-issue97-postmerge/src-fixed/src/motioncorr_runner.h
--- production delta between the two trees (should be ONLY the issue-97 fix) ---
--- /home/ubuntu/mc-issue97-postmerge/src-base/src/motioncorr_runner.cpp	2026-09-28 15:27:58.355993643 +0000
+++ /home/ubuntu/mc-issue97-postmerge/src-fixed/src/motioncorr_runner.cpp	2026-09-28 15:28:06.462976553 +0000
@@ -2237,10 +2237,7 @@
 				interpolateShifts(group_start, group_size, local_xshifts, local_yshifts, n_frames, interpolated_xshifts, interpolated_yshifts);
 				if (interpolate_shifts) {
 					// Recenter to the first frame
-					for (int iframe = 0; iframe < n_frames; iframe++) {
-						interpolated_xshifts[iframe] -= interpolated_xshifts[0];
-						interpolated_yshifts[iframe] -= interpolated_yshifts[0];
-					}
+					recenterShiftsToFirstFrame(interpolated_xshifts, interpolated_yshifts);
 					// Store shifts
 					for (int iframe = 0; iframe < n_frames; iframe++) {
 						patch_xshifts.push_back(interpolated_xshifts[iframe]);
@@ -2646,6 +2643,23 @@
 	return true;
 }
 
+void MotioncorrRunner::recenterShiftsToFirstFrame(std::vector<RFLOAT> &xshifts, std::vector<RFLOAT> &yshifts) {
+	if (xshifts.size() != yshifts.size())
+		REPORT_ERROR("Assert failed for xshifts.size() == yshifts.size() in recenterShiftsToFirstFrame");
+	if (xshifts.empty()) return;
+
+	// Save the origin BEFORE mutating the arrays. Subtracting xshifts[0] in place while
+	// iterating upwards zeroes the origin on the very first iteration, so every later
+	// frame would subtract zero and keep its un-recentered absolute value.
+	const RFLOAT origin_x = xshifts[0];
+	const RFLOAT origin_y = yshifts[0];
+
+	for (size_t iframe = 0; iframe < xshifts.size(); iframe++) {
+		xshifts[iframe] -= origin_x;
+		yshifts[iframe] -= origin_y;
+	}
+}
+
 void MotioncorrRunner::interpolateShifts(std::vector<int> &group_start, std::vector<int> &group_size,
                                          std::vector<RFLOAT> &xshifts, std::vector<RFLOAT> &yshifts,
                                          int n_frames,
--- /home/ubuntu/mc-issue97-postmerge/src-base/src/motioncorr_runner.h	2026-09-28 15:27:58.355993643 +0000
+++ /home/ubuntu/mc-issue97-postmerge/src-fixed/src/motioncorr_runner.h	2026-09-28 15:28:06.462976553 +0000
@@ -250,6 +250,19 @@
 	// Check if fn_defect is Serial EM's defect file
 	static bool detectSerialEMDefectText(FileName fn_defect);
 
+	// Inter-/extrapolate per-group local shifts onto every frame.
+	// Pure function of its arguments (reads no member state), hence static; public
+	// so the motion-model arithmetic can be unit tested directly.
+	static void interpolateShifts(std::vector<int> &group_start, std::vector<int> &group_size,
+	                       std::vector<RFLOAT> &xshifts, std::vector<RFLOAT> &yshifts,
+	                       int n_frames,
+	                       std::vector<RFLOAT> &interpolated_xshifts, std::vector<RFLOAT> &interpolated_yshifts);
+
+	// Recenter per-frame shifts so that frame 0 becomes the origin.
+	// The first-frame offset MUST be saved before the in-place subtraction begins,
+	// otherwise iteration zero zeroes the origin that later iterations still need.
+	static void recenterShiftsToFirstFrame(std::vector<RFLOAT> &xshifts, std::vector<RFLOAT> &yshifts);
+
 private:
 	// shiftx, shifty is relative to the (real space) image size
 	void shiftNonSquareImageInFourierTransform(MultidimArray<fComplex> &frame, RFLOAT shiftx, RFLOAT shifty);
@@ -273,10 +286,6 @@
 
 	void realSpaceInterpolation_ThirdOrderPolynomial_withoutsum(std::vector<Image<float> > &Ialignedframes, std::vector<Image<float> > &Iframes, ThirdOrderPolynomialModel &model, std::ostream &logfile);
 
-	void interpolateShifts(std::vector<int> &group_start, std::vector<int> &group_size,
-	                       std::vector<RFLOAT> &xshifts, std::vector<RFLOAT> &yshifts,
-	                       int n_frames,
-	                       std::vector<RFLOAT> &interpolated_xshifts, std::vector<RFLOAT> &interpolated_yshifts);
 };
 
 

===== BUILD (Release, -j32) =====
[base] configure exit=0 (log: configure-base.log)
[base] build exit=0
CMAKE_BUILD_TYPE:STRING=Release
[base] binary: 4ebbfb913ac5c95476e29161406467115c45591297be9ff4007a5f044f4cbf7e  /home/ubuntu/mc-issue97-postmerge/build-base/motioncorr
[fixed] configure exit=0 (log: configure-fixed.log)
[fixed] build exit=0
CMAKE_BUILD_TYPE:STRING=Release
[fixed] binary: 77fe9206ab3c3ffbf822cff3217e4b9daef86b4a282e3a1683f1bb82d4dfd1bc  /home/ubuntu/mc-issue97-postmerge/build-fixed/motioncorr

===== UNIT SUITE =====
--- fixed tree: the issue-97 case ---
Test project /home/ubuntu/mc-issue97-postmerge/build-fixed
    Start 2: RunnerInterpolateRecenter
1/1 Test #2: RunnerInterpolateRecenter ........   Passed    0.00 sec

100% tests passed out of 1

Total Test time (real) =   0.01 sec
ctest exit=0
--- base tree: case must be absent ---

Total Tests: 0
--- full suite, fixed ---
18/19 Test #14: DamagedMovie .....................   Passed    4.95 sec
19/19 Test #18: CiFailClosedControls .............***Failed    9.72 sec

95% tests passed, 1 tests failed out of 19

Total Test time (real) =  10.52 sec

The following tests FAILED:
	 18 - CiFailClosedControls (Failed)
Errors while running CTest
Output from these tests are in: /home/ubuntu/mc-issue97-postmerge/build-fixed/Testing/Temporary/LastTest.log
Use "--rerun-failed --output-on-failure" to re-run the failed cases verbosely.
--- full suite, base ---
17/18 Test #13: DamagedMovie .....................   Passed    4.95 sec
18/18 Test #17: CiFailClosedControls .............***Failed    9.94 sec

94% tests passed, 1 tests failed out of 18

Total Test time (real) =  10.74 sec

The following tests FAILED:
	 17 - CiFailClosedControls (Failed)
Errors while running CTest
Output from these tests are in: /home/ubuntu/mc-issue97-postmerge/build-base/Testing/Temporary/LastTest.log
Use "--rerun-failed --output-on-failure" to re-run the failed cases verbosely.

===== INTEGRATION A/B vs the NEW base =====
f989391b9d0e3e3b927a8de59d60179ade0b7ae5075ce7c3a9a5002ae2254ae3  /home/ubuntu/mc-issue60/work/tutorial/Movies/20170629_00026_frameImage.tiff
8919cdc7bf0f481cdb3dd5bcb20d83c29e0263b2fcc78b212c74b33a81b1acd1  /home/ubuntu/mc-issue60/work/tutorial/Movies/gain.mrc
44f32752ebb62fc22428e95a1449e54e3a6952036285b805b96085f296ec5ed0  /home/ubuntu/mc-issue97-postmerge/src-fixed/test-data/fixtures/synthetic_128x128_8frames.mrcs

########## ARM syn-base-off ##########
$ /home/ubuntu/mc-issue97-postmerge/build-base/motioncorr --i /home/ubuntu/mc-issue97-postmerge/src-fixed/test-data/fixtures/synthetic_128x128_8frames.mrcs --use_own --j 32 --patch_x 3 --patch_y 3 --angpix 1 --voltage 300 --dose_per_frame 1
exit=0
interpolate_shifts = 0
Patches: X = 3 Y = 3
patch_blocks=9

########## ARM syn-base-on ##########
$ /home/ubuntu/mc-issue97-postmerge/build-base/motioncorr --i /home/ubuntu/mc-issue97-postmerge/src-fixed/test-data/fixtures/synthetic_128x128_8frames.mrcs --use_own --j 32 --patch_x 3 --patch_y 3 --angpix 1 --voltage 300 --dose_per_frame 1 --interpolate_shifts
exit=0
interpolate_shifts = 1
Patches: X = 3 Y = 3
patch_blocks=9

########## ARM mov-base-off ##########
$ /home/ubuntu/mc-issue97-postmerge/build-base/motioncorr --i /home/ubuntu/mc-issue60/work/tutorial/Movies/20170629_00026_frameImage.tiff --use_own --j 32 --patch_x 5 --patch_y 5 --angpix 0.885 --voltage 200 --dose_per_frame 1.277 --gainref /home/ubuntu/mc-issue60/work/tutorial/Movies/gain.mrc
exit=0
interpolate_shifts = 0
Patches: X = 5 Y = 5
patch_blocks=25

########## ARM mov-base-on ##########
$ /home/ubuntu/mc-issue97-postmerge/build-base/motioncorr --i /home/ubuntu/mc-issue60/work/tutorial/Movies/20170629_00026_frameImage.tiff --use_own --j 32 --patch_x 5 --patch_y 5 --angpix 0.885 --voltage 200 --dose_per_frame 1.277 --gainref /home/ubuntu/mc-issue60/work/tutorial/Movies/gain.mrc --interpolate_shifts
exit=0
interpolate_shifts = 1
Patches: X = 5 Y = 5
patch_blocks=25

########## ARM syn-fixed-off ##########
$ /home/ubuntu/mc-issue97-postmerge/build-fixed/motioncorr --i /home/ubuntu/mc-issue97-postmerge/src-fixed/test-data/fixtures/synthetic_128x128_8frames.mrcs --use_own --j 32 --patch_x 3 --patch_y 3 --angpix 1 --voltage 300 --dose_per_frame 1
exit=0
interpolate_shifts = 0
Patches: X = 3 Y = 3
patch_blocks=9

########## ARM syn-fixed-on ##########
$ /home/ubuntu/mc-issue97-postmerge/build-fixed/motioncorr --i /home/ubuntu/mc-issue97-postmerge/src-fixed/test-data/fixtures/synthetic_128x128_8frames.mrcs --use_own --j 32 --patch_x 3 --patch_y 3 --angpix 1 --voltage 300 --dose_per_frame 1 --interpolate_shifts
exit=0
interpolate_shifts = 1
Patches: X = 3 Y = 3
patch_blocks=9

########## ARM mov-fixed-off ##########
$ /home/ubuntu/mc-issue97-postmerge/build-fixed/motioncorr --i /home/ubuntu/mc-issue60/work/tutorial/Movies/20170629_00026_frameImage.tiff --use_own --j 32 --patch_x 5 --patch_y 5 --angpix 0.885 --voltage 200 --dose_per_frame 1.277 --gainref /home/ubuntu/mc-issue60/work/tutorial/Movies/gain.mrc
exit=0
interpolate_shifts = 0
Patches: X = 5 Y = 5
patch_blocks=25

########## ARM mov-fixed-on ##########
$ /home/ubuntu/mc-issue97-postmerge/build-fixed/motioncorr --i /home/ubuntu/mc-issue60/work/tutorial/Movies/20170629_00026_frameImage.tiff --use_own --j 32 --patch_x 5 --patch_y 5 --angpix 0.885 --voltage 200 --dose_per_frame 1.277 --gainref /home/ubuntu/mc-issue60/work/tutorial/Movies/gain.mrc --interpolate_shifts
exit=0
interpolate_shifts = 1
Patches: X = 5 Y = 5
patch_blocks=25

===== COMPARISON (corrected comparator: path tokens normalised) =====

=== synthetic 128x128 8f, 3x3 patches -- DEFAULT-OFF EXACTNESS CONTROL: syn-base-off vs syn-fixed-off   [expect EQUAL] ===
  EQUAL   corrected_micrographs.star: STAR identical after normalising path tokens (25 lines compared, values included)
  EQUAL   synthetic_128x128_8frames.mrc: pixel payload IDENTICAL (65536 bytes, mode 2)
  EQUAL   synthetic_128x128_8frames.star: STAR byte-identical (164 lines)
  --> EQUAL (as expected)

=== synthetic 128x128 8f, 3x3 patches -- INTENTIONAL OPTION-ON BUGFIX CHANGE: syn-base-on vs syn-fixed-on   [expect DIFFERENT] ===
  EQUAL   corrected_micrographs.star: STAR identical after normalising path tokens (25 lines compared, values included)
  DIFFER  synthetic_128x128_8frames.mrc: pixel payload DIFFERS: 16243/16384 px (99.139%), max|d|=11.9294, mean|d|=0.25329, range=428.696, relmax=2.783e-02
  DIFFER  synthetic_128x128_8frames.star: STAR DIFFERS in 99/164 compared lines. e.g. 0 0.030874 -> 0 0.024578 | 1 -0.00962 -> 1 -0.00796 | 2 4.998201e-04 -> 2 3.705826e-04 | 3 0.149213 -> 3 0.201560
  --> DIFFERENT (as expected)

=== synthetic 128x128 8f, 3x3 patches -- informational: two different modes, not a control: syn-fixed-off vs syn-fixed-on   [expect DIFFERENT] ===
  EQUAL   corrected_micrographs.star: STAR identical after normalising path tokens (25 lines compared, values included)
  DIFFER  synthetic_128x128_8frames.mrc: pixel payload DIFFERS: 16199/16384 px (98.871%), max|d|=6.21082, mean|d|=0.0410583, range=428.202, relmax=1.450e-02
  DIFFER  synthetic_128x128_8frames.star: STAR DIFFERS in 108/164 compared lines. e.g. 0 0.026903 -> 0 0.024578 | 1 -0.00893 -> 1 -0.00796 | 2 4.697862e-04 -> 2 3.705826e-04 | 3 0.187561 -> 3 0.201560
  --> DIFFERENT (as expected)

=== real movie 20170629_00026, 5x5 patches -- DEFAULT-OFF EXACTNESS CONTROL: mov-base-off vs mov-fixed-off   [expect EQUAL] ===
  EQUAL   20170629_00026_frameImage.mrc: pixel payload IDENTICAL (56955920 bytes, mode 2)
  EQUAL   20170629_00026_frameImage.star: STAR byte-identical (779 lines)
  EQUAL   corrected_micrographs.star: STAR identical after normalising path tokens (25 lines compared, values included)
  --> EQUAL (as expected)

=== real movie 20170629_00026, 5x5 patches -- INTENTIONAL OPTION-ON BUGFIX CHANGE: mov-base-on vs mov-fixed-on   [expect DIFFERENT] ===
  DIFFER  20170629_00026_frameImage.mrc: pixel payload DIFFERS: 14236598/14238980 px (99.983%), max|d|=22.5567, mean|d|=1.32428, range=51.4246, relmax=4.386e-01
  DIFFER  20170629_00026_frameImage.star: STAR DIFFERS in 611/779 compared lines. e.g. 0 0.136231 -> 0 0.187684 | 1 -0.00896 -> 1 -0.01334 | 2 2.462481e-04 -> 2 3.548301e-04 | 3 -0.74075 -> 3 -1.06312
  EQUAL   corrected_micrographs.star: STAR identical after normalising path tokens (25 lines compared, values included)
  --> DIFFERENT (as expected)

=== real movie 20170629_00026, 5x5 patches -- informational: two different modes, not a control: mov-fixed-off vs mov-fixed-on   [expect DIFFERENT] ===
  DIFFER  20170629_00026_frameImage.mrc: pixel payload DIFFERS: 14230161/14238980 px (99.938%), max|d|=11.6251, mean|d|=0.11809, range=50.5046, relmax=2.302e-01
  DIFFER  20170629_00026_frameImage.star: STAR DIFFERS in 635/779 compared lines. e.g. 0 0.187200 -> 0 0.187684 | 1 -0.01320 -> 1 -0.01334 | 2 3.486594e-04 -> 2 3.548301e-04 | 3 -1.05544 -> 3 -1.06312
  EQUAL   corrected_micrographs.star: STAR identical after normalising path tokens (25 lines compared, values included)
  --> DIFFERENT (as expected)

================ SUMMARY ================
  syn: option-OFF base vs fixed        as expected
  syn: option-ON  base vs fixed        as expected
  mov: option-OFF base vs fixed        as expected
  mov: option-ON  base vs fixed        as expected

GATE: PASS
compare exit=0

--- interference at end ---
    PID USER     %CPU PSR COMMAND
3534132 ubuntu    111  36 cc1plus
3534123 ubuntu    108  14 cc1plus
3534127 ubuntu    106  17 cc1plus
3534117 ubuntu    107  51 cc1plus
3534111 ubuntu    102  61 cc1plus
3534106 ubuntu    102  31 cc1plus
3533978 ubuntu    100   3 cc1plus
3533955 ubuntu    100  49 cc1plus
1156942 ubuntu   99.9   1 ctffind
1635429 ubuntu   99.9  11 ctffind
3527719 ubuntu   99.8  48 tiff_reader_ben
18.16 7.65 4.71 12/8016 3534135
STATUS=DONE
############ END 2026-09-28T15:29:24+00:00 ############
