normal predecessor eer-grouping 1 True
normal predecessor eer-upsampling 1 True
normal predecessor eer-upsampling-missing 1 True
normal predecessor eer-half 1 True
normal predecessor input 1 True
normal predecessor gain 1 True
normal predecessor defect 1 True
normal predecessor executable 1 True
normal fixed eer-grouping 0 True
normal fixed eer-upsampling 0 True
normal fixed eer-upsampling-missing 0 True
normal fixed eer-half 0 True
normal fixed input 0 True
normal fixed gain 0 True
normal fixed defect 0 True
normal fixed executable 0 True
optimized predecessor eer-grouping 1 True
optimized predecessor eer-upsampling 1 True
optimized predecessor eer-upsampling-missing 1 True
optimized predecessor eer-half 1 True
optimized predecessor input 1 True
optimized predecessor gain 1 True
optimized predecessor defect 1 True
optimized predecessor executable 1 True
optimized fixed eer-grouping 0 True
optimized fixed eer-upsampling 0 True
optimized fixed eer-upsampling-missing 0 True
optimized fixed eer-half 0 True
optimized fixed input 0 True
optimized fixed gain 0 True
optimized fixed defect 0 True
optimized fixed executable 0 True
