[  2%] Building CXX object CMakeFiles/motioncorr_core.dir/src/motioncorr_runner.cpp.o
[  2%] Building CXX object CMakeFiles/motioncorr_core.dir/src/micrograph_model.cpp.o
[  2%] Linking CXX static library libmotioncorr_core.a
[ 78%] Built target motioncorr_core
[ 79%] Building CXX object CMakeFiles/runner_numerics.dir/tests/test_runner_numerics.cpp.o
[ 80%] Building CXX object CMakeFiles/motioncorr.dir/src/apps/run_motioncorr.cpp.o
[ 82%] Building CXX object CMakeFiles/patch_retry_state.dir/tests/test_patch_retry_state.cpp.o
[ 82%] Building CXX object CMakeFiles/defect_parser.dir/tests/test_defect_parser.cpp.o
[ 83%] Linking CXX executable motioncorr
[ 83%] Built target motioncorr
[ 84%] Linking CXX executable image_write_faults
[ 85%] Linking CXX executable patch_retry_state
[ 85%] Built target image_write_faults
[ 86%] Linking CXX executable cuda_u16_staging_equivalence
[ 86%] Built target patch_retry_state
[ 87%] Linking CXX executable cuda_wrapper_upload_failure
[ 88%] Built target cuda_u16_staging_equivalence
[ 89%] Linking CXX executable cuda_fault_matrix
[ 90%] Linking CXX executable defect_parser
[ 91%] Built target cuda_wrapper_upload_failure
[ 92%] Building CXX object CMakeFiles/motioncorr_retry_caller.dir/src/apps/run_motioncorr.cpp.o
[ 93%] Built target cuda_fault_matrix
[ 94%] Building CXX object CMakeFiles/motioncorr_faultinject.dir/src/apps/run_motioncorr.cpp.o
[ 94%] Built target defect_parser
[ 95%] Linking CXX executable cuda_error_class
[ 95%] Built target cuda_error_class
[ 96%] Linking CXX executable runner_numerics
[ 96%] Built target runner_numerics
[ 97%] Linking CXX executable motioncorr_retry_caller
[ 98%] Linking CXX executable motioncorr_faultinject
[ 99%] Built target motioncorr_retry_caller
[100%] Built target motioncorr_faultinject
