[  2%] Building CXX object CMakeFiles/motioncorr_core.dir/src/motioncorr_runner.cpp.o
[  2%] Building CXX object CMakeFiles/motioncorr_core.dir/src/micrograph_model.cpp.o
[  3%] Linking CXX static library libmotioncorr_core.a
[ 79%] Built target motioncorr_core
[ 82%] Building CXX object CMakeFiles/runner_numerics.dir/tests/test_runner_numerics.cpp.o
[ 82%] Building CXX object CMakeFiles/patch_retry_state.dir/tests/test_patch_retry_state.cpp.o
[ 82%] Building CXX object CMakeFiles/motioncorr.dir/src/apps/run_motioncorr.cpp.o
[ 83%] Building CXX object CMakeFiles/defect_parser.dir/tests/test_defect_parser.cpp.o
[ 84%] Linking CXX executable motioncorr
[ 84%] Built target motioncorr
[ 85%] Linking CXX executable image_write_faults
[ 86%] Built target image_write_faults
[ 87%] Linking CXX executable cuda_wrapper_upload_failure
[ 88%] Linking CXX executable defect_parser
[ 89%] Built target cuda_wrapper_upload_failure
[ 90%] Linking CXX executable cuda_fault_matrix
[ 90%] Built target defect_parser
[ 91%] Building CXX object CMakeFiles/motioncorr_retry_caller.dir/src/apps/run_motioncorr.cpp.o
[ 92%] Built target cuda_fault_matrix
[ 93%] Building CXX object CMakeFiles/motioncorr_faultinject.dir/src/apps/run_motioncorr.cpp.o
[ 94%] Linking CXX executable patch_retry_state
[ 94%] Built target patch_retry_state
[ 95%] Linking CXX executable cuda_error_class
[ 95%] Built target cuda_error_class
[ 96%] Linking CXX executable motioncorr_retry_caller
[ 97%] Built target motioncorr_retry_caller
[ 98%] Linking CXX executable motioncorr_faultinject
[ 99%] Built target motioncorr_faultinject
[100%] Linking CXX executable runner_numerics
[100%] Built target runner_numerics
