[faultinject] cudaGetDeviceCount #1
Using CUDA acceleration on GPU device 0 for global alignment.
 Using our own implementation based on MOTIONCOR2 algorithm
 to correct beam-induced motion for the following micrographs: 
  * /home/alex/MotionCorr-standalone/relion30_tutorial/Movies/20170629_00021_frameImage.tiff
 Correcting beam-induced motions using our own implementation ...
000/??? sec ~~(,_,">                                                          [oo][faultinject] cudaGetDeviceCount #2
[faultinject] INJECTING cudaErrorIllegalAddress at cudaGetDeviceCount #2; last-error clean
in: /home/alex/mc-pr115-enumeration-20260929/src/src/motioncorr_runner.cpp, line 1493
ERROR: 
Fatal CUDA session initialization failure for /home/alex/MotionCorr-standalone/relion30_tutorial/Movies/20170629_00021_frameImage.tiff
=== Backtrace  ===
/home/alex/mc-pr115-enumeration-20260929/build/motioncorr_faultinject(+0x51e17) [0x5e9c505f0e17]
/home/alex/mc-pr115-enumeration-20260929/build/motioncorr_faultinject(+0x25d94) [0x5e9c505c4d94]
/home/alex/mc-pr115-enumeration-20260929/build/motioncorr_faultinject(+0x100830) [0x5e9c5069f830]
/home/alex/mc-pr115-enumeration-20260929/build/motioncorr_faultinject(+0x47cb3) [0x5e9c505e6cb3]
/lib/x86_64-linux-gnu/libc.so.6(+0x2a1ca) [0x793b3ae2a1ca]
/lib/x86_64-linux-gnu/libc.so.6(__libc_start_main+0x8b) [0x793b3ae2a28b]
/home/alex/mc-pr115-enumeration-20260929/build/motioncorr_faultinject(+0x48365) [0x5e9c505e7365]
==================
ERROR: 
Fatal CUDA session initialization failure for /home/alex/MotionCorr-standalone/relion30_tutorial/Movies/20170629_00021_frameImage.tiff
Continuing with the remaining movies.
   1/   1 sec ............................................................~~(,_,"> yum!
in: /home/alex/mc-pr115-enumeration-20260929/src/src/motioncorr_runner.cpp, line 697
ERROR: 
Motion correction failed for 1 movie(s): /home/alex/MotionCorr-standalone/relion30_tutorial/Movies/20170629_00021_frameImage.tiff. Successful per-movie outputs were retained; joint output was not generated.
=== Backtrace  ===
/home/alex/mc-pr115-enumeration-20260929/build/motioncorr_faultinject(+0x51e17) [0x5e9c505f0e17]
/home/alex/mc-pr115-enumeration-20260929/build/motioncorr_faultinject(+0x28dae) [0x5e9c505c7dae]
/home/alex/mc-pr115-enumeration-20260929/build/motioncorr_faultinject(+0x47cb3) [0x5e9c505e6cb3]
/lib/x86_64-linux-gnu/libc.so.6(+0x2a1ca) [0x793b3ae2a1ca]
/lib/x86_64-linux-gnu/libc.so.6(__libc_start_main+0x8b) [0x793b3ae2a28b]
/home/alex/mc-pr115-enumeration-20260929/build/motioncorr_faultinject(+0x48365) [0x5e9c505e7365]
==================
ERROR: 
Motion correction failed for 1 movie(s): /home/alex/MotionCorr-standalone/relion30_tutorial/Movies/20170629_00021_frameImage.tiff. Successful per-movie outputs were retained; joint output was not generated.
[faultinject] remaining-owned=0 stale-releases=0
