Using CUDA acceleration on GPU device 0 for global alignment.
 Using our own implementation based on MOTIONCOR2 algorithm
 to correct beam-induced motion for the following micrographs: 
  * Movies/20170629_00021_frameImage.tiff
 Correcting beam-induced motions using our own implementation ...
000/??? sec ~~(,_,">                                                          [oo][u16fault] stage-alloc-request size=28477960
[u16fault] stage-alloc-ok ptr=0x71b708000000 size=28477960
[u16fault] stage-h2d-ok size=28477960
[u16fault] injected post-launch conversion status: cudaErrorIllegalAddress
[u16fault] stage-free-request ptr=0x71b708000000
[u16fault] stage-free-ok ptr=0x71b708000000
in: /home/alex/mc118-preprocess-20260929T1311/source/src/motioncorr_runner.cpp, line 1575
ERROR: 
CUDA device became unusable during gain and sum preprocessing for Movies/20170629_00021_frameImage.tiff: an illegal memory access was encountered (recorded at applyGainDefectsAndSumU16:533). First failure at applyGainDefectsAndSumU16:533. Refusing CPU fallback after a fatal device error.
=== Backtrace  ===
/home/alex/mc118-preprocess-20260929T1311/build/motioncorr_faultinject(_ZN11RelionErrorC2ERKNSt7__cxx1112basic_stringIcSt11char_traitsIcESaIcEEES7_l+0x77) [0x59cd4be4c417]
/home/alex/mc118-preprocess-20260929T1311/build/motioncorr_faultinject(+0x3fe57) [0x59cd4be14e57]
/home/alex/mc118-preprocess-20260929T1311/build/motioncorr_faultinject(_ZN16MotioncorrRunner26executeOwnMotionCorrectionER10Micrographi+0x5db3) [0x59cd4befbf23]
/home/alex/mc118-preprocess-20260929T1311/build/motioncorr_faultinject(_ZN16MotioncorrRunner3runEv+0x210) [0x59cd4bf01350]
/home/alex/mc118-preprocess-20260929T1311/build/motioncorr_faultinject(main+0x53) [0x59cd4be41683]
/lib/x86_64-linux-gnu/libc.so.6(+0x2a1ca) [0x71b827e2a1ca]
/lib/x86_64-linux-gnu/libc.so.6(__libc_start_main+0x8b) [0x71b827e2a28b]
/home/alex/mc118-preprocess-20260929T1311/build/motioncorr_faultinject(_start+0x25) [0x59cd4be41d65]
==================
ERROR: 
CUDA device became unusable during gain and sum preprocessing for Movies/20170629_00021_frameImage.tiff: an illegal memory access was encountered (recorded at applyGainDefectsAndSumU16:533). First failure at applyGainDefectsAndSumU16:533. Refusing CPU fallback after a fatal device error.
Continuing with the remaining movies.
   1/   1 sec ............................................................~~(,_,"> yum!
in: /home/alex/mc118-preprocess-20260929T1311/source/src/motioncorr_runner.cpp, line 700
ERROR: 
Motion correction failed for 1 movie(s): Movies/20170629_00021_frameImage.tiff. Successful per-movie outputs were retained; joint output was not generated.
=== Backtrace  ===
/home/alex/mc118-preprocess-20260929T1311/build/motioncorr_faultinject(_ZN11RelionErrorC2ERKNSt7__cxx1112basic_stringIcSt11char_traitsIcESaIcEEES7_l+0x77) [0x59cd4be4c417]
/home/alex/mc118-preprocess-20260929T1311/build/motioncorr_faultinject(+0x4dc97) [0x59cd4be22c97]
/home/alex/mc118-preprocess-20260929T1311/build/motioncorr_faultinject(main+0x53) [0x59cd4be41683]
/lib/x86_64-linux-gnu/libc.so.6(+0x2a1ca) [0x71b827e2a1ca]
/lib/x86_64-linux-gnu/libc.so.6(__libc_start_main+0x8b) [0x71b827e2a28b]
/home/alex/mc118-preprocess-20260929T1311/build/motioncorr_faultinject(_start+0x25) [0x59cd4be41d65]
==================
ERROR: 
Motion correction failed for 1 movie(s): Movies/20170629_00021_frameImage.tiff. Successful per-movie outputs were retained; joint output was not generated.
[faultinject] remaining-owned=0 stale-releases=0
