=== 2026-09-25T00:01:24Z affinity=96-103 nproc=8
=== CONTROLS skipped (already recorded)
settle wait: 0s (compilers=0 load1=0.88)
=== PHASE 2 paired n=6
RESULT,pair1,MC_first,motioncorr,0:40.61,238%,1763832,0,rc=0,outputs=24,OK,foreign=6.1/10.2/37
RESULT,pair1,MC_first,motioncor3_stock,1:13.45,151%,9058664,0,rc=0,outputs=24,OK,foreign=7.9/132.1/68
RESULT,pair2,MC3_first,motioncor3_stock,1:17.49,147%,9170920,0,rc=0,outputs=24,OK,foreign=7.8/136.3/72
RESULT,pair2,MC3_first,motioncorr,0:42.40,235%,1763032,0,rc=0,outputs=24,OK,foreign=5.9/6.8/39
RESULT,pair3,MC_first,motioncorr,0:40.78,240%,1763492,0,rc=0,outputs=24,OK,foreign=6.2/9.8/38
RESULT,pair3,MC_first,motioncor3_stock,1:12.86,154%,9746544,0,rc=0,outputs=24,OK,foreign=16.4/459.3/68
RESULT,pair4,MC3_first,motioncor3_stock,1:14.22,151%,9722580,0,rc=0,outputs=24,OK,foreign=6.1/8.9/69
RESULT,pair4,MC3_first,motioncorr,0:41.98,241%,1763496,0,rc=0,outputs=24,OK,foreign=6.5/7.8/39
RESULT,pair5,MC_first,motioncorr,0:41.37,238%,1763700,0,rc=0,outputs=24,OK,foreign=6.4/10.2/39
RESULT,pair5,MC_first,motioncor3_stock,1:12.35,155%,9730800,0,rc=0,outputs=24,OK,foreign=8.6/125.3/67
RESULT,pair6,MC3_first,motioncor3_stock,1:13.48,153%,9755632,0,rc=0,outputs=24,OK,foreign=11.8/342.9/69
RESULT,pair6,MC3_first,motioncorr,0:43.87,238%,1763328,0,rc=0,outputs=24,OK,foreign=310.5/594.3/40
=== PHASE 3 variants n=4
RESULT,rep1,motioncorr_skip_logfile,0:40.58,252%,1763584,0,rc=0,outputs=24,OK,foreign=654.3/788.8/37
RESULT,rep1,motioncor3_o3host,1:08.65,157%,9094744,0,rc=0,outputs=24,OK,foreign=704.1/880.4/63
RESULT,rep2,motioncorr_skip_logfile,0:40.85,251%,1763432,0,rc=0,outputs=24,OK,foreign=721.5/898.8/38
RESULT,rep2,motioncor3_o3host,1:11.08,154%,10392092,0,rc=0,outputs=24,OK,foreign=723.9/727.2/66
RESULT,rep3,motioncorr_skip_logfile,0:40.74,251%,1763972,0,rc=0,outputs=24,OK,foreign=729.0/733.2/37
RESULT,rep3,motioncor3_o3host,1:11.26,152%,8495980,0,rc=0,outputs=24,OK,foreign=733.8/847.0/66
RESULT,rep4,motioncorr_skip_logfile,0:40.49,259%,1763452,0,rc=0,outputs=24,OK,foreign=734.6/735.2/37
RESULT,rep4,motioncor3_o3host,1:11.10,157%,9170192,0,rc=0,outputs=24,OK,foreign=738.4/864.0/66
=== DONE 2026-09-25T00:20:52Z load=9.86 8.26 4.98 10/3927 3981020
