[2026-09-28T07:47:23.591254569Z] preflight ok: nvcc=Build cuda_12.8.r12.8/compiler.35404655_0
[2026-09-28T07:47:23.609505793Z] === build (inside the allocation, so nothing else perturbs it) ===
[2026-09-28T07:47:27.205096975Z] configure rc=0
[2026-09-28T07:47:28.891251173Z] build rc=0
[2026-09-28T07:47:29.093375798Z] === correctness: prefetch off vs on, 24 movies ===
[2026-09-28T07:49:13.901581872Z] correctness_off exit=0 wall=104.4s
[2026-09-28T07:51:05.266545431Z] correctness_on exit=0 wall=111.0s
[2026-09-28T07:51:05.284704246Z] === exact same-backend comparison ===
[2026-09-28T07:51:14.894880168Z] correctness comparison rc=0
MRC payloads identical:            72/72
normalized headers identical:      72/72
STAR artifacts identical:          25/25
total pixels compared:             2759049984 bytes
PROBLEMS: none
[2026-09-28T07:51:14.956110980Z] === paired timings, arm order alternating, 3 pairs ===
[2026-09-28T07:53:02.888674650Z] pair1_first_off exit=0 wall=107.6s
[2026-09-28T07:54:51.513796854Z] pair1_second_on exit=0 wall=108.2s
[2026-09-28T07:56:33.596323246Z] pair2_first_on exit=0 wall=101.6s
[2026-09-28T07:58:10.071560442Z] pair2_second_off exit=0 wall=96.1s
[2026-09-28T07:59:47.947033309Z] pair3_first_off exit=0 wall=97.3s
[2026-09-28T08:01:26.679543412Z] pair3_second_on exit=0 wall=98.4s
[2026-09-28T08:01:26.825160846Z] === timing summary (no verdict: n=3 is a screen) ===
1	pair1_first_off	107.555	3109312
1	pair1_second_on	108.232	5782488
2	pair2_first_on	101.555	5783328
2	pair2_second_off	96.093	3113172
3	pair3_first_off	97.333	3111648
3	pair3_second_on	98.351	5783660
[2026-09-28T08:01:26.856021063Z] === ALL DONE ===
