[2026-09-28T07:21:23.556744669Z] preflight ok: nvcc=Build cuda_12.8.r12.8/compiler.35404655_0
[2026-09-28T07:21:23.574248668Z] === build (inside the allocation, so nothing else perturbs it) ===
[2026-09-28T07:21:27.539908518Z] configure rc=0
[2026-09-28T07:21:29.648571511Z] build rc=0
[2026-09-28T07:21:30.047596036Z] === correctness: prefetch off vs on, 24 movies ===
[2026-09-28T07:24:34.110933002Z] correctness_off exit=0 wall=183.7s
[2026-09-28T07:27:37.659797339Z] correctness_on exit=0 wall=183.2s
[2026-09-28T07:27:37.678270670Z] === exact same-backend comparison ===
[2026-09-28T07:27:47.865900604Z] correctness comparison rc=0
MRC payloads identical:            72/72
normalized headers identical:      72/72
STAR artifacts identical:          25/25
total pixels compared:             2759049984 bytes
PROBLEMS: none
[2026-09-28T07:27:47.919295539Z] === paired timings, arm order alternating, 3 pairs ===
[2026-09-28T07:30:39.408981345Z] pair1_first_off exit=0 wall=171.1s
[2026-09-28T07:33:44.560458379Z] pair1_second_on exit=0 wall=184.8s
[2026-09-28T07:36:44.262718078Z] pair2_first_on exit=0 wall=179.2s
[2026-09-28T07:39:35.444889809Z] pair2_second_off exit=0 wall=170.8s
[2026-09-28T07:42:27.682623118Z] pair3_first_off exit=0 wall=171.7s
[2026-09-28T07:45:28.194690591Z] pair3_second_on exit=0 wall=180.1s
[2026-09-28T07:45:28.344862565Z] === timing summary (no verdict: n=3 is a screen) ===
1	pair1_first_off	171.074	3112624
1	pair1_second_on	184.759	5782300
2	pair2_first_on	179.161	5782592
2	pair2_second_off	170.777	3105920
3	pair3_first_off	171.715	3116292
3	pair3_second_on	180.098	5776164
[2026-09-28T07:45:28.384294119Z] === ALL DONE ===
