[  1%] Building CXX object CMakeFiles/motioncorr_core.dir/src/motioncorr_runner.cpp.o
[  2%] Linking CXX static library libmotioncorr_core.a
[ 79%] Built target motioncorr_core
[ 83%] Linking CXX executable defect_parser
[ 83%] Linking CXX executable runner_numerics
[ 83%] Linking CXX executable motioncorr
[ 83%] Linking CXX executable patch_retry_state
[ 84%] Built target patch_retry_state
[ 85%] Linking CXX executable image_write_faults
[ 86%] Built target defect_parser
[ 87%] Linking CXX executable cuda_wrapper_upload_failure
[ 88%] Built target runner_numerics
[ 89%] Built target motioncorr
[ 90%] Linking CXX executable motioncorr_retry_caller
[ 91%] Linking CXX executable cuda_fault_matrix
[ 92%] Built target image_write_faults
[ 93%] Linking CXX executable motioncorr_faultinject
[ 94%] Built target cuda_wrapper_upload_failure
[ 95%] Linking CXX executable cuda_error_class
[ 95%] Built target cuda_error_class
[ 96%] Built target cuda_fault_matrix
[ 98%] Built target motioncorr_retry_caller
[100%] Built target motioncorr_faultinject
