Working on /home/alex/mc-pr115-ownership-20260929/resume-inputs/a.tiff with 4 thread(s).

Movie size: X = 512 Y = 512 N = 8
Frames to be used: 1 2 3 4 5 6 7 8
Frame grouping: n_frames = 8, requested group size = 1
 | 1 | 2 | 3 | 4 | 5 | 6 | 7 | 8 | 
interpolate_shifts = 0

Movie FFT: batch=1 R2C work=1052672 C2R work=1052672 shared work=1052672 inverse tile=1052672 bytes
WARNING: Gaussian hot-pixel replacement needs host statistics; using the original host scan.
In unaligned sum, Mean = 260.476 Std = 56.4468 Hotpixel threshold = 599.157
Detected 391 hot pixels to be corrected.
Fixed hot pixels.
Computing full-frame Fourier transforms (CUDA in-VRAM)...

Global alignment:
 Iteration 1: RMSD = 4.80723 px
 Iteration 2: RMSD = 0.654663 px
 Iteration 3: RMSD = 0.0912295 px
 [CUDA Global Alignment Profile]
   Host-to-Device transfer time: 0.00 ms (Resident VRAM)
   Custom kernel execution time: 0.18 ms
   cuFFT execution time:         0.06 ms
   Device-to-Host transfer time: 0.14 ms
   Total GPU alignment time:     2.15 ms
   Buffer VRAM:                  10.51 MiB
   cuFFT workspace VRAM:         1.14 MiB
   Peak GPU memory allocated:    11.64 MiB
 [CUDA Global Alignment] completed; converged=yes
Reconstructing globally aligned frames (CUDA in-VRAM)...

Local alignments:
Patches: X = 3 Y = 3
Patch (1, 1): 1 / 9, X range = [0, 170), Y range = [0, 170), Center = (84, 84)
 Iteration 1: RMSD = 0.13 px
 [CUDA Patch Alignment Profile]
   Host-to-Device transfer time: 0.00 ms (Resident VRAM)
   Custom kernel execution time: 0.04 ms
   cuFFT execution time:         0.03 ms
   Device-to-Host transfer time: 0.05 ms
   Total GPU alignment time:     2.14 ms
   Buffer VRAM:                  2.83 MiB
   cuFFT workspace VRAM:         0.89 MiB
   Peak GPU memory allocated:    3.73 MiB
 [CUDA Patch Alignment] completed; converged=yes
Patch (1, 2): 2 / 9, X range = [170, 340), Y range = [0, 170), Center = (254, 84)
 Iteration 1: RMSD = 0.08 px
 [CUDA Patch Alignment Profile]
   Host-to-Device transfer time: 0.00 ms (Resident VRAM)
   Custom kernel execution time: 0.04 ms
   cuFFT execution time:         0.03 ms
   Device-to-Host transfer time: 0.05 ms
   Total GPU alignment time:     2.29 ms
   Buffer VRAM:                  2.83 MiB
   cuFFT workspace VRAM:         0.89 MiB
   Peak GPU memory allocated:    3.73 MiB
 [CUDA Patch Alignment] completed; converged=yes
Patch (1, 3): 3 / 9, X range = [340, 510), Y range = [0, 170), Center = (424, 84)
 Iteration 1: RMSD = 0.07 px
 [CUDA Patch Alignment Profile]
   Host-to-Device transfer time: 0.00 ms (Resident VRAM)
   Custom kernel execution time: 0.04 ms
   cuFFT execution time:         0.03 ms
   Device-to-Host transfer time: 0.05 ms
   Total GPU alignment time:     2.05 ms
   Buffer VRAM:                  2.83 MiB
   cuFFT workspace VRAM:         0.89 MiB
   Peak GPU memory allocated:    3.73 MiB
 [CUDA Patch Alignment] completed; converged=yes
Patch (2, 1): 4 / 9, X range = [0, 170), Y range = [170, 340), Center = (84, 254)
 Iteration 1: RMSD = 0.13 px
 [CUDA Patch Alignment Profile]
   Host-to-Device transfer time: 0.00 ms (Resident VRAM)
   Custom kernel execution time: 0.05 ms
   cuFFT execution time:         0.03 ms
   Device-to-Host transfer time: 0.05 ms
   Total GPU alignment time:     2.00 ms
   Buffer VRAM:                  2.83 MiB
   cuFFT workspace VRAM:         0.89 MiB
   Peak GPU memory allocated:    3.73 MiB
 [CUDA Patch Alignment] completed; converged=yes
Patch (2, 2): 5 / 9, X range = [170, 340), Y range = [170, 340), Center = (254, 254)
 Iteration 1: RMSD = 0.06 px
 [CUDA Patch Alignment Profile]
   Host-to-Device transfer time: 0.00 ms (Resident VRAM)
   Custom kernel execution time: 0.04 ms
   cuFFT execution time:         0.03 ms
   Device-to-Host transfer time: 0.05 ms
   Total GPU alignment time:     1.99 ms
   Buffer VRAM:                  2.83 MiB
   cuFFT workspace VRAM:         0.89 MiB
   Peak GPU memory allocated:    3.73 MiB
 [CUDA Patch Alignment] completed; converged=yes
Patch (2, 3): 6 / 9, X range = [340, 510), Y range = [170, 340), Center = (424, 254)
 Iteration 1: RMSD = 0.16 px
 [CUDA Patch Alignment Profile]
   Host-to-Device transfer time: 0.00 ms (Resident VRAM)
   Custom kernel execution time: 0.04 ms
   cuFFT execution time:         0.03 ms
   Device-to-Host transfer time: 0.05 ms
   Total GPU alignment time:     2.03 ms
   Buffer VRAM:                  2.83 MiB
   cuFFT workspace VRAM:         0.89 MiB
   Peak GPU memory allocated:    3.73 MiB
 [CUDA Patch Alignment] completed; converged=yes
Patch (3, 1): 7 / 9, X range = [0, 170), Y range = [340, 510), Center = (84, 424)
 Iteration 1: RMSD = 0.08 px
 [CUDA Patch Alignment Profile]
   Host-to-Device transfer time: 0.00 ms (Resident VRAM)
   Custom kernel execution time: 0.04 ms
   cuFFT execution time:         0.03 ms
   Device-to-Host transfer time: 0.05 ms
   Total GPU alignment time:     2.05 ms
   Buffer VRAM:                  2.83 MiB
   cuFFT workspace VRAM:         0.89 MiB
   Peak GPU memory allocated:    3.73 MiB
 [CUDA Patch Alignment] completed; converged=yes
Patch (3, 2): 8 / 9, X range = [170, 340), Y range = [340, 510), Center = (254, 424)
 Iteration 1: RMSD = 0.12 px
 [CUDA Patch Alignment Profile]
   Host-to-Device transfer time: 0.00 ms (Resident VRAM)
   Custom kernel execution time: 0.05 ms
   cuFFT execution time:         0.03 ms
   Device-to-Host transfer time: 0.05 ms
   Total GPU alignment time:     2.00 ms
   Buffer VRAM:                  2.83 MiB
   cuFFT workspace VRAM:         0.89 MiB
   Peak GPU memory allocated:    3.73 MiB
 [CUDA Patch Alignment] completed; converged=yes
Patch (3, 3): 9 / 9, X range = [340, 510), Y range = [340, 510), Center = (424, 424)
 Iteration 1: RMSD = 0.13 px
 [CUDA Patch Alignment Profile]
   Host-to-Device transfer time: 0.00 ms (Resident VRAM)
   Custom kernel execution time: 0.04 ms
   cuFFT execution time:         0.03 ms
   Device-to-Host transfer time: 0.05 ms
   Total GPU alignment time:     2.00 ms
   Buffer VRAM:                  2.83 MiB
   cuFFT workspace VRAM:         0.89 MiB
   Peak GPU memory allocated:    3.73 MiB
 [CUDA Patch Alignment] completed; converged=yes

Polynomial fit RMSD: X = 0.09 px Y = 0.04 px
Pre-exposure: = 0.00
Dose weighting and summing frames (CUDA in-VRAM)...
 [CUDA Dose-Weighted Reconstruction Profile (Resident VRAM)]
  Device: 0, Frames: 8, Size: 512x512
  Peak VRAM: 4.01 MiB
  Dose Weighting Kernel: 0.18 ms
  cuFFT C2R Execution:   0.22 ms
  Interpolation & Accum: 0.11 ms
  Total DW Reconstruction Time: 1.98 ms
Written aligned and dose-weighted sum to /home/alex/mc-pr115-ownership-20260929/resume-work2//home/alex/mc-pr115-ownership-20260929/resume-inputs/a.mrc
Full movie wall time: 0.205 s
