[  1%] Building CXX object CMakeFiles/deflate_layout.dir/tests/test_deflate_layout.cpp.o
[  3%] Building CXX object CMakeFiles/motioncorr_core.dir/src/CPlot2D.cpp.o
[  3%] Building CXX object CMakeFiles/scratch_arena.dir/tests/test_scratch_arena.cpp.o
[  3%] Building CXX object CMakeFiles/defect_neighbours.dir/tests/test_defect_neighbours.cpp.o
[  4%] Linking CXX executable scratch_arena
[  5%] Linking CXX executable deflate_layout
[  5%] Built target scratch_arena
[  5%] Linking CXX executable defect_neighbours
[  6%] Building CXX object CMakeFiles/motioncorr_core.dir/src/args.cpp.o
[  6%] Built target deflate_layout
[  7%] Building CXX object CMakeFiles/motioncorr_core.dir/src/backprojector.cpp.o
[  7%] Built target defect_neighbours
[  8%] Building CXX object CMakeFiles/motioncorr_core.dir/src/complex.cpp.o
[  9%] Building CXX object CMakeFiles/motioncorr_core.dir/src/ctf.cpp.o
[  9%] Building CXX object CMakeFiles/motioncorr_core.dir/src/error.cpp.o
[ 10%] Building CXX object CMakeFiles/motioncorr_core.dir/src/euler.cpp.o
[ 11%] Building CXX object CMakeFiles/motioncorr_core.dir/src/fftw.cpp.o
[ 12%] Building CXX object CMakeFiles/motioncorr_core.dir/src/filename.cpp.o
[ 13%] Building CXX object CMakeFiles/motioncorr_core.dir/src/funcs.cpp.o
[ 13%] Building CXX object CMakeFiles/motioncorr_core.dir/src/image.cpp.o
[ 14%] Building C object CMakeFiles/motioncorr_core.dir/src/jaz/d3x3/dsyev2.c.o
[ 15%] Building CXX object CMakeFiles/motioncorr_core.dir/src/jaz/image/radial_avg.cpp.o
[ 16%] Building CXX object CMakeFiles/motioncorr_core.dir/src/jaz/image/resampling.cpp.o
[ 16%] Building CXX object CMakeFiles/motioncorr_core.dir/src/jaz/image/stack_helper.cpp.o
[ 17%] Building CXX object CMakeFiles/motioncorr_core.dir/src/jaz/math/Zernike.cpp.o
[ 18%] Building CXX object CMakeFiles/motioncorr_core.dir/src/jaz/math/fft.cpp.o
[ 19%] Building CXX object CMakeFiles/motioncorr_core.dir/src/jaz/math/t_complex.cpp.o
[ 20%] Building CXX object CMakeFiles/motioncorr_core.dir/src/jaz/optics/damage.cpp.o
[ 20%] Building CXX object CMakeFiles/motioncorr_core.dir/src/jaz/optics/optics_data.cpp.o
[ 21%] Building CXX object CMakeFiles/motioncorr_core.dir/src/jaz/optimization/nelder_mead.cpp.o
[ 22%] Building CXX object CMakeFiles/motioncorr_core.dir/src/jaz/optimization/optimization.cpp.o
[ 23%] Building CXX object CMakeFiles/motioncorr_core.dir/src/jaz/single_particle/Fourier_helper.cpp.o
[ 23%] Building CXX object CMakeFiles/motioncorr_core.dir/src/jaz/single_particle/complex_io.cpp.o
[ 24%] Building CXX object CMakeFiles/motioncorr_core.dir/src/jaz/single_particle/ctf/tilt_helper.cpp.o
[ 25%] Building C object CMakeFiles/motioncorr_core.dir/src/jaz/single_particle/d3x3/dsyev2.c.o
[ 26%] Building C object CMakeFiles/motioncorr_core.dir/src/jaz/single_particle/d3x3/dsyevc3.c.o
[ 27%] Building C object CMakeFiles/motioncorr_core.dir/src/jaz/single_particle/d3x3/dsyevh3.c.o
[ 27%] Building C object CMakeFiles/motioncorr_core.dir/src/jaz/single_particle/d3x3/dsyevq3.c.o
[ 28%] Building C object CMakeFiles/motioncorr_core.dir/src/jaz/single_particle/d3x3/dsytrd3.c.o
[ 29%] Building CXX object CMakeFiles/motioncorr_core.dir/src/jaz/single_particle/image_log.cpp.o
[ 30%] Building CXX object CMakeFiles/motioncorr_core.dir/src/jaz/single_particle/img_proc/filter_helper.cpp.o
[ 30%] Building CXX object CMakeFiles/motioncorr_core.dir/src/jaz/single_particle/img_proc/image_op.cpp.o
[ 31%] Building CXX object CMakeFiles/motioncorr_core.dir/src/jaz/single_particle/interpolation.cpp.o
[ 32%] Building CXX object CMakeFiles/motioncorr_core.dir/src/jaz/single_particle/io/star_converter.cpp.o
[ 33%] Building CXX object CMakeFiles/motioncorr_core.dir/src/jaz/single_particle/jaz_config.cpp.o
[ 34%] Building CXX object CMakeFiles/motioncorr_core.dir/src/jaz/single_particle/new_ft.cpp.o
[ 34%] Building CXX object CMakeFiles/motioncorr_core.dir/src/jaz/single_particle/obs_model.cpp.o
[ 36%] Building CXX object CMakeFiles/motioncorr_core.dir/src/jaz/single_particle/resampling_helper.cpp.o
[ 36%] Building CXX object CMakeFiles/motioncorr_core.dir/src/jaz/single_particle/parallel_ft.cpp.o
[ 37%] Building CXX object CMakeFiles/motioncorr_core.dir/src/jaz/single_particle/slice_helper.cpp.o
[ 38%] Building CXX object CMakeFiles/motioncorr_core.dir/src/jaz/single_particle/stack_helper.cpp.o
[ 38%] Building CXX object CMakeFiles/motioncorr_core.dir/src/jaz/single_particle/t_complex.cpp.o
[ 39%] Building CXX object CMakeFiles/motioncorr_core.dir/src/jaz/single_particle/vtk_helper.cpp.o
[ 40%] Building CXX object CMakeFiles/motioncorr_core.dir/src/jaz/tomography/motion/Fourier_2D_deformation.cpp.o
[ 41%] Building CXX object CMakeFiles/motioncorr_core.dir/src/jaz/tomography/motion/linear_2D_deformation.cpp.o
[ 41%] Building CXX object CMakeFiles/motioncorr_core.dir/src/jaz/tomography/motion/modular_alignment/Fourier_2D_deformation_model.cpp.o
[ 42%] Building CXX object CMakeFiles/motioncorr_core.dir/src/jaz/tomography/motion/modular_alignment/linear_2D_deformation_model.cpp.o
[ 43%] Building CXX object CMakeFiles/motioncorr_core.dir/src/jaz/tomography/motion/modular_alignment/spline_2D_deformation_model.cpp.o
[ 44%] Building CXX object CMakeFiles/motioncorr_core.dir/src/jaz/tomography/motion/spline_2D_deformation.cpp.o
[ 45%] Building CXX object CMakeFiles/motioncorr_core.dir/src/jaz/tomography/motion/trajectory.cpp.o
[ 45%] Building CXX object CMakeFiles/motioncorr_core.dir/src/jaz/tomography/motion/trajectory_set.cpp.o
[ 46%] Building CXX object CMakeFiles/motioncorr_core.dir/src/jaz/tomography/particle_set.cpp.o
[ 47%] Building CXX object CMakeFiles/motioncorr_core.dir/src/jaz/tomography/projection_IO.cpp.o
[ 48%] Building CXX object CMakeFiles/motioncorr_core.dir/src/jaz/tomography/tomo_ctf_helper.cpp.o
[ 48%] Building CXX object CMakeFiles/motioncorr_core.dir/src/jaz/tomography/tomogram.cpp.o
[ 49%] Building CXX object CMakeFiles/motioncorr_core.dir/src/jaz/tomography/tomogram_set.cpp.o
[ 50%] Building CXX object CMakeFiles/motioncorr_core.dir/src/jaz/util/ansi_codes.cpp.o
[ 51%] Building CXX object CMakeFiles/motioncorr_core.dir/src/jaz/util/image_file_helper.cpp.o
[ 52%] Building CXX object CMakeFiles/motioncorr_core.dir/src/jaz/util/log.cpp.o
[ 52%] Building CXX object CMakeFiles/motioncorr_core.dir/src/jaz/util/zio.cpp.o
[ 53%] Building CXX object CMakeFiles/motioncorr_core.dir/src/mask.cpp.o
[ 54%] Building CXX object CMakeFiles/motioncorr_core.dir/src/matrix1d.cpp.o
[ 55%] Building CXX object CMakeFiles/motioncorr_core.dir/src/matrix2d.cpp.o
[ 55%] Building CXX object CMakeFiles/motioncorr_core.dir/src/memory.cpp.o
[ 56%] Building CXX object CMakeFiles/motioncorr_core.dir/src/metadata_container.cpp.o
[ 57%] Building CXX object CMakeFiles/motioncorr_core.dir/src/metadata_label.cpp.o
[ 58%] Building CXX object CMakeFiles/motioncorr_core.dir/src/metadata_table.cpp.o
[ 59%] Building CXX object CMakeFiles/motioncorr_core.dir/src/micrograph_model.cpp.o
[ 59%] Building CXX object CMakeFiles/motioncorr_core.dir/src/motioncorr_runner.cpp.o
[ 60%] Building CXX object CMakeFiles/motioncorr_core.dir/src/multidim_array.cpp.o
[ 61%] Building CXX object CMakeFiles/motioncorr_core.dir/src/numerical_recipes.cpp.o
[ 62%] Building CXX object CMakeFiles/motioncorr_core.dir/src/output_writer.cpp.o
In file included from /work4/scd/scarf1415/motioncorr/issue142-architecture-20261002/src/src/numerical_recipes.h:48,
                 from /work4/scd/scarf1415/motioncorr/issue142-architecture-20261002/src/src/numerical_recipes.cpp:49:
In function ‘void free_Tvector(T*&, int, int) [with T = double]’,
    inlined from ‘double brent(double, double, double, double (*)(double*, void*), void*, double, double*, int, double*, double*)’ at /work4/scd/scarf1415/motioncorr/issue142-architecture-20261002/src/src/numerical_recipes.cpp:594:25:
/work4/scd/scarf1415/motioncorr/issue142-architecture-20261002/src/src/memory.h:74:13: warning: ‘void free(void*)’ called on pointer ‘xt’ with nonzero offset 8 [-Wfree-nonheap-object]
   74 |         free((char*)(v + nl));
      |         ~~~~^~~~~~~~~~~~~~~~~
/work4/scd/scarf1415/motioncorr/issue142-architecture-20261002/src/src/numerical_recipes.cpp: In function ‘double brent(double, double, double, double (*)(double*, void*), void*, double, double*, int, double*, double*)’:
/work4/scd/scarf1415/motioncorr/issue142-architecture-20261002/src/src/numerical_recipes.cpp:579:13: note: declared here
  579 |     RFLOAT *xt=NULL;
      |             ^~
In file included from /work4/scd/scarf1415/motioncorr/issue142-architecture-20261002/src/src/numerical_recipes.h:48,
                 from /work4/scd/scarf1415/motioncorr/issue142-architecture-20261002/src/src/numerical_recipes.cpp:49:
In function ‘void free_Tvector(T*&, int, int) [with T = double]’,
    inlined from ‘void powell(double*, double*, int, double, int&, double&, double (*)(double*, void*), void*, bool)’ at /work4/scd/scarf1415/motioncorr/issue142-architecture-20261002/src/src/numerical_recipes.cpp:767:25:
/work4/scd/scarf1415/motioncorr/issue142-architecture-20261002/src/src/memory.h:74:13: warning: ‘void free(void*)’ called on pointer ‘xit’ with nonzero offset 8 [-Wfree-nonheap-object]
   74 |         free((char*)(v + nl));
      |         ~~~~^~~~~~~~~~~~~~~~~
/work4/scd/scarf1415/motioncorr/issue142-architecture-20261002/src/src/numerical_recipes.cpp: In function ‘void powell(double*, double*, int, double, int&, double&, double (*)(double*, void*), void*, bool)’:
/work4/scd/scarf1415/motioncorr/issue142-architecture-20261002/src/src/numerical_recipes.cpp:703:24: note: declared here
  703 |     RFLOAT *pt, *ptt, *xit;
      |                        ^~~
In file included from /work4/scd/scarf1415/motioncorr/issue142-architecture-20261002/src/src/numerical_recipes.h:48,
                 from /work4/scd/scarf1415/motioncorr/issue142-architecture-20261002/src/src/numerical_recipes.cpp:49:
In function ‘void free_Tvector(T*&, int, int) [with T = double]’,
    inlined from ‘void powell(double*, double*, int, double, int&, double&, double (*)(double*, void*), void*, bool)’ at /work4/scd/scarf1415/motioncorr/issue142-architecture-20261002/src/src/numerical_recipes.cpp:768:25:
/work4/scd/scarf1415/motioncorr/issue142-architecture-20261002/src/src/memory.h:74:13: warning: ‘void free(void*)’ called on pointer ‘ptt’ with nonzero offset 8 [-Wfree-nonheap-object]
   74 |         free((char*)(v + nl));
      |         ~~~~^~~~~~~~~~~~~~~~~
/work4/scd/scarf1415/motioncorr/issue142-architecture-20261002/src/src/numerical_recipes.cpp: In function ‘void powell(double*, double*, int, double, int&, double&, double (*)(double*, void*), void*, bool)’:
/work4/scd/scarf1415/motioncorr/issue142-architecture-20261002/src/src/numerical_recipes.cpp:703:18: note: declared here
  703 |     RFLOAT *pt, *ptt, *xit;
      |                  ^~~
In file included from /work4/scd/scarf1415/motioncorr/issue142-architecture-20261002/src/src/numerical_recipes.h:48,
                 from /work4/scd/scarf1415/motioncorr/issue142-architecture-20261002/src/src/numerical_recipes.cpp:49:
In function ‘void free_Tvector(T*&, int, int) [with T = double]’,
    inlined from ‘void powell(double*, double*, int, double, int&, double&, double (*)(double*, void*), void*, bool)’ at /work4/scd/scarf1415/motioncorr/issue142-architecture-20261002/src/src/numerical_recipes.cpp:769:25:
/work4/scd/scarf1415/motioncorr/issue142-architecture-20261002/src/src/memory.h:74:13: warning: ‘void free(void*)’ called on pointer ‘pt’ with nonzero offset 8 [-Wfree-nonheap-object]
   74 |         free((char*)(v + nl));
      |         ~~~~^~~~~~~~~~~~~~~~~
/work4/scd/scarf1415/motioncorr/issue142-architecture-20261002/src/src/numerical_recipes.cpp: In function ‘void powell(double*, double*, int, double, int&, double&, double (*)(double*, void*), void*, bool)’:
/work4/scd/scarf1415/motioncorr/issue142-architecture-20261002/src/src/numerical_recipes.cpp:703:13: note: declared here
  703 |     RFLOAT *pt, *ptt, *xit;
      |             ^~
[ 64%] Building CXX object CMakeFiles/motioncorr_core.dir/src/pipeline_control.cpp.o
[ 64%] Building CXX object CMakeFiles/motioncorr_core.dir/src/parallel.cpp.o
[ 64%] Building CXX object CMakeFiles/motioncorr_core.dir/src/projector.cpp.o
[ 65%] Building CXX object CMakeFiles/motioncorr_core.dir/src/renderEER.cpp.o
[ 66%] Building CXX object CMakeFiles/motioncorr_core.dir/src/strings.cpp.o
[ 66%] Building CXX object CMakeFiles/motioncorr_core.dir/src/symmetries.cpp.o
[ 67%] Building CXX object CMakeFiles/motioncorr_core.dir/src/tabfuncs.cpp.o
[ 68%] Building CXX object CMakeFiles/motioncorr_core.dir/src/time.cpp.o
[ 69%] Building CXX object CMakeFiles/motioncorr_core.dir/src/transformations.cpp.o
[ 70%] Building CXX object CMakeFiles/motioncorr_core.dir/macros.cpp.o
[ 70%] Building CUDA object CMakeFiles/motioncorr_core.dir/src/acc/cuda/cuda_alignpatch.cu.o
[ 71%] Building CUDA object CMakeFiles/motioncorr_core.dir/src/acc/cuda/cuda_realspace_dw.cu.o
[ 72%] Building CUDA object CMakeFiles/motioncorr_core.dir/src/acc/cuda/cuda_fft_prep.cu.o
/work4/scd/scarf1415/motioncorr/issue142-architecture-20261002/src/src/acc/cuda/cuda_fft_prep.cu(35): warning #550-D: variable "s_cached_bytes" was set but never used
  static size_t s_cached_bytes = 0;
                ^

Remark: The warnings can be suppressed with "-diag-suppress <warning-number>"

[ 73%] Building CUDA object CMakeFiles/motioncorr_core.dir/src/acc/cuda/cuda_movie_session.cu.o
/work4/scd/scarf1415/motioncorr/issue142-architecture-20261002/src/src/acc/cuda/cuda_movie_session.cu(184): warning #177-D: function "<unnamed>::adler32StripsKernel" was declared but never referenced
            void adler32StripsKernel(
                 ^

Remark: The warnings can be suppressed with "-diag-suppress <warning-number>"

[ 73%] Linking CXX static library libmotioncorr_core.a
[ 73%] Built target motioncorr_core
[ 77%] Building CXX object CMakeFiles/runner_numerics.dir/tests/test_runner_numerics.cpp.o
[ 77%] Building CXX object CMakeFiles/patch_retry_state.dir/tests/test_patch_retry_state.cpp.o
[ 77%] Building CUDA object CMakeFiles/movie_fft_bench.dir/tools/architecture/movie_fft_bench.cu.o
[ 77%] Building CXX object CMakeFiles/motioncorr.dir/src/apps/run_motioncorr.cpp.o
[ 78%] Linking CXX executable motioncorr
[ 78%] Built target motioncorr
[ 79%] Building CXX object CMakeFiles/defect_parser.dir/tests/test_defect_parser.cpp.o
[ 80%] Linking CXX executable patch_retry_state
[ 80%] Built target patch_retry_state
[ 81%] Building CXX object CMakeFiles/pdf_concat.dir/tests/test_pdf_concat.cpp.o
[ 81%] Linking CXX executable pdf_concat
[ 81%] Built target pdf_concat
[ 81%] Building CXX object CMakeFiles/image_write_faults.dir/tests/test_image_write_faults.cpp.o
[ 82%] Linking CXX executable defect_parser
[ 82%] Built target defect_parser
[ 82%] Building CXX object CMakeFiles/native_movie_staging.dir/tests/test_native_movie_staging.cpp.o
[ 83%] Linking CXX executable runner_numerics
[ 83%] Built target runner_numerics
[ 84%] Building CXX object CMakeFiles/cuda_u16_staging_equivalence.dir/tests/cuda_u16_staging_equivalence.cpp.o
[ 85%] Linking CXX executable native_movie_staging
[ 85%] Built target native_movie_staging
[ 86%] Building CXX object CMakeFiles/cuda_wrapper_upload_failure.dir/tests/cuda_wrapper_upload_failure.cpp.o
[ 86%] Linking CXX executable cuda_u16_staging_equivalence
[ 87%] Linking CXX executable image_write_faults
[ 88%] Linking CXX executable movie_fft_bench
[ 88%] Built target cuda_u16_staging_equivalence
[ 88%] Building CXX object CMakeFiles/cuda_fault_matrix.dir/tests/cuda_fault_matrix.cpp.o
[ 88%] Built target image_write_faults
[ 89%] Building CXX object CMakeFiles/cuda_patch_workspace.dir/tests/cuda_patch_workspace.cpp.o
[ 89%] Built target movie_fft_bench
[ 89%] Building CUDA object CMakeFiles/cuda_dose_normalization.dir/tests/cuda_dose_normalization.cpp.o
[ 90%] Linking CXX executable cuda_wrapper_upload_failure
[ 90%] Built target cuda_wrapper_upload_failure
[ 91%] Building CXX object CMakeFiles/motioncorr_retry_caller.dir/src/apps/run_motioncorr.cpp.o
[ 92%] Linking CXX executable cuda_patch_workspace
[ 92%] Built target cuda_patch_workspace
[ 93%] Building CXX object CMakeFiles/motioncorr_faultinject.dir/src/apps/run_motioncorr.cpp.o
[ 94%] Linking CXX executable cuda_fault_matrix
[ 94%] Built target cuda_fault_matrix
[ 95%] Building CXX object CMakeFiles/cuda_error_class.dir/tests/cuda_error_class.cpp.o
[ 95%] Building CXX object CMakeFiles/motioncorr_retry_caller.dir/tests/cuda_retry_caller_shim.cpp.o
[ 96%] Linking CXX executable cuda_error_class
[ 96%] Built target cuda_error_class
[ 97%] Building CXX object CMakeFiles/motioncorr_faultinject.dir/tests/cuda_fault_inject_shim.cpp.o
[ 98%] Linking CXX executable motioncorr_retry_caller
[ 99%] Linking CXX executable motioncorr_faultinject
[ 99%] Built target motioncorr_retry_caller
[ 99%] Built target motioncorr_faultinject
[100%] Linking CXX executable cuda_dose_normalization
[100%] Built target cuda_dose_normalization
